Archive member included to satisfy reference by file (symbol)

/usr/lib/gcc/arm-none-eabi/10.2.0/thumb/v7e-m/nofp/libgcc.a(_aeabi_uldivmod.o)
                              CMakeFiles/timer_motor.elf.dir/Drivers/STM32F4xx_HAL_Driver/Src/stm32f4xx_hal_rcc.c.obj (__aeabi_uldivmod)
/usr/lib/gcc/arm-none-eabi/10.2.0/thumb/v7e-m/nofp/libgcc.a(_udivmoddi4.o)
                              /usr/lib/gcc/arm-none-eabi/10.2.0/thumb/v7e-m/nofp/libgcc.a(_aeabi_uldivmod.o) (__udivmoddi4)
/usr/lib/gcc/arm-none-eabi/10.2.0/thumb/v7e-m/nofp/libgcc.a(_dvmd_tls.o)
                              /usr/lib/gcc/arm-none-eabi/10.2.0/thumb/v7e-m/nofp/libgcc.a(_aeabi_uldivmod.o) (__aeabi_ldiv0)
/usr/lib/gcc/arm-none-eabi/10.2.0/../../../../arm-none-eabi/lib/thumb/v7e-m/nofp/libg_nano.a(lib_a-atexit.o)
                              /usr/lib/gcc/arm-none-eabi/10.2.0/../../../../arm-none-eabi/lib/thumb/v7e-m/nofp/crt0.o (atexit)
/usr/lib/gcc/arm-none-eabi/10.2.0/../../../../arm-none-eabi/lib/thumb/v7e-m/nofp/libg_nano.a(lib_a-errno.o)
                              CMakeFiles/timer_motor.elf.dir/Core/Src/syscalls.c.obj (__errno)
/usr/lib/gcc/arm-none-eabi/10.2.0/../../../../arm-none-eabi/lib/thumb/v7e-m/nofp/libg_nano.a(lib_a-exit.o)
                              /usr/lib/gcc/arm-none-eabi/10.2.0/../../../../arm-none-eabi/lib/thumb/v7e-m/nofp/crt0.o (exit)
/usr/lib/gcc/arm-none-eabi/10.2.0/../../../../arm-none-eabi/lib/thumb/v7e-m/nofp/libg_nano.a(lib_a-fini.o)
                              /usr/lib/gcc/arm-none-eabi/10.2.0/../../../../arm-none-eabi/lib/thumb/v7e-m/nofp/crt0.o (__libc_fini_array)
/usr/lib/gcc/arm-none-eabi/10.2.0/../../../../arm-none-eabi/lib/thumb/v7e-m/nofp/libg_nano.a(lib_a-impure.o)
                              /usr/lib/gcc/arm-none-eabi/10.2.0/../../../../arm-none-eabi/lib/thumb/v7e-m/nofp/libg_nano.a(lib_a-exit.o) (_global_impure_ptr)
/usr/lib/gcc/arm-none-eabi/10.2.0/../../../../arm-none-eabi/lib/thumb/v7e-m/nofp/libg_nano.a(lib_a-init.o)
                              /usr/lib/gcc/arm-none-eabi/10.2.0/../../../../arm-none-eabi/lib/thumb/v7e-m/nofp/crt0.o (__libc_init_array)
/usr/lib/gcc/arm-none-eabi/10.2.0/../../../../arm-none-eabi/lib/thumb/v7e-m/nofp/libg_nano.a(lib_a-malloc.o)
                              CMakeFiles/timer_motor.elf.dir/Middlewares/ST/STM32_USB_Host_Library/Class/CDC/Src/usbh_cdc.c.obj (malloc)
/usr/lib/gcc/arm-none-eabi/10.2.0/../../../../arm-none-eabi/lib/thumb/v7e-m/nofp/libg_nano.a(lib_a-memset.o)
                              /usr/lib/gcc/arm-none-eabi/10.2.0/../../../../arm-none-eabi/lib/thumb/v7e-m/nofp/crt0.o (memset)
/usr/lib/gcc/arm-none-eabi/10.2.0/../../../../arm-none-eabi/lib/thumb/v7e-m/nofp/libg_nano.a(lib_a-nano-freer.o)
                              /usr/lib/gcc/arm-none-eabi/10.2.0/../../../../arm-none-eabi/lib/thumb/v7e-m/nofp/libg_nano.a(lib_a-malloc.o) (_free_r)
/usr/lib/gcc/arm-none-eabi/10.2.0/../../../../arm-none-eabi/lib/thumb/v7e-m/nofp/libg_nano.a(lib_a-nano-mallocr.o)
                              /usr/lib/gcc/arm-none-eabi/10.2.0/../../../../arm-none-eabi/lib/thumb/v7e-m/nofp/libg_nano.a(lib_a-malloc.o) (_malloc_r)
/usr/lib/gcc/arm-none-eabi/10.2.0/../../../../arm-none-eabi/lib/thumb/v7e-m/nofp/libg_nano.a(lib_a-sbrkr.o)
                              /usr/lib/gcc/arm-none-eabi/10.2.0/../../../../arm-none-eabi/lib/thumb/v7e-m/nofp/libg_nano.a(lib_a-nano-mallocr.o) (_sbrk_r)
/usr/lib/gcc/arm-none-eabi/10.2.0/../../../../arm-none-eabi/lib/thumb/v7e-m/nofp/libg_nano.a(lib_a-__atexit.o)
                              /usr/lib/gcc/arm-none-eabi/10.2.0/../../../../arm-none-eabi/lib/thumb/v7e-m/nofp/libg_nano.a(lib_a-atexit.o) (__register_exitproc)
/usr/lib/gcc/arm-none-eabi/10.2.0/../../../../arm-none-eabi/lib/thumb/v7e-m/nofp/libg_nano.a(lib_a-__call_atexit.o)
                              /usr/lib/gcc/arm-none-eabi/10.2.0/../../../../arm-none-eabi/lib/thumb/v7e-m/nofp/libg_nano.a(lib_a-__atexit.o) (__call_exitprocs)
/usr/lib/gcc/arm-none-eabi/10.2.0/../../../../arm-none-eabi/lib/thumb/v7e-m/nofp/libg_nano.a(lib_a-lock.o)
                              /usr/lib/gcc/arm-none-eabi/10.2.0/../../../../arm-none-eabi/lib/thumb/v7e-m/nofp/libg_nano.a(lib_a-__atexit.o) (__retarget_lock_acquire_recursive)
/usr/lib/gcc/arm-none-eabi/10.2.0/../../../../arm-none-eabi/lib/thumb/v7e-m/nofp/libg_nano.a(lib_a-mlock.o)
                              /usr/lib/gcc/arm-none-eabi/10.2.0/../../../../arm-none-eabi/lib/thumb/v7e-m/nofp/libg_nano.a(lib_a-nano-freer.o) (__malloc_lock)
/usr/lib/gcc/arm-none-eabi/10.2.0/../../../../arm-none-eabi/lib/thumb/v7e-m/nofp/libg_nano.a(lib_a-reent.o)
                              /usr/lib/gcc/arm-none-eabi/10.2.0/../../../../arm-none-eabi/lib/thumb/v7e-m/nofp/libg_nano.a(lib_a-sbrkr.o) (errno)

Allocating common symbols
Common symbol       size              file

__lock___atexit_recursive_mutex
                    0x1               /usr/lib/gcc/arm-none-eabi/10.2.0/../../../../arm-none-eabi/lib/thumb/v7e-m/nofp/libg_nano.a(lib_a-lock.o)
[...]
Memory Configuration

Name             Origin             Length             Attributes
RAM              0x0000000020000000 0x0000000000020000 xrw
FLASH            0x0000000008000000 0x0000000000080000 xr
*default*        0x0000000000000000 0xffffffffffffffff

Linker script and memory map

LOAD /usr/lib/gcc/arm-none-eabi/10.2.0/thumb/v7e-m/nofp/crti.o
LOAD /usr/lib/gcc/arm-none-eabi/10.2.0/thumb/v7e-m/nofp/crtbegin.o
LOAD /usr/lib/gcc/arm-none-eabi/10.2.0/../../../../arm-none-eabi/lib/thumb/v7e-m/nofp/crt0.o
LOAD CMakeFiles/timer_motor.elf.dir/Core/Src/gpio.c.obj
LOAD CMakeFiles/timer_motor.elf.dir/Core/Src/i2c.c.obj
LOAD CMakeFiles/timer_motor.elf.dir/Core/Src/i2s.c.obj
LOAD CMakeFiles/timer_motor.elf.dir/Core/Src/main.c.obj
LOAD CMakeFiles/timer_motor.elf.dir/Core/Src/spi.c.obj
LOAD CMakeFiles/timer_motor.elf.dir/Core/Src/stm32f4xx_hal_msp.c.obj
LOAD CMakeFiles/timer_motor.elf.dir/Core/Src/stm32f4xx_it.c.obj
LOAD CMakeFiles/timer_motor.elf.dir/Core/Src/syscalls.c.obj
LOAD CMakeFiles/timer_motor.elf.dir/Core/Src/system_stm32f4xx.c.obj
LOAD CMakeFiles/timer_motor.elf.dir/Core/Src/tim.c.obj
LOAD CMakeFiles/timer_motor.elf.dir/Drivers/STM32F4xx_HAL_Driver/Src/stm32f4xx_hal.c.obj
LOAD CMakeFiles/timer_motor.elf.dir/Drivers/STM32F4xx_HAL_Driver/Src/stm32f4xx_hal_cortex.c.obj
LOAD CMakeFiles/timer_motor.elf.dir/Drivers/STM32F4xx_HAL_Driver/Src/stm32f4xx_hal_dma.c.obj
LOAD CMakeFiles/timer_motor.elf.dir/Drivers/STM32F4xx_HAL_Driver/Src/stm32f4xx_hal_dma_ex.c.obj
LOAD CMakeFiles/timer_motor.elf.dir/Drivers/STM32F4xx_HAL_Driver/Src/stm32f4xx_hal_exti.c.obj
LOAD CMakeFiles/timer_motor.elf.dir/Drivers/STM32F4xx_HAL_Driver/Src/stm32f4xx_hal_flash.c.obj
LOAD CMakeFiles/timer_motor.elf.dir/Drivers/STM32F4xx_HAL_Driver/Src/stm32f4xx_hal_flash_ex.c.obj
LOAD CMakeFiles/timer_motor.elf.dir/Drivers/STM32F4xx_HAL_Driver/Src/stm32f4xx_hal_flash_ramfunc.c.obj
LOAD CMakeFiles/timer_motor.elf.dir/Drivers/STM32F4xx_HAL_Driver/Src/stm32f4xx_hal_gpio.c.obj
LOAD CMakeFiles/timer_motor.elf.dir/Drivers/STM32F4xx_HAL_Driver/Src/stm32f4xx_hal_hcd.c.obj
LOAD CMakeFiles/timer_motor.elf.dir/Drivers/STM32F4xx_HAL_Driver/Src/stm32f4xx_hal_i2c.c.obj
LOAD CMakeFiles/timer_motor.elf.dir/Drivers/STM32F4xx_HAL_Driver/Src/stm32f4xx_hal_i2c_ex.c.obj
LOAD CMakeFiles/timer_motor.elf.dir/Drivers/STM32F4xx_HAL_Driver/Src/stm32f4xx_hal_i2s.c.obj
LOAD CMakeFiles/timer_motor.elf.dir/Drivers/STM32F4xx_HAL_Driver/Src/stm32f4xx_hal_i2s_ex.c.obj
LOAD CMakeFiles/timer_motor.elf.dir/Drivers/STM32F4xx_HAL_Driver/Src/stm32f4xx_hal_pwr.c.obj
LOAD CMakeFiles/timer_motor.elf.dir/Drivers/STM32F4xx_HAL_Driver/Src/stm32f4xx_hal_pwr_ex.c.obj
LOAD CMakeFiles/timer_motor.elf.dir/Drivers/STM32F4xx_HAL_Driver/Src/stm32f4xx_hal_rcc.c.obj
LOAD CMakeFiles/timer_motor.elf.dir/Drivers/STM32F4xx_HAL_Driver/Src/stm32f4xx_hal_rcc_ex.c.obj
LOAD CMakeFiles/timer_motor.elf.dir/Drivers/STM32F4xx_HAL_Driver/Src/stm32f4xx_hal_spi.c.obj
LOAD CMakeFiles/timer_motor.elf.dir/Drivers/STM32F4xx_HAL_Driver/Src/stm32f4xx_hal_tim.c.obj
LOAD CMakeFiles/timer_motor.elf.dir/Drivers/STM32F4xx_HAL_Driver/Src/stm32f4xx_hal_tim_ex.c.obj
LOAD CMakeFiles/timer_motor.elf.dir/Drivers/STM32F4xx_HAL_Driver/Src/stm32f4xx_ll_usb.c.obj
LOAD CMakeFiles/timer_motor.elf.dir/Middlewares/ST/STM32_USB_Host_Library/Class/CDC/Src/usbh_cdc.c.obj
LOAD CMakeFiles/timer_motor.elf.dir/Middlewares/ST/STM32_USB_Host_Library/Core/Src/usbh_core.c.obj
LOAD CMakeFiles/timer_motor.elf.dir/Middlewares/ST/STM32_USB_Host_Library/Core/Src/usbh_ctlreq.c.obj
LOAD CMakeFiles/timer_motor.elf.dir/Middlewares/ST/STM32_USB_Host_Library/Core/Src/usbh_ioreq.c.obj
LOAD CMakeFiles/timer_motor.elf.dir/Middlewares/ST/STM32_USB_Host_Library/Core/Src/usbh_pipes.c.obj
LOAD CMakeFiles/timer_motor.elf.dir/USB_HOST/App/usb_host.c.obj
LOAD CMakeFiles/timer_motor.elf.dir/USB_HOST/Target/usbh_conf.c.obj
LOAD CMakeFiles/timer_motor.elf.dir/USB_HOST/Target/usbh_platform.c.obj
LOAD CMakeFiles/timer_motor.elf.dir/startup/startup_stm32f411xe.s.obj
START GROUP
LOAD /usr/lib/gcc/arm-none-eabi/10.2.0/thumb/v7e-m/nofp/libgcc.a
LOAD /usr/lib/gcc/arm-none-eabi/10.2.0/../../../../arm-none-eabi/lib/thumb/v7e-m/nofp/libg_nano.a
LOAD /usr/lib/gcc/arm-none-eabi/10.2.0/../../../../arm-none-eabi/lib/thumb/v7e-m/nofp/libc_nano.a
END GROUP
START GROUP
LOAD /usr/lib/gcc/arm-none-eabi/10.2.0/thumb/v7e-m/nofp/libgcc.a
LOAD /usr/lib/gcc/arm-none-eabi/10.2.0/../../../../arm-none-eabi/lib/thumb/v7e-m/nofp/libc_nano.a
LOAD /usr/lib/gcc/arm-none-eabi/10.2.0/../../../../arm-none-eabi/lib/thumb/v7e-m/nofp/libnosys.a
END GROUP
START GROUP
LOAD /usr/lib/gcc/arm-none-eabi/10.2.0/thumb/v7e-m/nofp/libgcc.a
LOAD /usr/lib/gcc/arm-none-eabi/10.2.0/../../../../arm-none-eabi/lib/thumb/v7e-m/nofp/libc_nano.a
LOAD /usr/lib/gcc/arm-none-eabi/10.2.0/../../../../arm-none-eabi/lib/thumb/v7e-m/nofp/libnosys.a
END GROUP
LOAD /usr/lib/gcc/arm-none-eabi/10.2.0/thumb/v7e-m/nofp/crtend.o
LOAD /usr/lib/gcc/arm-none-eabi/10.2.0/thumb/v7e-m/nofp/crtn.o
                0x0000000020020000                _estack = 0x20020000
                0x0000000000000200                _Min_Heap_Size = 0x200
                0x0000000000000400                _Min_Stack_Size = 0x400

.isr_vector     0x0000000008000000      0x198
                0x0000000008000000                . = ALIGN (0x4)
 *(.isr_vector)
 .isr_vector    0x0000000008000000      0x198 CMakeFiles/timer_motor.elf.dir/startup/startup_stm32f411xe.s.obj
                0x0000000008000000                g_pfnVectors
                0x0000000008000198                . = ALIGN (0x4)

.text           0x0000000008000198     0x9400
                0x0000000008000198                . = ALIGN (0x4)
 *(.text)
 .text          0x0000000008000198       0x30 /usr/lib/gcc/arm-none-eabi/10.2.0/thumb/v7e-m/nofp/libgcc.a(_aeabi_uldivmod.o)
                0x0000000008000198                __aeabi_uldivmod
 .text          0x00000000080001c8        0x4 /usr/lib/gcc/arm-none-eabi/10.2.0/thumb/v7e-m/nofp/libgcc.a(_dvmd_tls.o)
                0x00000000080001c8                __aeabi_ldiv0
                0x00000000080001c8                __aeabi_idiv0
 *(.text*)
 .text.__do_global_dtors_aux
                0x00000000080001cc       0x24 /usr/lib/gcc/arm-none-eabi/10.2.0/thumb/v7e-m/nofp/crtbegin.o
 .text.frame_dummy
                0x00000000080001f0       0x1c /usr/lib/gcc/arm-none-eabi/10.2.0/thumb/v7e-m/nofp/crtbegin.o
 .text.MX_GPIO_Init
                0x000000000800020c      0x1c0 CMakeFiles/timer_motor.elf.dir/Core/Src/gpio.c.obj
                0x000000000800020c                MX_GPIO_Init
 .text.MX_I2C1_Init
                0x00000000080003cc       0x5c CMakeFiles/timer_motor.elf.dir/Core/Src/i2c.c.obj
                0x00000000080003cc                MX_I2C1_Init
 .text.HAL_I2C_MspInit
                0x0000000008000428       0x90 CMakeFiles/timer_motor.elf.dir/Core/Src/i2c.c.obj
                0x0000000008000428                HAL_I2C_MspInit
 .text.MX_I2S2_Init
                0x00000000080004b8       0x5c CMakeFiles/timer_motor.elf.dir/Core/Src/i2s.c.obj
                0x00000000080004b8                MX_I2S2_Init
 .text.MX_I2S3_Init
                0x0000000008000514       0x60 CMakeFiles/timer_motor.elf.dir/Core/Src/i2s.c.obj
                0x0000000008000514                MX_I2S3_Init
 .text.HAL_I2S_MspInit
                0x0000000008000574      0x19c CMakeFiles/timer_motor.elf.dir/Core/Src/i2s.c.obj
                0x0000000008000574                HAL_I2S_MspInit
 .text.main     0x0000000008000710       0x2e CMakeFiles/timer_motor.elf.dir/Core/Src/main.c.obj
                0x0000000008000710                main
 *fill*         0x000000000800073e        0x2 
 .text.SystemClock_Config
                0x0000000008000740      0x108 CMakeFiles/timer_motor.elf.dir/Core/Src/main.c.obj
                0x0000000008000740                SystemClock_Config
 .text.Error_Handler
                0x0000000008000848        0xc CMakeFiles/timer_motor.elf.dir/Core/Src/main.c.obj
                0x0000000008000848                Error_Handler
 .text.assert_failed
                0x0000000008000854       0x14 CMakeFiles/timer_motor.elf.dir/Core/Src/main.c.obj
                0x0000000008000854                assert_failed
 .text.MX_SPI1_Init
                0x0000000008000868       0x6c CMakeFiles/timer_motor.elf.dir/Core/Src/spi.c.obj
                0x0000000008000868                MX_SPI1_Init
 .text.HAL_SPI_MspInit
                0x00000000080008d4       0x90 CMakeFiles/timer_motor.elf.dir/Core/Src/spi.c.obj
                0x00000000080008d4                HAL_SPI_MspInit
 .text.HAL_MspInit
                0x0000000008000964       0x50 CMakeFiles/timer_motor.elf.dir/Core/Src/stm32f4xx_hal_msp.c.obj
                0x0000000008000964                HAL_MspInit
 .text.NMI_Handler
                0x00000000080009b4        0xc CMakeFiles/timer_motor.elf.dir/Core/Src/stm32f4xx_it.c.obj
                0x00000000080009b4                NMI_Handler
 .text.HardFault_Handler
                0x00000000080009c0        0x6 CMakeFiles/timer_motor.elf.dir/Core/Src/stm32f4xx_it.c.obj
                0x00000000080009c0                HardFault_Handler
 .text.MemManage_Handler
                0x00000000080009c6        0x6 CMakeFiles/timer_motor.elf.dir/Core/Src/stm32f4xx_it.c.obj
                0x00000000080009c6                MemManage_Handler
 .text.BusFault_Handler
                0x00000000080009cc        0x6 CMakeFiles/timer_motor.elf.dir/Core/Src/stm32f4xx_it.c.obj
                0x00000000080009cc                BusFault_Handler
 .text.UsageFault_Handler
                0x00000000080009d2        0x6 CMakeFiles/timer_motor.elf.dir/Core/Src/stm32f4xx_it.c.obj
                0x00000000080009d2                UsageFault_Handler
 .text.SVC_Handler
                0x00000000080009d8        0xc CMakeFiles/timer_motor.elf.dir/Core/Src/stm32f4xx_it.c.obj
                0x00000000080009d8                SVC_Handler
 .text.DebugMon_Handler
                0x00000000080009e4        0xc CMakeFiles/timer_motor.elf.dir/Core/Src/stm32f4xx_it.c.obj
                0x00000000080009e4                DebugMon_Handler
 .text.PendSV_Handler
                0x00000000080009f0        0xc CMakeFiles/timer_motor.elf.dir/Core/Src/stm32f4xx_it.c.obj
                0x00000000080009f0                PendSV_Handler
 .text.SysTick_Handler
                0x00000000080009fc       0x9c CMakeFiles/timer_motor.elf.dir/Core/Src/stm32f4xx_it.c.obj
                0x00000000080009fc                SysTick_Handler
 .text.TIM1_UP_TIM10_IRQHandler
                0x0000000008000a98       0x14 CMakeFiles/timer_motor.elf.dir/Core/Src/stm32f4xx_it.c.obj
                0x0000000008000a98                TIM1_UP_TIM10_IRQHandler
 .text.OTG_FS_IRQHandler
                0x0000000008000aac       0x14 CMakeFiles/timer_motor.elf.dir/Core/Src/stm32f4xx_it.c.obj
                0x0000000008000aac                OTG_FS_IRQHandler
 .text._sbrk    0x0000000008000ac0       0x58 CMakeFiles/timer_motor.elf.dir/Core/Src/syscalls.c.obj
                0x0000000008000ac0                _sbrk
 .text.SystemInit
                0x0000000008000b18       0x18 CMakeFiles/timer_motor.elf.dir/Core/Src/system_stm32f4xx.c.obj
                0x0000000008000b18                SystemInit
 .text.MX_TIM1_Init
                0x0000000008000b30       0xa4 CMakeFiles/timer_motor.elf.dir/Core/Src/tim.c.obj
                0x0000000008000b30                MX_TIM1_Init
 .text.HAL_TIM_Base_MspInit
                0x0000000008000bd4       0x50 CMakeFiles/timer_motor.elf.dir/Core/Src/tim.c.obj
                0x0000000008000bd4                HAL_TIM_Base_MspInit
 .text.HAL_Init
                0x0000000008000c24       0x44 CMakeFiles/timer_motor.elf.dir/Drivers/STM32F4xx_HAL_Driver/Src/stm32f4xx_hal.c.obj
                0x0000000008000c24                HAL_Init
 .text.HAL_InitTick
                0x0000000008000c68       0x60 CMakeFiles/timer_motor.elf.dir/Drivers/STM32F4xx_HAL_Driver/Src/stm32f4xx_hal.c.obj
                0x0000000008000c68                HAL_InitTick
 .text.HAL_IncTick
                0x0000000008000cc8       0x24 CMakeFiles/timer_motor.elf.dir/Drivers/STM32F4xx_HAL_Driver/Src/stm32f4xx_hal.c.obj
                0x0000000008000cc8                HAL_IncTick
 .text.HAL_GetTick
                0x0000000008000cec       0x14 CMakeFiles/timer_motor.elf.dir/Drivers/STM32F4xx_HAL_Driver/Src/stm32f4xx_hal.c.obj
                0x0000000008000cec                HAL_GetTick
 .text.HAL_Delay
                0x0000000008000d00       0x48 CMakeFiles/timer_motor.elf.dir/Drivers/STM32F4xx_HAL_Driver/Src/stm32f4xx_hal.c.obj
                0x0000000008000d00                HAL_Delay
 .text.__NVIC_SetPriorityGrouping
                0x0000000008000d48       0x48 CMakeFiles/timer_motor.elf.dir/Drivers/STM32F4xx_HAL_Driver/Src/stm32f4xx_hal_cortex.c.obj
 .text.__NVIC_GetPriorityGrouping
                0x0000000008000d90       0x1c CMakeFiles/timer_motor.elf.dir/Drivers/STM32F4xx_HAL_Driver/Src/stm32f4xx_hal_cortex.c.obj
 .text.__NVIC_EnableIRQ
                0x0000000008000dac       0x38 CMakeFiles/timer_motor.elf.dir/Drivers/STM32F4xx_HAL_Driver/Src/stm32f4xx_hal_cortex.c.obj
 .text.__NVIC_SetPriority
                0x0000000008000de4       0x54 CMakeFiles/timer_motor.elf.dir/Drivers/STM32F4xx_HAL_Driver/Src/stm32f4xx_hal_cortex.c.obj
 .text.NVIC_EncodePriority
                0x0000000008000e38       0x64 CMakeFiles/timer_motor.elf.dir/Drivers/STM32F4xx_HAL_Driver/Src/stm32f4xx_hal_cortex.c.obj
 .text.SysTick_Config
                0x0000000008000e9c       0x44 CMakeFiles/timer_motor.elf.dir/Drivers/STM32F4xx_HAL_Driver/Src/stm32f4xx_hal_cortex.c.obj
 .text.HAL_NVIC_SetPriorityGrouping
                0x0000000008000ee0       0x40 CMakeFiles/timer_motor.elf.dir/Drivers/STM32F4xx_HAL_Driver/Src/stm32f4xx_hal_cortex.c.obj
                0x0000000008000ee0                HAL_NVIC_SetPriorityGrouping
 .text.HAL_NVIC_SetPriority
                0x0000000008000f20       0x58 CMakeFiles/timer_motor.elf.dir/Drivers/STM32F4xx_HAL_Driver/Src/stm32f4xx_hal_cortex.c.obj
                0x0000000008000f20                HAL_NVIC_SetPriority
 .text.HAL_NVIC_EnableIRQ
                0x0000000008000f78       0x30 CMakeFiles/timer_motor.elf.dir/Drivers/STM32F4xx_HAL_Driver/Src/stm32f4xx_hal_cortex.c.obj
                0x0000000008000f78                HAL_NVIC_EnableIRQ
 .text.HAL_SYSTICK_Config
                0x0000000008000fa8       0x18 CMakeFiles/timer_motor.elf.dir/Drivers/STM32F4xx_HAL_Driver/Src/stm32f4xx_hal_cortex.c.obj
                0x0000000008000fa8                HAL_SYSTICK_Config
 .text.HAL_GPIO_Init
                0x0000000008000fc0      0x550 CMakeFiles/timer_motor.elf.dir/Drivers/STM32F4xx_HAL_Driver/Src/stm32f4xx_hal_gpio.c.obj
                0x0000000008000fc0                HAL_GPIO_Init
 .text.HAL_GPIO_WritePin
                0x0000000008001510       0x64 CMakeFiles/timer_motor.elf.dir/Drivers/STM32F4xx_HAL_Driver/Src/stm32f4xx_hal_gpio.c.obj
                0x0000000008001510                HAL_GPIO_WritePin
 .text.HAL_HCD_Init
                0x0000000008001574       0xdc CMakeFiles/timer_motor.elf.dir/Drivers/STM32F4xx_HAL_Driver/Src/stm32f4xx_hal_hcd.c.obj
                0x0000000008001574                HAL_HCD_Init
 .text.HAL_HCD_HC_Init
                0x0000000008001650      0x130 CMakeFiles/timer_motor.elf.dir/Drivers/STM32F4xx_HAL_Driver/Src/stm32f4xx_hal_hcd.c.obj
                0x0000000008001650                HAL_HCD_HC_Init
 .text.HAL_HCD_HC_Halt
                0x0000000008001780       0x46 CMakeFiles/timer_motor.elf.dir/Drivers/STM32F4xx_HAL_Driver/Src/stm32f4xx_hal_hcd.c.obj
                0x0000000008001780                HAL_HCD_HC_Halt
 *fill*         0x00000000080017c6        0x2 
 .text.HAL_HCD_HC_SubmitRequest
                0x00000000080017c8      0x2e4 CMakeFiles/timer_motor.elf.dir/Drivers/STM32F4xx_HAL_Driver/Src/stm32f4xx_hal_hcd.c.obj
                0x00000000080017c8                HAL_HCD_HC_SubmitRequest
 .text.HAL_HCD_IRQHandler
                0x0000000008001aac      0x208 CMakeFiles/timer_motor.elf.dir/Drivers/STM32F4xx_HAL_Driver/Src/stm32f4xx_hal_hcd.c.obj
                0x0000000008001aac                HAL_HCD_IRQHandler
 .text.HAL_HCD_Start
                0x0000000008001cb4       0x46 CMakeFiles/timer_motor.elf.dir/Drivers/STM32F4xx_HAL_Driver/Src/stm32f4xx_hal_hcd.c.obj
                0x0000000008001cb4                HAL_HCD_Start
 .text.HAL_HCD_Stop
                0x0000000008001cfa       0x3a CMakeFiles/timer_motor.elf.dir/Drivers/STM32F4xx_HAL_Driver/Src/stm32f4xx_hal_hcd.c.obj
                0x0000000008001cfa                HAL_HCD_Stop
 .text.HAL_HCD_ResetPort
                0x0000000008001d34       0x1c CMakeFiles/timer_motor.elf.dir/Drivers/STM32F4xx_HAL_Driver/Src/stm32f4xx_hal_hcd.c.obj
                0x0000000008001d34                HAL_HCD_ResetPort
 .text.HAL_HCD_HC_GetURBState
                0x0000000008001d50       0x28 CMakeFiles/timer_motor.elf.dir/Drivers/STM32F4xx_HAL_Driver/Src/stm32f4xx_hal_hcd.c.obj
                0x0000000008001d50                HAL_HCD_HC_GetURBState
 .text.HAL_HCD_HC_GetXferCount
                0x0000000008001d78       0x28 CMakeFiles/timer_motor.elf.dir/Drivers/STM32F4xx_HAL_Driver/Src/stm32f4xx_hal_hcd.c.obj
                0x0000000008001d78                HAL_HCD_HC_GetXferCount
 .text.HAL_HCD_GetCurrentFrame
                0x0000000008001da0       0x1c CMakeFiles/timer_motor.elf.dir/Drivers/STM32F4xx_HAL_Driver/Src/stm32f4xx_hal_hcd.c.obj
                0x0000000008001da0                HAL_HCD_GetCurrentFrame
 .text.HAL_HCD_GetCurrentSpeed
                0x0000000008001dbc       0x1c CMakeFiles/timer_motor.elf.dir/Drivers/STM32F4xx_HAL_Driver/Src/stm32f4xx_hal_hcd.c.obj
                0x0000000008001dbc                HAL_HCD_GetCurrentSpeed
 .text.HCD_HC_IN_IRQHandler
                0x0000000008001dd8      0x86a CMakeFiles/timer_motor.elf.dir/Drivers/STM32F4xx_HAL_Driver/Src/stm32f4xx_hal_hcd.c.obj
 .text.HCD_HC_OUT_IRQHandler
                0x0000000008002642      0x6ea CMakeFiles/timer_motor.elf.dir/Drivers/STM32F4xx_HAL_Driver/Src/stm32f4xx_hal_hcd.c.obj
 .text.HCD_RXQLVL_IRQHandler
                0x0000000008002d2c      0x15c CMakeFiles/timer_motor.elf.dir/Drivers/STM32F4xx_HAL_Driver/Src/stm32f4xx_hal_hcd.c.obj
 .text.HCD_Port_IRQHandler
                0x0000000008002e88       0xe6 CMakeFiles/timer_motor.elf.dir/Drivers/STM32F4xx_HAL_Driver/Src/stm32f4xx_hal_hcd.c.obj
 *fill*         0x0000000008002f6e        0x2 
 .text.HAL_I2C_Init
                0x0000000008002f70      0x398 CMakeFiles/timer_motor.elf.dir/Drivers/STM32F4xx_HAL_Driver/Src/stm32f4xx_hal_i2c.c.obj
                0x0000000008002f70                HAL_I2C_Init
 .text.HAL_I2S_Init
                0x0000000008003308      0x3fc CMakeFiles/timer_motor.elf.dir/Drivers/STM32F4xx_HAL_Driver/Src/stm32f4xx_hal_i2s.c.obj
                0x0000000008003308                HAL_I2S_Init
 .text.HAL_I2S_TxCpltCallback
                0x0000000008003704       0x12 CMakeFiles/timer_motor.elf.dir/Drivers/STM32F4xx_HAL_Driver/Src/stm32f4xx_hal_i2s.c.obj
                0x0000000008003704                HAL_I2S_TxCpltCallback
 .text.HAL_I2S_RxCpltCallback
                0x0000000008003716       0x12 CMakeFiles/timer_motor.elf.dir/Drivers/STM32F4xx_HAL_Driver/Src/stm32f4xx_hal_i2s.c.obj
                0x0000000008003716                HAL_I2S_RxCpltCallback
 .text.HAL_I2S_ErrorCallback
                0x0000000008003728       0x12 CMakeFiles/timer_motor.elf.dir/Drivers/STM32F4xx_HAL_Driver/Src/stm32f4xx_hal_i2s.c.obj
                0x0000000008003728                HAL_I2S_ErrorCallback
 .text.I2S_Transmit_IT
                0x000000000800373a       0x5c CMakeFiles/timer_motor.elf.dir/Drivers/STM32F4xx_HAL_Driver/Src/stm32f4xx_hal_i2s.c.obj
 .text.I2S_Receive_IT
                0x0000000008003796       0x5e CMakeFiles/timer_motor.elf.dir/Drivers/STM32F4xx_HAL_Driver/Src/stm32f4xx_hal_i2s.c.obj
 .text.I2S_IRQHandler
                0x00000000080037f4      0x114 CMakeFiles/timer_motor.elf.dir/Drivers/STM32F4xx_HAL_Driver/Src/stm32f4xx_hal_i2s.c.obj
 .text.HAL_I2SEx_FullDuplex_IRQHandler
                0x0000000008003908      0x2a8 CMakeFiles/timer_motor.elf.dir/Drivers/STM32F4xx_HAL_Driver/Src/stm32f4xx_hal_i2s_ex.c.obj
                0x0000000008003908                HAL_I2SEx_FullDuplex_IRQHandler
 .text.HAL_I2SEx_TxRxCpltCallback
                0x0000000008003bb0       0x12 CMakeFiles/timer_motor.elf.dir/Drivers/STM32F4xx_HAL_Driver/Src/stm32f4xx_hal_i2s_ex.c.obj
                0x0000000008003bb0                HAL_I2SEx_TxRxCpltCallback
 .text.I2SEx_TxISR_I2S
                0x0000000008003bc2       0x62 CMakeFiles/timer_motor.elf.dir/Drivers/STM32F4xx_HAL_Driver/Src/stm32f4xx_hal_i2s_ex.c.obj
 .text.I2SEx_TxISR_I2SExt
                0x0000000008003c24       0x98 CMakeFiles/timer_motor.elf.dir/Drivers/STM32F4xx_HAL_Driver/Src/stm32f4xx_hal_i2s_ex.c.obj
 .text.I2SEx_RxISR_I2S
                0x0000000008003cbc       0x64 CMakeFiles/timer_motor.elf.dir/Drivers/STM32F4xx_HAL_Driver/Src/stm32f4xx_hal_i2s_ex.c.obj
 .text.I2SEx_RxISR_I2SExt
                0x0000000008003d20       0x98 CMakeFiles/timer_motor.elf.dir/Drivers/STM32F4xx_HAL_Driver/Src/stm32f4xx_hal_i2s_ex.c.obj
 .text.HAL_RCC_OscConfig
                0x0000000008003db8      0x640 CMakeFiles/timer_motor.elf.dir/Drivers/STM32F4xx_HAL_Driver/Src/stm32f4xx_hal_rcc.c.obj
                0x0000000008003db8                HAL_RCC_OscConfig
 .text.HAL_RCC_ClockConfig
                0x00000000080043f8      0x31c CMakeFiles/timer_motor.elf.dir/Drivers/STM32F4xx_HAL_Driver/Src/stm32f4xx_hal_rcc.c.obj
                0x00000000080043f8                HAL_RCC_ClockConfig
 .text.HAL_RCC_GetSysClockFreq
                0x0000000008004714      0x218 CMakeFiles/timer_motor.elf.dir/Drivers/STM32F4xx_HAL_Driver/Src/stm32f4xx_hal_rcc.c.obj
                0x0000000008004714                HAL_RCC_GetSysClockFreq
 .text.HAL_RCC_GetHCLKFreq
                0x000000000800492c       0x14 CMakeFiles/timer_motor.elf.dir/Drivers/STM32F4xx_HAL_Driver/Src/stm32f4xx_hal_rcc.c.obj
                0x000000000800492c                HAL_RCC_GetHCLKFreq
 .text.HAL_RCC_GetPCLK1Freq
                0x0000000008004940       0x28 CMakeFiles/timer_motor.elf.dir/Drivers/STM32F4xx_HAL_Driver/Src/stm32f4xx_hal_rcc.c.obj
                0x0000000008004940                HAL_RCC_GetPCLK1Freq
 .text.HAL_RCCEx_PeriphCLKConfig
                0x0000000008004968      0x42c CMakeFiles/timer_motor.elf.dir/Drivers/STM32F4xx_HAL_Driver/Src/stm32f4xx_hal_rcc_ex.c.obj
                0x0000000008004968                HAL_RCCEx_PeriphCLKConfig
 .text.HAL_RCCEx_GetPeriphCLKFreq
                0x0000000008004d94       0xbc CMakeFiles/timer_motor.elf.dir/Drivers/STM32F4xx_HAL_Driver/Src/stm32f4xx_hal_rcc_ex.c.obj
                0x0000000008004d94                HAL_RCCEx_GetPeriphCLKFreq
 .text.HAL_SPI_Init
                0x0000000008004e50      0x25c CMakeFiles/timer_motor.elf.dir/Drivers/STM32F4xx_HAL_Driver/Src/stm32f4xx_hal_spi.c.obj
                0x0000000008004e50                HAL_SPI_Init
 .text.HAL_TIM_Base_Init
                0x00000000080050ac      0x144 CMakeFiles/timer_motor.elf.dir/Drivers/STM32F4xx_HAL_Driver/Src/stm32f4xx_hal_tim.c.obj
                0x00000000080050ac                HAL_TIM_Base_Init
 .text.HAL_TIM_IRQHandler
                0x00000000080051f0      0x210 CMakeFiles/timer_motor.elf.dir/Drivers/STM32F4xx_HAL_Driver/Src/stm32f4xx_hal_tim.c.obj
                0x00000000080051f0                HAL_TIM_IRQHandler
 .text.HAL_TIM_ConfigClockSource
                0x0000000008005400      0x618 CMakeFiles/timer_motor.elf.dir/Drivers/STM32F4xx_HAL_Driver/Src/stm32f4xx_hal_tim.c.obj
                0x0000000008005400                HAL_TIM_ConfigClockSource
 .text.HAL_TIM_PeriodElapsedCallback
                0x0000000008005a18       0x12 CMakeFiles/timer_motor.elf.dir/Drivers/STM32F4xx_HAL_Driver/Src/stm32f4xx_hal_tim.c.obj
                0x0000000008005a18                HAL_TIM_PeriodElapsedCallback
 .text.HAL_TIM_OC_DelayElapsedCallback
                0x0000000008005a2a       0x12 CMakeFiles/timer_motor.elf.dir/Drivers/STM32F4xx_HAL_Driver/Src/stm32f4xx_hal_tim.c.obj
                0x0000000008005a2a                HAL_TIM_OC_DelayElapsedCallback
 .text.HAL_TIM_IC_CaptureCallback
                0x0000000008005a3c       0x12 CMakeFiles/timer_motor.elf.dir/Drivers/STM32F4xx_HAL_Driver/Src/stm32f4xx_hal_tim.c.obj
                0x0000000008005a3c                HAL_TIM_IC_CaptureCallback
 .text.HAL_TIM_PWM_PulseFinishedCallback
                0x0000000008005a4e       0x12 CMakeFiles/timer_motor.elf.dir/Drivers/STM32F4xx_HAL_Driver/Src/stm32f4xx_hal_tim.c.obj
                0x0000000008005a4e                HAL_TIM_PWM_PulseFinishedCallback
 .text.HAL_TIM_TriggerCallback
                0x0000000008005a60       0x12 CMakeFiles/timer_motor.elf.dir/Drivers/STM32F4xx_HAL_Driver/Src/stm32f4xx_hal_tim.c.obj
                0x0000000008005a60                HAL_TIM_TriggerCallback
 *fill*         0x0000000008005a72        0x2 
 .text.TIM_Base_SetConfig
                0x0000000008005a74       0xfc CMakeFiles/timer_motor.elf.dir/Drivers/STM32F4xx_HAL_Driver/Src/stm32f4xx_hal_tim.c.obj
                0x0000000008005a74                TIM_Base_SetConfig
 .text.TIM_TI1_ConfigInputStage
                0x0000000008005b70       0x5c CMakeFiles/timer_motor.elf.dir/Drivers/STM32F4xx_HAL_Driver/Src/stm32f4xx_hal_tim.c.obj
 .text.TIM_TI2_ConfigInputStage
                0x0000000008005bcc       0x5e CMakeFiles/timer_motor.elf.dir/Drivers/STM32F4xx_HAL_Driver/Src/stm32f4xx_hal_tim.c.obj
 .text.TIM_ITRx_SetConfig
                0x0000000008005c2a       0x34 CMakeFiles/timer_motor.elf.dir/Drivers/STM32F4xx_HAL_Driver/Src/stm32f4xx_hal_tim.c.obj
 .text.TIM_ETR_SetConfig
                0x0000000008005c5e       0x3e CMakeFiles/timer_motor.elf.dir/Drivers/STM32F4xx_HAL_Driver/Src/stm32f4xx_hal_tim.c.obj
                0x0000000008005c5e                TIM_ETR_SetConfig
 .text.HAL_TIMEx_MasterConfigSynchronization
                0x0000000008005c9c      0x17c CMakeFiles/timer_motor.elf.dir/Drivers/STM32F4xx_HAL_Driver/Src/stm32f4xx_hal_tim_ex.c.obj
                0x0000000008005c9c                HAL_TIMEx_MasterConfigSynchronization
 .text.HAL_TIMEx_CommutCallback
                0x0000000008005e18       0x12 CMakeFiles/timer_motor.elf.dir/Drivers/STM32F4xx_HAL_Driver/Src/stm32f4xx_hal_tim_ex.c.obj
                0x0000000008005e18                HAL_TIMEx_CommutCallback
 .text.HAL_TIMEx_BreakCallback
                0x0000000008005e2a       0x12 CMakeFiles/timer_motor.elf.dir/Drivers/STM32F4xx_HAL_Driver/Src/stm32f4xx_hal_tim_ex.c.obj
                0x0000000008005e2a                HAL_TIMEx_BreakCallback
 .text.USB_CoreInit
                0x0000000008005e3c       0xc2 CMakeFiles/timer_motor.elf.dir/Drivers/STM32F4xx_HAL_Driver/Src/stm32f4xx_ll_usb.c.obj
                0x0000000008005e3c                USB_CoreInit
 .text.USB_EnableGlobalInt
                0x0000000008005efe       0x20 CMakeFiles/timer_motor.elf.dir/Drivers/STM32F4xx_HAL_Driver/Src/stm32f4xx_ll_usb.c.obj
                0x0000000008005efe                USB_EnableGlobalInt
 .text.USB_DisableGlobalInt
                0x0000000008005f1e       0x20 CMakeFiles/timer_motor.elf.dir/Drivers/STM32F4xx_HAL_Driver/Src/stm32f4xx_ll_usb.c.obj
                0x0000000008005f1e                USB_DisableGlobalInt
 .text.USB_SetCurrentMode
                0x0000000008005f3e       0x54 CMakeFiles/timer_motor.elf.dir/Drivers/STM32F4xx_HAL_Driver/Src/stm32f4xx_ll_usb.c.obj
                0x0000000008005f3e                USB_SetCurrentMode
 *fill*         0x0000000008005f92        0x2 
 .text.USB_FlushTxFifo
                0x0000000008005f94       0x48 CMakeFiles/timer_motor.elf.dir/Drivers/STM32F4xx_HAL_Driver/Src/stm32f4xx_ll_usb.c.obj
                0x0000000008005f94                USB_FlushTxFifo
 .text.USB_FlushRxFifo
                0x0000000008005fdc       0x40 CMakeFiles/timer_motor.elf.dir/Drivers/STM32F4xx_HAL_Driver/Src/stm32f4xx_ll_usb.c.obj
                0x0000000008005fdc                USB_FlushRxFifo
 .text.USB_WritePacket
                0x000000000800601c       0x68 CMakeFiles/timer_motor.elf.dir/Drivers/STM32F4xx_HAL_Driver/Src/stm32f4xx_ll_usb.c.obj
                0x000000000800601c                USB_WritePacket
 .text.USB_ReadPacket
                0x0000000008006084       0x50 CMakeFiles/timer_motor.elf.dir/Drivers/STM32F4xx_HAL_Driver/Src/stm32f4xx_ll_usb.c.obj
                0x0000000008006084                USB_ReadPacket
 .text.USB_ReadInterrupts
                0x00000000080060d4       0x24 CMakeFiles/timer_motor.elf.dir/Drivers/STM32F4xx_HAL_Driver/Src/stm32f4xx_ll_usb.c.obj
                0x00000000080060d4                USB_ReadInterrupts
 .text.USB_GetMode
                0x00000000080060f8       0x1a CMakeFiles/timer_motor.elf.dir/Drivers/STM32F4xx_HAL_Driver/Src/stm32f4xx_ll_usb.c.obj
                0x00000000080060f8                USB_GetMode
 *fill*         0x0000000008006112        0x2 
 .text.USB_CoreReset
                0x0000000008006114       0x64 CMakeFiles/timer_motor.elf.dir/Drivers/STM32F4xx_HAL_Driver/Src/stm32f4xx_ll_usb.c.obj
 .text.USB_HostInit
                0x0000000008006178      0x178 CMakeFiles/timer_motor.elf.dir/Drivers/STM32F4xx_HAL_Driver/Src/stm32f4xx_ll_usb.c.obj
                0x0000000008006178                USB_HostInit
 .text.USB_InitFSLSPClkSel
                0x00000000080062f0       0x72 CMakeFiles/timer_motor.elf.dir/Drivers/STM32F4xx_HAL_Driver/Src/stm32f4xx_ll_usb.c.obj
                0x00000000080062f0                USB_InitFSLSPClkSel
 .text.USB_ResetPort
                0x0000000008006362       0x54 CMakeFiles/timer_motor.elf.dir/Drivers/STM32F4xx_HAL_Driver/Src/stm32f4xx_ll_usb.c.obj
                0x0000000008006362                USB_ResetPort
 .text.USB_DriveVbus
                0x00000000080063b6       0x70 CMakeFiles/timer_motor.elf.dir/Drivers/STM32F4xx_HAL_Driver/Src/stm32f4xx_ll_usb.c.obj
                0x00000000080063b6                USB_DriveVbus
 .text.USB_GetHostSpeed
                0x0000000008006426       0x2c CMakeFiles/timer_motor.elf.dir/Drivers/STM32F4xx_HAL_Driver/Src/stm32f4xx_ll_usb.c.obj
                0x0000000008006426                USB_GetHostSpeed
 .text.USB_GetCurrentFrame
                0x0000000008006452       0x20 CMakeFiles/timer_motor.elf.dir/Drivers/STM32F4xx_HAL_Driver/Src/stm32f4xx_ll_usb.c.obj
                0x0000000008006452                USB_GetCurrentFrame
 *fill*         0x0000000008006472        0x2 
 .text.USB_HC_Init
                0x0000000008006474      0x210 CMakeFiles/timer_motor.elf.dir/Drivers/STM32F4xx_HAL_Driver/Src/stm32f4xx_ll_usb.c.obj
                0x0000000008006474                USB_HC_Init
 .text.USB_HC_StartXfer
                0x0000000008006684      0x284 CMakeFiles/timer_motor.elf.dir/Drivers/STM32F4xx_HAL_Driver/Src/stm32f4xx_ll_usb.c.obj
                0x0000000008006684                USB_HC_StartXfer
 .text.USB_HC_ReadInterrupt
                0x0000000008006908       0x20 CMakeFiles/timer_motor.elf.dir/Drivers/STM32F4xx_HAL_Driver/Src/stm32f4xx_ll_usb.c.obj
                0x0000000008006908                USB_HC_ReadInterrupt
 .text.USB_HC_Halt
                0x0000000008006928      0x1fc CMakeFiles/timer_motor.elf.dir/Drivers/STM32F4xx_HAL_Driver/Src/stm32f4xx_ll_usb.c.obj
                0x0000000008006928                USB_HC_Halt
 .text.USB_DoPing
                0x0000000008006b24       0x74 CMakeFiles/timer_motor.elf.dir/Drivers/STM32F4xx_HAL_Driver/Src/stm32f4xx_ll_usb.c.obj
                0x0000000008006b24                USB_DoPing
 .text.USB_StopHost
                0x0000000008006b98      0x10c CMakeFiles/timer_motor.elf.dir/Drivers/STM32F4xx_HAL_Driver/Src/stm32f4xx_ll_usb.c.obj
                0x0000000008006b98                USB_StopHost
 .text.USBH_CDC_InterfaceInit
                0x0000000008006ca4      0x2ac CMakeFiles/timer_motor.elf.dir/Middlewares/ST/STM32_USB_Host_Library/Class/CDC/Src/usbh_cdc.c.obj
 .text.USBH_CDC_InterfaceDeInit
                0x0000000008006f50       0xb2 CMakeFiles/timer_motor.elf.dir/Middlewares/ST/STM32_USB_Host_Library/Class/CDC/Src/usbh_cdc.c.obj
 .text.USBH_CDC_ClassRequest
                0x0000000008007002       0x3e CMakeFiles/timer_motor.elf.dir/Middlewares/ST/STM32_USB_Host_Library/Class/CDC/Src/usbh_cdc.c.obj
 .text.USBH_CDC_Process
                0x0000000008007040      0x12c CMakeFiles/timer_motor.elf.dir/Middlewares/ST/STM32_USB_Host_Library/Class/CDC/Src/usbh_cdc.c.obj
 .text.USBH_CDC_SOFProcess
                0x000000000800716c       0x14 CMakeFiles/timer_motor.elf.dir/Middlewares/ST/STM32_USB_Host_Library/Class/CDC/Src/usbh_cdc.c.obj
 .text.GetLineCoding
                0x0000000008007180       0x3e CMakeFiles/timer_motor.elf.dir/Middlewares/ST/STM32_USB_Host_Library/Class/CDC/Src/usbh_cdc.c.obj
 .text.SetLineCoding
                0x00000000080071be       0x3e CMakeFiles/timer_motor.elf.dir/Middlewares/ST/STM32_USB_Host_Library/Class/CDC/Src/usbh_cdc.c.obj
 .text.CDC_ProcessTransmission
                0x00000000080071fc       0xec CMakeFiles/timer_motor.elf.dir/Middlewares/ST/STM32_USB_Host_Library/Class/CDC/Src/usbh_cdc.c.obj
 .text.CDC_ProcessReception
                0x00000000080072e8       0xb6 CMakeFiles/timer_motor.elf.dir/Middlewares/ST/STM32_USB_Host_Library/Class/CDC/Src/usbh_cdc.c.obj
 .text.USBH_CDC_TransmitCallback
                0x000000000800739e       0x12 CMakeFiles/timer_motor.elf.dir/Middlewares/ST/STM32_USB_Host_Library/Class/CDC/Src/usbh_cdc.c.obj
                0x000000000800739e                USBH_CDC_TransmitCallback
 .text.USBH_CDC_ReceiveCallback
                0x00000000080073b0       0x12 CMakeFiles/timer_motor.elf.dir/Middlewares/ST/STM32_USB_Host_Library/Class/CDC/Src/usbh_cdc.c.obj
                0x00000000080073b0                USBH_CDC_ReceiveCallback
 .text.USBH_CDC_LineCodingChanged
                0x00000000080073c2       0x12 CMakeFiles/timer_motor.elf.dir/Middlewares/ST/STM32_USB_Host_Library/Class/CDC/Src/usbh_cdc.c.obj
                0x00000000080073c2                USBH_CDC_LineCodingChanged
 .text.USBH_Init
                0x00000000080073d4       0x74 CMakeFiles/timer_motor.elf.dir/Middlewares/ST/STM32_USB_Host_Library/Core/Src/usbh_core.c.obj
                0x00000000080073d4                USBH_Init
 .text.DeInitStateMachine
                0x0000000008007448       0xa6 CMakeFiles/timer_motor.elf.dir/Middlewares/ST/STM32_USB_Host_Library/Core/Src/usbh_core.c.obj
 .text.USBH_RegisterClass
                0x00000000080074ee       0x52 CMakeFiles/timer_motor.elf.dir/Middlewares/ST/STM32_USB_Host_Library/Core/Src/usbh_core.c.obj
                0x00000000080074ee                USBH_RegisterClass
 .text.USBH_SelectInterface
                0x0000000008007540       0x36 CMakeFiles/timer_motor.elf.dir/Middlewares/ST/STM32_USB_Host_Library/Core/Src/usbh_core.c.obj
                0x0000000008007540                USBH_SelectInterface
 .text.USBH_FindInterface
                0x0000000008007576       0x8a CMakeFiles/timer_motor.elf.dir/Middlewares/ST/STM32_USB_Host_Library/Core/Src/usbh_core.c.obj
                0x0000000008007576                USBH_FindInterface
 .text.USBH_Start
                0x0000000008007600       0x20 CMakeFiles/timer_motor.elf.dir/Middlewares/ST/STM32_USB_Host_Library/Core/Src/usbh_core.c.obj
                0x0000000008007600                USBH_Start
 .text.USBH_Process
                0x0000000008007620      0x3c0 CMakeFiles/timer_motor.elf.dir/Middlewares/ST/STM32_USB_Host_Library/Core/Src/usbh_core.c.obj
                0x0000000008007620                USBH_Process
 .text.USBH_HandleEnum
                0x00000000080079e0      0x3c8 CMakeFiles/timer_motor.elf.dir/Middlewares/ST/STM32_USB_Host_Library/Core/Src/usbh_core.c.obj
 .text.USBH_LL_SetTimer
                0x0000000008007da8       0x1c CMakeFiles/timer_motor.elf.dir/Middlewares/ST/STM32_USB_Host_Library/Core/Src/usbh_core.c.obj
                0x0000000008007da8                USBH_LL_SetTimer
 .text.USBH_LL_IncTimer
                0x0000000008007dc4       0x24 CMakeFiles/timer_motor.elf.dir/Middlewares/ST/STM32_USB_Host_Library/Core/Src/usbh_core.c.obj
                0x0000000008007dc4                USBH_LL_IncTimer
 .text.USBH_HandleSof
                0x0000000008007de8       0x30 CMakeFiles/timer_motor.elf.dir/Middlewares/ST/STM32_USB_Host_Library/Core/Src/usbh_core.c.obj
 .text.USBH_LL_PortEnabled
                0x0000000008007e18       0x1a CMakeFiles/timer_motor.elf.dir/Middlewares/ST/STM32_USB_Host_Library/Core/Src/usbh_core.c.obj
                0x0000000008007e18                USBH_LL_PortEnabled
 .text.USBH_LL_PortDisabled
                0x0000000008007e32       0x1a CMakeFiles/timer_motor.elf.dir/Middlewares/ST/STM32_USB_Host_Library/Core/Src/usbh_core.c.obj
                0x0000000008007e32                USBH_LL_PortDisabled
 .text.USBH_LL_Connect
                0x0000000008007e4c       0x2c CMakeFiles/timer_motor.elf.dir/Middlewares/ST/STM32_USB_Host_Library/Core/Src/usbh_core.c.obj
                0x0000000008007e4c                USBH_LL_Connect
 .text.USBH_LL_Disconnect
                0x0000000008007e78       0x48 CMakeFiles/timer_motor.elf.dir/Middlewares/ST/STM32_USB_Host_Library/Core/Src/usbh_core.c.obj
                0x0000000008007e78                USBH_LL_Disconnect
 .text.USBH_Get_DevDesc
                0x0000000008007ec0       0x50 CMakeFiles/timer_motor.elf.dir/Middlewares/ST/STM32_USB_Host_Library/Core/Src/usbh_ctlreq.c.obj
                0x0000000008007ec0                USBH_Get_DevDesc
 .text.USBH_Get_CfgDesc
                0x0000000008007f10       0x48 CMakeFiles/timer_motor.elf.dir/Middlewares/ST/STM32_USB_Host_Library/Core/Src/usbh_ctlreq.c.obj
                0x0000000008007f10                USBH_Get_CfgDesc
 .text.USBH_Get_StringDesc
                0x0000000008007f58       0x56 CMakeFiles/timer_motor.elf.dir/Middlewares/ST/STM32_USB_Host_Library/Core/Src/usbh_ctlreq.c.obj
                0x0000000008007f58                USBH_Get_StringDesc
 .text.USBH_GetDescriptor
                0x0000000008007fae       0x6a CMakeFiles/timer_motor.elf.dir/Middlewares/ST/STM32_USB_Host_Library/Core/Src/usbh_ctlreq.c.obj
                0x0000000008007fae                USBH_GetDescriptor
 .text.USBH_SetAddress
                0x0000000008008018       0x48 CMakeFiles/timer_motor.elf.dir/Middlewares/ST/STM32_USB_Host_Library/Core/Src/usbh_ctlreq.c.obj
                0x0000000008008018                USBH_SetAddress
 .text.USBH_SetCfg
                0x0000000008008060       0x46 CMakeFiles/timer_motor.elf.dir/Middlewares/ST/STM32_USB_Host_Library/Core/Src/usbh_ctlreq.c.obj
                0x0000000008008060                USBH_SetCfg
 .text.USBH_SetFeature
                0x00000000080080a6       0x48 CMakeFiles/timer_motor.elf.dir/Middlewares/ST/STM32_USB_Host_Library/Core/Src/usbh_ctlreq.c.obj
                0x00000000080080a6                USBH_SetFeature
 .text.USBH_ClrFeature
                0x00000000080080ee       0x48 CMakeFiles/timer_motor.elf.dir/Middlewares/ST/STM32_USB_Host_Library/Core/Src/usbh_ctlreq.c.obj
                0x00000000080080ee                USBH_ClrFeature
 .text.USBH_ParseDevDesc
                0x0000000008008136       0xde CMakeFiles/timer_motor.elf.dir/Middlewares/ST/STM32_USB_Host_Library/Core/Src/usbh_ctlreq.c.obj
 .text.USBH_ParseCfgDesc
                0x0000000008008214      0x144 CMakeFiles/timer_motor.elf.dir/Middlewares/ST/STM32_USB_Host_Library/Core/Src/usbh_ctlreq.c.obj
 .text.USBH_ParseInterfaceDesc
                0x0000000008008358       0x5c CMakeFiles/timer_motor.elf.dir/Middlewares/ST/STM32_USB_Host_Library/Core/Src/usbh_ctlreq.c.obj
 .text.USBH_ParseEPDesc
                0x00000000080083b4       0x58 CMakeFiles/timer_motor.elf.dir/Middlewares/ST/STM32_USB_Host_Library/Core/Src/usbh_ctlreq.c.obj
 .text.USBH_ParseStringDesc
                0x000000000800840c       0x64 CMakeFiles/timer_motor.elf.dir/Middlewares/ST/STM32_USB_Host_Library/Core/Src/usbh_ctlreq.c.obj
 .text.USBH_GetNextDesc
                0x0000000008008470       0x34 CMakeFiles/timer_motor.elf.dir/Middlewares/ST/STM32_USB_Host_Library/Core/Src/usbh_ctlreq.c.obj
                0x0000000008008470                USBH_GetNextDesc
 .text.USBH_CtlReq
                0x00000000080084a4       0x7a CMakeFiles/timer_motor.elf.dir/Middlewares/ST/STM32_USB_Host_Library/Core/Src/usbh_ctlreq.c.obj
                0x00000000080084a4                USBH_CtlReq
 *fill*         0x000000000800851e        0x2 
 .text.USBH_HandleControl
                0x0000000008008520      0x2e8 CMakeFiles/timer_motor.elf.dir/Middlewares/ST/STM32_USB_Host_Library/Core/Src/usbh_ctlreq.c.obj
 .text.USBH_CtlSendSetup
                0x0000000008008808       0x34 CMakeFiles/timer_motor.elf.dir/Middlewares/ST/STM32_USB_Host_Library/Core/Src/usbh_ioreq.c.obj
                0x0000000008008808                USBH_CtlSendSetup
 .text.USBH_CtlSendData
                0x000000000800883c       0x4a CMakeFiles/timer_motor.elf.dir/Middlewares/ST/STM32_USB_Host_Library/Core/Src/usbh_ioreq.c.obj
                0x000000000800883c                USBH_CtlSendData
 .text.USBH_CtlReceiveData
                0x0000000008008886       0x3c CMakeFiles/timer_motor.elf.dir/Middlewares/ST/STM32_USB_Host_Library/Core/Src/usbh_ioreq.c.obj
                0x0000000008008886                USBH_CtlReceiveData
 .text.USBH_BulkSendData
                0x00000000080088c2       0x4a CMakeFiles/timer_motor.elf.dir/Middlewares/ST/STM32_USB_Host_Library/Core/Src/usbh_ioreq.c.obj
                0x00000000080088c2                USBH_BulkSendData
 .text.USBH_BulkReceiveData
                0x000000000800890c       0x3c CMakeFiles/timer_motor.elf.dir/Middlewares/ST/STM32_USB_Host_Library/Core/Src/usbh_ioreq.c.obj
                0x000000000800890c                USBH_BulkReceiveData
 .text.USBH_OpenPipe
                0x0000000008008948       0x3e CMakeFiles/timer_motor.elf.dir/Middlewares/ST/STM32_USB_Host_Library/Core/Src/usbh_pipes.c.obj
                0x0000000008008948                USBH_OpenPipe
 .text.USBH_ClosePipe
                0x0000000008008986       0x20 CMakeFiles/timer_motor.elf.dir/Middlewares/ST/STM32_USB_Host_Library/Core/Src/usbh_pipes.c.obj
                0x0000000008008986                USBH_ClosePipe
 .text.USBH_AllocPipe
                0x00000000080089a6       0x42 CMakeFiles/timer_motor.elf.dir/Middlewares/ST/STM32_USB_Host_Library/Core/Src/usbh_pipes.c.obj
                0x00000000080089a6                USBH_AllocPipe
 .text.USBH_FreePipe
                0x00000000080089e8       0x3a CMakeFiles/timer_motor.elf.dir/Middlewares/ST/STM32_USB_Host_Library/Core/Src/usbh_pipes.c.obj
                0x00000000080089e8                USBH_FreePipe
 .text.USBH_GetFreePipe
                0x0000000008008a22       0x46 CMakeFiles/timer_motor.elf.dir/Middlewares/ST/STM32_USB_Host_Library/Core/Src/usbh_pipes.c.obj
 .text.MX_USB_HOST_Init
                0x0000000008008a68       0x4c CMakeFiles/timer_motor.elf.dir/USB_HOST/App/usb_host.c.obj
                0x0000000008008a68                MX_USB_HOST_Init
 .text.MX_USB_HOST_Process
                0x0000000008008ab4       0x14 CMakeFiles/timer_motor.elf.dir/USB_HOST/App/usb_host.c.obj
                0x0000000008008ab4                MX_USB_HOST_Process
 .text.USBH_UserProcess
                0x0000000008008ac8       0x58 CMakeFiles/timer_motor.elf.dir/USB_HOST/App/usb_host.c.obj
 .text.HAL_HCD_MspInit
                0x0000000008008b20       0xc4 CMakeFiles/timer_motor.elf.dir/USB_HOST/Target/usbh_conf.c.obj
                0x0000000008008b20                HAL_HCD_MspInit
 .text.HAL_HCD_SOF_Callback
                0x0000000008008be4       0x1c CMakeFiles/timer_motor.elf.dir/USB_HOST/Target/usbh_conf.c.obj
                0x0000000008008be4                HAL_HCD_SOF_Callback
 .text.HAL_HCD_Connect_Callback
                0x0000000008008c00       0x1c CMakeFiles/timer_motor.elf.dir/USB_HOST/Target/usbh_conf.c.obj
                0x0000000008008c00                HAL_HCD_Connect_Callback
 .text.HAL_HCD_Disconnect_Callback
                0x0000000008008c1c       0x1c CMakeFiles/timer_motor.elf.dir/USB_HOST/Target/usbh_conf.c.obj
                0x0000000008008c1c                HAL_HCD_Disconnect_Callback
 .text.HAL_HCD_HC_NotifyURBChange_Callback
                0x0000000008008c38       0x1a CMakeFiles/timer_motor.elf.dir/USB_HOST/Target/usbh_conf.c.obj
                0x0000000008008c38                HAL_HCD_HC_NotifyURBChange_Callback
 .text.HAL_HCD_PortEnabled_Callback
                0x0000000008008c52       0x1c CMakeFiles/timer_motor.elf.dir/USB_HOST/Target/usbh_conf.c.obj
                0x0000000008008c52                HAL_HCD_PortEnabled_Callback
 .text.HAL_HCD_PortDisabled_Callback
                0x0000000008008c6e       0x1c CMakeFiles/timer_motor.elf.dir/USB_HOST/Target/usbh_conf.c.obj
                0x0000000008008c6e                HAL_HCD_PortDisabled_Callback
 *fill*         0x0000000008008c8a        0x2 
 .text.USBH_LL_Init
                0x0000000008008c8c       0x78 CMakeFiles/timer_motor.elf.dir/USB_HOST/Target/usbh_conf.c.obj
                0x0000000008008c8c                USBH_LL_Init
 .text.USBH_LL_Start
                0x0000000008008d04       0x36 CMakeFiles/timer_motor.elf.dir/USB_HOST/Target/usbh_conf.c.obj
                0x0000000008008d04                USBH_LL_Start
 .text.USBH_LL_Stop
                0x0000000008008d3a       0x36 CMakeFiles/timer_motor.elf.dir/USB_HOST/Target/usbh_conf.c.obj
                0x0000000008008d3a                USBH_LL_Stop
 .text.USBH_LL_GetSpeed
                0x0000000008008d70       0x4e CMakeFiles/timer_motor.elf.dir/USB_HOST/Target/usbh_conf.c.obj
                0x0000000008008d70                USBH_LL_GetSpeed
 .text.USBH_LL_ResetPort
                0x0000000008008dbe       0x36 CMakeFiles/timer_motor.elf.dir/USB_HOST/Target/usbh_conf.c.obj
                0x0000000008008dbe                USBH_LL_ResetPort
 .text.USBH_LL_GetLastXferSize
                0x0000000008008df4       0x26 CMakeFiles/timer_motor.elf.dir/USB_HOST/Target/usbh_conf.c.obj
                0x0000000008008df4                USBH_LL_GetLastXferSize
 .text.USBH_LL_OpenPipe
                0x0000000008008e1a       0x5e CMakeFiles/timer_motor.elf.dir/USB_HOST/Target/usbh_conf.c.obj
                0x0000000008008e1a                USBH_LL_OpenPipe
 .text.USBH_LL_ClosePipe
                0x0000000008008e78       0x3e CMakeFiles/timer_motor.elf.dir/USB_HOST/Target/usbh_conf.c.obj
                0x0000000008008e78                USBH_LL_ClosePipe
 .text.USBH_LL_SubmitURB
                0x0000000008008eb6       0x62 CMakeFiles/timer_motor.elf.dir/USB_HOST/Target/usbh_conf.c.obj
                0x0000000008008eb6                USBH_LL_SubmitURB
 .text.USBH_LL_GetURBState
                0x0000000008008f18       0x26 CMakeFiles/timer_motor.elf.dir/USB_HOST/Target/usbh_conf.c.obj
                0x0000000008008f18                USBH_LL_GetURBState
 .text.USBH_LL_DriverVBUS
                0x0000000008008f3e       0x2e CMakeFiles/timer_motor.elf.dir/USB_HOST/Target/usbh_conf.c.obj
                0x0000000008008f3e                USBH_LL_DriverVBUS
 .text.USBH_LL_SetToggle
                0x0000000008008f6c       0x64 CMakeFiles/timer_motor.elf.dir/USB_HOST/Target/usbh_conf.c.obj
                0x0000000008008f6c                USBH_LL_SetToggle
 .text.USBH_Delay
                0x0000000008008fd0       0x16 CMakeFiles/timer_motor.elf.dir/USB_HOST/Target/usbh_conf.c.obj
                0x0000000008008fd0                USBH_Delay
 *fill*         0x0000000008008fe6        0x2 
 .text.USBH_Get_USB_Status
                0x0000000008008fe8       0x58 CMakeFiles/timer_motor.elf.dir/USB_HOST/Target/usbh_conf.c.obj
                0x0000000008008fe8                USBH_Get_USB_Status
 .text.MX_DriverVbusFS
                0x0000000008009040       0x38 CMakeFiles/timer_motor.elf.dir/USB_HOST/Target/usbh_platform.c.obj
                0x0000000008009040                MX_DriverVbusFS
 .text.Reset_Handler
                0x0000000008009078       0x50 CMakeFiles/timer_motor.elf.dir/startup/startup_stm32f411xe.s.obj
                0x0000000008009078                Reset_Handler
 .text.Default_Handler
                0x00000000080090c8        0x2 CMakeFiles/timer_motor.elf.dir/startup/startup_stm32f411xe.s.obj
                0x00000000080090c8                RTC_Alarm_IRQHandler
                0x00000000080090c8                EXTI2_IRQHandler
                0x00000000080090c8                SPI4_IRQHandler
                0x00000000080090c8                TIM1_CC_IRQHandler
                0x00000000080090c8                DMA2_Stream5_IRQHandler
                0x00000000080090c8                DMA1_Stream5_IRQHandler
                0x00000000080090c8                PVD_IRQHandler
                0x00000000080090c8                SDIO_IRQHandler
                0x00000000080090c8                TAMP_STAMP_IRQHandler
                0x00000000080090c8                EXTI3_IRQHandler
                0x00000000080090c8                I2C3_ER_IRQHandler
                0x00000000080090c8                EXTI0_IRQHandler
                0x00000000080090c8                I2C2_EV_IRQHandler
                0x00000000080090c8                DMA1_Stream2_IRQHandler
                0x00000000080090c8                FPU_IRQHandler
                0x00000000080090c8                DMA2_Stream2_IRQHandler
                0x00000000080090c8                SPI1_IRQHandler
                0x00000000080090c8                TIM1_BRK_TIM9_IRQHandler
                0x00000000080090c8                DMA2_Stream3_IRQHandler
                0x00000000080090c8                USART6_IRQHandler
                0x00000000080090c8                DMA2_Stream0_IRQHandler
                0x00000000080090c8                TIM4_IRQHandler
                0x00000000080090c8                I2C1_EV_IRQHandler
                0x00000000080090c8                DMA1_Stream6_IRQHandler
                0x00000000080090c8                DMA1_Stream1_IRQHandler
                0x00000000080090c8                TIM3_IRQHandler
                0x00000000080090c8                RCC_IRQHandler
                0x00000000080090c8                Default_Handler
                0x00000000080090c8                EXTI15_10_IRQHandler
                0x00000000080090c8                ADC_IRQHandler
                0x00000000080090c8                DMA1_Stream7_IRQHandler
                0x00000000080090c8                SPI5_IRQHandler
                0x00000000080090c8                TIM5_IRQHandler
                0x00000000080090c8                DMA2_Stream7_IRQHandler
                0x00000000080090c8                I2C3_EV_IRQHandler
                0x00000000080090c8                EXTI9_5_IRQHandler
                0x00000000080090c8                RTC_WKUP_IRQHandler
                0x00000000080090c8                SPI2_IRQHandler
                0x00000000080090c8                DMA1_Stream0_IRQHandler
                0x00000000080090c8                EXTI4_IRQHandler
                0x00000000080090c8                WWDG_IRQHandler
                0x00000000080090c8                TIM2_IRQHandler
                0x00000000080090c8                OTG_FS_WKUP_IRQHandler
                0x00000000080090c8                TIM1_TRG_COM_TIM11_IRQHandler
                0x00000000080090c8                EXTI1_IRQHandler
                0x00000000080090c8                USART2_IRQHandler
                0x00000000080090c8                I2C2_ER_IRQHandler
                0x00000000080090c8                DMA2_Stream1_IRQHandler
                0x00000000080090c8                FLASH_IRQHandler
                0x00000000080090c8                DMA2_Stream4_IRQHandler
                0x00000000080090c8                USART1_IRQHandler
                0x00000000080090c8                SPI3_IRQHandler
                0x00000000080090c8                DMA1_Stream4_IRQHandler
                0x00000000080090c8                I2C1_ER_IRQHandler
                0x00000000080090c8                DMA2_Stream6_IRQHandler
                0x00000000080090c8                DMA1_Stream3_IRQHandler
 .text.__udivmoddi4
                0x00000000080090ca      0x2a6 /usr/lib/gcc/arm-none-eabi/10.2.0/thumb/v7e-m/nofp/libgcc.a(_udivmoddi4.o)
                0x00000000080090ca                __udivmoddi4
 .text.__errno  0x0000000008009370        0xc /usr/lib/gcc/arm-none-eabi/10.2.0/../../../../arm-none-eabi/lib/thumb/v7e-m/nofp/libg_nano.a(lib_a-errno.o)
                0x0000000008009370                __errno
 .text.__libc_init_array
                0x000000000800937c       0x48 /usr/lib/gcc/arm-none-eabi/10.2.0/../../../../arm-none-eabi/lib/thumb/v7e-m/nofp/libg_nano.a(lib_a-init.o)
                0x000000000800937c                __libc_init_array
 .text.malloc   0x00000000080093c4       0x10 /usr/lib/gcc/arm-none-eabi/10.2.0/../../../../arm-none-eabi/lib/thumb/v7e-m/nofp/libg_nano.a(lib_a-malloc.o)
                0x00000000080093c4                malloc
 .text.free     0x00000000080093d4       0x10 /usr/lib/gcc/arm-none-eabi/10.2.0/../../../../arm-none-eabi/lib/thumb/v7e-m/nofp/libg_nano.a(lib_a-malloc.o)
                0x00000000080093d4                free
 .text.memset   0x00000000080093e4       0x10 /usr/lib/gcc/arm-none-eabi/10.2.0/../../../../arm-none-eabi/lib/thumb/v7e-m/nofp/libg_nano.a(lib_a-memset.o)
                0x00000000080093e4                memset
 .text._free_r  0x00000000080093f4       0x9c /usr/lib/gcc/arm-none-eabi/10.2.0/../../../../arm-none-eabi/lib/thumb/v7e-m/nofp/libg_nano.a(lib_a-nano-freer.o)
                0x00000000080093f4                _free_r
 .text._malloc_r
                0x0000000008009490       0xb4 /usr/lib/gcc/arm-none-eabi/10.2.0/../../../../arm-none-eabi/lib/thumb/v7e-m/nofp/libg_nano.a(lib_a-nano-mallocr.o)
                0x0000000008009490                _malloc_r
 .text._sbrk_r  0x0000000008009544       0x20 /usr/lib/gcc/arm-none-eabi/10.2.0/../../../../arm-none-eabi/lib/thumb/v7e-m/nofp/libg_nano.a(lib_a-sbrkr.o)
                0x0000000008009544                _sbrk_r
 .text.__retarget_lock_acquire_recursive
                0x0000000008009564        0x2 /usr/lib/gcc/arm-none-eabi/10.2.0/../../../../arm-none-eabi/lib/thumb/v7e-m/nofp/libg_nano.a(lib_a-lock.o)
                0x0000000008009564                __retarget_lock_acquire_recursive
 .text.__retarget_lock_release_recursive
                0x0000000008009566        0x2 /usr/lib/gcc/arm-none-eabi/10.2.0/../../../../arm-none-eabi/lib/thumb/v7e-m/nofp/libg_nano.a(lib_a-lock.o)
                0x0000000008009566                __retarget_lock_release_recursive
 .text.__malloc_lock
                0x0000000008009568        0xc /usr/lib/gcc/arm-none-eabi/10.2.0/../../../../arm-none-eabi/lib/thumb/v7e-m/nofp/libg_nano.a(lib_a-mlock.o)
                0x0000000008009568                __malloc_lock
 .text.__malloc_unlock
                0x0000000008009574        0xc /usr/lib/gcc/arm-none-eabi/10.2.0/../../../../arm-none-eabi/lib/thumb/v7e-m/nofp/libg_nano.a(lib_a-mlock.o)
                0x0000000008009574                __malloc_unlock
 *(.glue_7)
 .glue_7        0x0000000008009580        0x0 linker stubs
 *(.glue_7t)
 .glue_7t       0x0000000008009580        0x0 linker stubs
 *(.eh_frame)
 .eh_frame      0x0000000008009580        0x0 /usr/lib/gcc/arm-none-eabi/10.2.0/thumb/v7e-m/nofp/crtbegin.o
 *(.init)
 .init          0x0000000008009580        0x4 /usr/lib/gcc/arm-none-eabi/10.2.0/thumb/v7e-m/nofp/crti.o
                0x0000000008009580                _init
 .init          0x0000000008009584        0x8 /usr/lib/gcc/arm-none-eabi/10.2.0/thumb/v7e-m/nofp/crtn.o
 *(.fini)
 .fini          0x000000000800958c        0x4 /usr/lib/gcc/arm-none-eabi/10.2.0/thumb/v7e-m/nofp/crti.o
                0x000000000800958c                _fini
 .fini          0x0000000008009590        0x8 /usr/lib/gcc/arm-none-eabi/10.2.0/thumb/v7e-m/nofp/crtn.o
                0x0000000008009598                . = ALIGN (0x4)
                0x0000000008009598                _etext = .

.vfp11_veneer   0x0000000008009598        0x0
 .vfp11_veneer  0x0000000008009598        0x0 linker stubs

.v4_bx          0x0000000008009598        0x0
 .v4_bx         0x0000000008009598        0x0 linker stubs

.iplt           0x0000000008009598        0x0
 .iplt          0x0000000008009598        0x0 /usr/lib/gcc/arm-none-eabi/10.2.0/thumb/v7e-m/nofp/crtbegin.o

.rodata         0x0000000008009598      0x3b4
                0x0000000008009598                . = ALIGN (0x4)
 *(.rodata)
 .rodata        0x0000000008009598       0x5c CMakeFiles/timer_motor.elf.dir/Drivers/STM32F4xx_HAL_Driver/Src/stm32f4xx_hal_cortex.c.obj
 .rodata        0x00000000080095f4       0x5a CMakeFiles/timer_motor.elf.dir/Drivers/STM32F4xx_HAL_Driver/Src/stm32f4xx_hal_gpio.c.obj
 *fill*         0x000000000800964e        0x2 
 .rodata        0x0000000008009650       0x59 CMakeFiles/timer_motor.elf.dir/Drivers/STM32F4xx_HAL_Driver/Src/stm32f4xx_hal_hcd.c.obj
 *fill*         0x00000000080096a9        0x3 
 .rodata        0x00000000080096ac       0x59 CMakeFiles/timer_motor.elf.dir/Drivers/STM32F4xx_HAL_Driver/Src/stm32f4xx_hal_i2c.c.obj
 *fill*         0x0000000008009705        0x3 
 .rodata        0x0000000008009708       0x59 CMakeFiles/timer_motor.elf.dir/Drivers/STM32F4xx_HAL_Driver/Src/stm32f4xx_hal_i2s.c.obj
 *fill*         0x0000000008009761        0x3 
 .rodata        0x0000000008009764       0x59 CMakeFiles/timer_motor.elf.dir/Drivers/STM32F4xx_HAL_Driver/Src/stm32f4xx_hal_rcc.c.obj
 *fill*         0x00000000080097bd        0x3 
 .rodata        0x00000000080097c0       0x5c CMakeFiles/timer_motor.elf.dir/Drivers/STM32F4xx_HAL_Driver/Src/stm32f4xx_hal_rcc_ex.c.obj
 .rodata        0x000000000800981c       0x59 CMakeFiles/timer_motor.elf.dir/Drivers/STM32F4xx_HAL_Driver/Src/stm32f4xx_hal_spi.c.obj
 *fill*         0x0000000008009875        0x3 
 .rodata        0x0000000008009878       0x59 CMakeFiles/timer_motor.elf.dir/Drivers/STM32F4xx_HAL_Driver/Src/stm32f4xx_hal_tim.c.obj
 *fill*         0x00000000080098d1        0x3 
 .rodata        0x00000000080098d4       0x5c CMakeFiles/timer_motor.elf.dir/Drivers/STM32F4xx_HAL_Driver/Src/stm32f4xx_hal_tim_ex.c.obj
 .rodata        0x0000000008009930        0x4 CMakeFiles/timer_motor.elf.dir/Middlewares/ST/STM32_USB_Host_Library/Class/CDC/Src/usbh_cdc.c.obj
 *(.rodata*)
 .rodata.AHBPrescTable
                0x0000000008009934       0x10 CMakeFiles/timer_motor.elf.dir/Core/Src/system_stm32f4xx.c.obj
                0x0000000008009934                AHBPrescTable
 .rodata.APBPrescTable
                0x0000000008009944        0x8 CMakeFiles/timer_motor.elf.dir/Core/Src/system_stm32f4xx.c.obj
                0x0000000008009944                APBPrescTable
                0x000000000800994c                . = ALIGN (0x4)

.ARM.extab
 *(.ARM.extab* .gnu.linkonce.armextab.*)

.ARM            0x000000000800994c        0x8
                0x000000000800994c                __exidx_start = .
 *(.ARM.exidx*)
 .ARM.exidx.text.__udivmoddi4
                0x000000000800994c        0x8 /usr/lib/gcc/arm-none-eabi/10.2.0/thumb/v7e-m/nofp/libgcc.a(_udivmoddi4.o)
                0x0000000008009954                __exidx_end = .

.rel.dyn        0x0000000008009954        0x0
 .rel.iplt      0x0000000008009954        0x0 /usr/lib/gcc/arm-none-eabi/10.2.0/thumb/v7e-m/nofp/crtbegin.o

.preinit_array  0x0000000008009954        0x0
                0x0000000008009954                PROVIDE (__preinit_array_start = .)
 *(.preinit_array*)
                0x0000000008009954                PROVIDE (__preinit_array_end = .)

.init_array     0x0000000008009954        0x4
                0x0000000008009954                PROVIDE (__init_array_start = .)
 *(SORT_BY_NAME(.init_array.*))
 *(.init_array*)
 .init_array    0x0000000008009954        0x4 /usr/lib/gcc/arm-none-eabi/10.2.0/thumb/v7e-m/nofp/crtbegin.o
                0x0000000008009958                PROVIDE (__init_array_end = .)

.fini_array     0x0000000008009958        0x4
                0x0000000008009958                PROVIDE (__fini_array_start = .)
 *(SORT_BY_NAME(.fini_array.*))
 *(.fini_array*)
 .fini_array    0x0000000008009958        0x4 /usr/lib/gcc/arm-none-eabi/10.2.0/thumb/v7e-m/nofp/crtbegin.o
                0x000000000800995c                PROVIDE (__fini_array_end = .)
                0x000000000800995c                _sidata = LOADADDR (.data)

.data           0x0000000020000000       0x9c load address 0x000000000800995c
                0x0000000020000000                . = ALIGN (0x4)
                0x0000000020000000                _sdata = .
 *(.data)
 *(.data*)
 .data.PINS     0x0000000020000000        0x8 CMakeFiles/timer_motor.elf.dir/Core/Src/main.c.obj
                0x0000000020000000                PINS
 .data.PREVIOUS
                0x0000000020000008        0x2 CMakeFiles/timer_motor.elf.dir/Core/Src/main.c.obj
                0x0000000020000008                PREVIOUS
 *fill*         0x000000002000000a        0x2 
 .data.SystemCoreClock
                0x000000002000000c        0x4 CMakeFiles/timer_motor.elf.dir/Core/Src/system_stm32f4xx.c.obj
                0x000000002000000c                SystemCoreClock
 .data.uwTickPrio
                0x0000000020000010        0x4 CMakeFiles/timer_motor.elf.dir/Drivers/STM32F4xx_HAL_Driver/Src/stm32f4xx_hal.c.obj
                0x0000000020000010                uwTickPrio
 .data.uwTickFreq
                0x0000000020000014        0x1 CMakeFiles/timer_motor.elf.dir/Drivers/STM32F4xx_HAL_Driver/Src/stm32f4xx_hal.c.obj
                0x0000000020000014                uwTickFreq
 *fill*         0x0000000020000015        0x3 
 .data.CDC_Class
                0x0000000020000018       0x20 CMakeFiles/timer_motor.elf.dir/Middlewares/ST/STM32_USB_Host_Library/Class/CDC/Src/usbh_cdc.c.obj
                0x0000000020000018                CDC_Class
 .data._impure_ptr
                0x0000000020000038        0x4 /usr/lib/gcc/arm-none-eabi/10.2.0/../../../../arm-none-eabi/lib/thumb/v7e-m/nofp/libg_nano.a(lib_a-impure.o)
                0x0000000020000038                _impure_ptr
 .data.impure_data
                0x000000002000003c       0x60 /usr/lib/gcc/arm-none-eabi/10.2.0/../../../../arm-none-eabi/lib/thumb/v7e-m/nofp/libg_nano.a(lib_a-impure.o)
                0x000000002000009c                . = ALIGN (0x4)
                0x000000002000009c                _edata = .

.igot.plt       0x000000002000009c        0x0 load address 0x00000000080099f8
 .igot.plt      0x000000002000009c        0x0 /usr/lib/gcc/arm-none-eabi/10.2.0/thumb/v7e-m/nofp/crtbegin.o
                0x000000002000009c                . = ALIGN (0x4)

.bss            0x000000002000009c      0x860 load address 0x00000000080099f8
                0x000000002000009c                _sbss = .
                0x000000002000009c                __bss_start__ = _sbss
 *(.bss)
 *(.bss*)
 .bss.completed.1
                0x000000002000009c        0x1 /usr/lib/gcc/arm-none-eabi/10.2.0/thumb/v7e-m/nofp/crtbegin.o
 *fill*         0x000000002000009d        0x3 
 .bss.object.0  0x00000000200000a0       0x18 /usr/lib/gcc/arm-none-eabi/10.2.0/thumb/v7e-m/nofp/crtbegin.o
 .bss.hi2c1     0x00000000200000b8       0x54 CMakeFiles/timer_motor.elf.dir/Core/Src/i2c.c.obj
                0x00000000200000b8                hi2c1
 .bss.hi2s2     0x000000002000010c       0x48 CMakeFiles/timer_motor.elf.dir/Core/Src/i2s.c.obj
                0x000000002000010c                hi2s2
 .bss.hi2s3     0x0000000020000154       0x48 CMakeFiles/timer_motor.elf.dir/Core/Src/i2s.c.obj
                0x0000000020000154                hi2s3
 .bss.CURRENT   0x000000002000019c        0x2 CMakeFiles/timer_motor.elf.dir/Core/Src/main.c.obj
                0x000000002000019c                CURRENT
 .bss.counter   0x000000002000019e        0x1 CMakeFiles/timer_motor.elf.dir/Core/Src/main.c.obj
                0x000000002000019e                counter
 *fill*         0x000000002000019f        0x1 
 .bss.hspi1     0x00000000200001a0       0x58 CMakeFiles/timer_motor.elf.dir/Core/Src/spi.c.obj
                0x00000000200001a0                hspi1
 .bss.heap_end.0
                0x00000000200001f8        0x4 CMakeFiles/timer_motor.elf.dir/Core/Src/syscalls.c.obj
 .bss.htim1     0x00000000200001fc       0x40 CMakeFiles/timer_motor.elf.dir/Core/Src/tim.c.obj
                0x00000000200001fc                htim1
 .bss.uwTick    0x000000002000023c        0x4 CMakeFiles/timer_motor.elf.dir/Drivers/STM32F4xx_HAL_Driver/Src/stm32f4xx_hal.c.obj
                0x000000002000023c                uwTick
 .bss.tmpreg.0  0x0000000020000240        0x4 CMakeFiles/timer_motor.elf.dir/Drivers/STM32F4xx_HAL_Driver/Src/stm32f4xx_ll_usb.c.obj
 .bss.hUsbHostFS
                0x0000000020000244      0x3d8 CMakeFiles/timer_motor.elf.dir/USB_HOST/App/usb_host.c.obj
                0x0000000020000244                hUsbHostFS
 .bss.Appli_state
                0x000000002000061c        0x1 CMakeFiles/timer_motor.elf.dir/USB_HOST/App/usb_host.c.obj
                0x000000002000061c                Appli_state
 *fill*         0x000000002000061d        0x3 
 .bss.hhcd_USB_OTG_FS
                0x0000000020000620      0x2c4 CMakeFiles/timer_motor.elf.dir/USB_HOST/Target/usbh_conf.c.obj
                0x0000000020000620                hhcd_USB_OTG_FS
 .bss.__malloc_free_list
                0x00000000200008e4        0x4 /usr/lib/gcc/arm-none-eabi/10.2.0/../../../../arm-none-eabi/lib/thumb/v7e-m/nofp/libg_nano.a(lib_a-nano-mallocr.o)
                0x00000000200008e4                __malloc_free_list
 .bss.__malloc_sbrk_start
                0x00000000200008e8        0x4 /usr/lib/gcc/arm-none-eabi/10.2.0/../../../../arm-none-eabi/lib/thumb/v7e-m/nofp/libg_nano.a(lib_a-nano-mallocr.o)
                0x00000000200008e8                __malloc_sbrk_start
 *(COMMON)
 COMMON         0x00000000200008ec        0x9 /usr/lib/gcc/arm-none-eabi/10.2.0/../../../../arm-none-eabi/lib/thumb/v7e-m/nofp/libg_nano.a(lib_a-lock.o)
                0x00000000200008ec                __lock___atexit_recursive_mutex
                0x00000000200008ed                __lock___arc4random_mutex
                0x00000000200008ee                __lock___env_recursive_mutex
                0x00000000200008ef                __lock___sinit_recursive_mutex
                0x00000000200008f0                __lock___malloc_recursive_mutex
                0x00000000200008f1                __lock___at_quick_exit_mutex
                0x00000000200008f2                __lock___dd_hash_mutex
                0x00000000200008f3                __lock___tz_mutex
                0x00000000200008f4                __lock___sfp_recursive_mutex
 *fill*         0x00000000200008f5        0x3 
 COMMON         0x00000000200008f8        0x4 /usr/lib/gcc/arm-none-eabi/10.2.0/../../../../arm-none-eabi/lib/thumb/v7e-m/nofp/libg_nano.a(lib_a-reent.o)
                0x00000000200008f8                errno
                0x00000000200008fc                . = ALIGN (0x4)
                0x00000000200008fc                _ebss = .
                0x00000000200008fc                __bss_end__ = _ebss

._user_heap_stack
                0x00000000200008fc      0x604 load address 0x00000000080099f8
                0x0000000020000900                . = ALIGN (0x8)
 *fill*         0x00000000200008fc        0x4 
                0x0000000020000900                PROVIDE (end = .)
                [!provide]                        PROVIDE (_end = .)
                0x0000000020000b00                . = (. + _Min_Heap_Size)
 *fill*         0x0000000020000900      0x200 
                0x0000000020000f00                . = (. + _Min_Stack_Size)
 *fill*         0x0000000020000b00      0x400 
                0x0000000020000f00                . = ALIGN (0x8)

/DISCARD/
 libc.a(*)
 libm.a(*)
 libgcc.a(*)

.ARM.attributes
                0x0000000000000000       0x2a
 *(.ARM.attributes)
 .ARM.attributes
                0x0000000000000000       0x1e /usr/lib/gcc/arm-none-eabi/10.2.0/thumb/v7e-m/nofp/crti.o
 .ARM.attributes
                0x000000000000001e       0x2e /usr/lib/gcc/arm-none-eabi/10.2.0/thumb/v7e-m/nofp/crtbegin.o
 .ARM.attributes
                0x000000000000004c       0x2e CMakeFiles/timer_motor.elf.dir/Core/Src/gpio.c.obj
 .ARM.attributes
                0x000000000000007a       0x2e CMakeFiles/timer_motor.elf.dir/Core/Src/i2c.c.obj
 .ARM.attributes
                0x00000000000000a8       0x2e CMakeFiles/timer_motor.elf.dir/Core/Src/i2s.c.obj
 .ARM.attributes
                0x00000000000000d6       0x2e CMakeFiles/timer_motor.elf.dir/Core/Src/main.c.obj
 .ARM.attributes
                0x0000000000000104       0x2e CMakeFiles/timer_motor.elf.dir/Core/Src/spi.c.obj
 .ARM.attributes
                0x0000000000000132       0x2e CMakeFiles/timer_motor.elf.dir/Core/Src/stm32f4xx_hal_msp.c.obj
 .ARM.attributes
                0x0000000000000160       0x2e CMakeFiles/timer_motor.elf.dir/Core/Src/stm32f4xx_it.c.obj
 .ARM.attributes
                0x000000000000018e       0x2e CMakeFiles/timer_motor.elf.dir/Core/Src/syscalls.c.obj
 .ARM.attributes
                0x00000000000001bc       0x2e CMakeFiles/timer_motor.elf.dir/Core/Src/system_stm32f4xx.c.obj
 .ARM.attributes
                0x00000000000001ea       0x2e CMakeFiles/timer_motor.elf.dir/Core/Src/tim.c.obj
 .ARM.attributes
                0x0000000000000218       0x2e CMakeFiles/timer_motor.elf.dir/Drivers/STM32F4xx_HAL_Driver/Src/stm32f4xx_hal.c.obj
 .ARM.attributes
                0x0000000000000246       0x2e CMakeFiles/timer_motor.elf.dir/Drivers/STM32F4xx_HAL_Driver/Src/stm32f4xx_hal_cortex.c.obj
 .ARM.attributes
                0x0000000000000274       0x2e CMakeFiles/timer_motor.elf.dir/Drivers/STM32F4xx_HAL_Driver/Src/stm32f4xx_hal_gpio.c.obj
 .ARM.attributes
                0x00000000000002a2       0x2e CMakeFiles/timer_motor.elf.dir/Drivers/STM32F4xx_HAL_Driver/Src/stm32f4xx_hal_hcd.c.obj
 .ARM.attributes
                0x00000000000002d0       0x2e CMakeFiles/timer_motor.elf.dir/Drivers/STM32F4xx_HAL_Driver/Src/stm32f4xx_hal_i2c.c.obj
 .ARM.attributes
                0x00000000000002fe       0x2e CMakeFiles/timer_motor.elf.dir/Drivers/STM32F4xx_HAL_Driver/Src/stm32f4xx_hal_i2s.c.obj
 .ARM.attributes
                0x000000000000032c       0x2e CMakeFiles/timer_motor.elf.dir/Drivers/STM32F4xx_HAL_Driver/Src/stm32f4xx_hal_i2s_ex.c.obj
 .ARM.attributes
                0x000000000000035a       0x2e CMakeFiles/timer_motor.elf.dir/Drivers/STM32F4xx_HAL_Driver/Src/stm32f4xx_hal_rcc.c.obj
 .ARM.attributes
                0x0000000000000388       0x2e CMakeFiles/timer_motor.elf.dir/Drivers/STM32F4xx_HAL_Driver/Src/stm32f4xx_hal_rcc_ex.c.obj
 .ARM.attributes
                0x00000000000003b6       0x2e CMakeFiles/timer_motor.elf.dir/Drivers/STM32F4xx_HAL_Driver/Src/stm32f4xx_hal_spi.c.obj
 .ARM.attributes
                0x00000000000003e4       0x2e CMakeFiles/timer_motor.elf.dir/Drivers/STM32F4xx_HAL_Driver/Src/stm32f4xx_hal_tim.c.obj
 .ARM.attributes
                0x0000000000000412       0x2e CMakeFiles/timer_motor.elf.dir/Drivers/STM32F4xx_HAL_Driver/Src/stm32f4xx_hal_tim_ex.c.obj
 .ARM.attributes
                0x0000000000000440       0x2e CMakeFiles/timer_motor.elf.dir/Drivers/STM32F4xx_HAL_Driver/Src/stm32f4xx_ll_usb.c.obj
 .ARM.attributes
                0x000000000000046e       0x2e CMakeFiles/timer_motor.elf.dir/Middlewares/ST/STM32_USB_Host_Library/Class/CDC/Src/usbh_cdc.c.obj
 .ARM.attributes
                0x000000000000049c       0x2e CMakeFiles/timer_motor.elf.dir/Middlewares/ST/STM32_USB_Host_Library/Core/Src/usbh_core.c.obj
 .ARM.attributes
                0x00000000000004ca       0x2e CMakeFiles/timer_motor.elf.dir/Middlewares/ST/STM32_USB_Host_Library/Core/Src/usbh_ctlreq.c.obj
 .ARM.attributes
                0x00000000000004f8       0x2e CMakeFiles/timer_motor.elf.dir/Middlewares/ST/STM32_USB_Host_Library/Core/Src/usbh_ioreq.c.obj
 .ARM.attributes
                0x0000000000000526       0x2e CMakeFiles/timer_motor.elf.dir/Middlewares/ST/STM32_USB_Host_Library/Core/Src/usbh_pipes.c.obj
 .ARM.attributes
                0x0000000000000554       0x2e CMakeFiles/timer_motor.elf.dir/USB_HOST/App/usb_host.c.obj
 .ARM.attributes
                0x0000000000000582       0x2e CMakeFiles/timer_motor.elf.dir/USB_HOST/Target/usbh_conf.c.obj
 .ARM.attributes
                0x00000000000005b0       0x2e CMakeFiles/timer_motor.elf.dir/USB_HOST/Target/usbh_platform.c.obj
 .ARM.attributes
                0x00000000000005de       0x21 CMakeFiles/timer_motor.elf.dir/startup/startup_stm32f411xe.s.obj
 .ARM.attributes
                0x00000000000005ff       0x1e /usr/lib/gcc/arm-none-eabi/10.2.0/thumb/v7e-m/nofp/libgcc.a(_aeabi_uldivmod.o)
 .ARM.attributes
                0x000000000000061d       0x2e /usr/lib/gcc/arm-none-eabi/10.2.0/thumb/v7e-m/nofp/libgcc.a(_udivmoddi4.o)
 .ARM.attributes
                0x000000000000064b       0x1e /usr/lib/gcc/arm-none-eabi/10.2.0/thumb/v7e-m/nofp/libgcc.a(_dvmd_tls.o)
 .ARM.attributes
                0x0000000000000669       0x2e /usr/lib/gcc/arm-none-eabi/10.2.0/../../../../arm-none-eabi/lib/thumb/v7e-m/nofp/libg_nano.a(lib_a-errno.o)
 .ARM.attributes
                0x0000000000000697       0x2e /usr/lib/gcc/arm-none-eabi/10.2.0/../../../../arm-none-eabi/lib/thumb/v7e-m/nofp/libg_nano.a(lib_a-impure.o)
 .ARM.attributes
                0x00000000000006c5       0x2e /usr/lib/gcc/arm-none-eabi/10.2.0/../../../../arm-none-eabi/lib/thumb/v7e-m/nofp/libg_nano.a(lib_a-init.o)
 .ARM.attributes
                0x00000000000006f3       0x2e /usr/lib/gcc/arm-none-eabi/10.2.0/../../../../arm-none-eabi/lib/thumb/v7e-m/nofp/libg_nano.a(lib_a-malloc.o)
 .ARM.attributes
                0x0000000000000721       0x2e /usr/lib/gcc/arm-none-eabi/10.2.0/../../../../arm-none-eabi/lib/thumb/v7e-m/nofp/libg_nano.a(lib_a-memset.o)
 .ARM.attributes
                0x000000000000074f       0x2e /usr/lib/gcc/arm-none-eabi/10.2.0/../../../../arm-none-eabi/lib/thumb/v7e-m/nofp/libg_nano.a(lib_a-nano-freer.o)
 .ARM.attributes
                0x000000000000077d       0x2e /usr/lib/gcc/arm-none-eabi/10.2.0/../../../../arm-none-eabi/lib/thumb/v7e-m/nofp/libg_nano.a(lib_a-nano-mallocr.o)
 .ARM.attributes
                0x00000000000007ab       0x2e /usr/lib/gcc/arm-none-eabi/10.2.0/../../../../arm-none-eabi/lib/thumb/v7e-m/nofp/libg_nano.a(lib_a-sbrkr.o)
 .ARM.attributes
                0x00000000000007d9       0x2e /usr/lib/gcc/arm-none-eabi/10.2.0/../../../../arm-none-eabi/lib/thumb/v7e-m/nofp/libg_nano.a(lib_a-lock.o)
 .ARM.attributes
                0x0000000000000807       0x2e /usr/lib/gcc/arm-none-eabi/10.2.0/../../../../arm-none-eabi/lib/thumb/v7e-m/nofp/libg_nano.a(lib_a-mlock.o)
 .ARM.attributes
                0x0000000000000835       0x2e /usr/lib/gcc/arm-none-eabi/10.2.0/../../../../arm-none-eabi/lib/thumb/v7e-m/nofp/libg_nano.a(lib_a-reent.o)
 .ARM.attributes
                0x0000000000000863       0x1e /usr/lib/gcc/arm-none-eabi/10.2.0/thumb/v7e-m/nofp/crtn.o
OUTPUT(timer_motor.elf elf32-littlearm)
LOAD linker stubs
LOAD /usr/lib/gcc/arm-none-eabi/10.2.0/../../../../arm-none-eabi/lib/thumb/v7e-m/nofp/libc.a
LOAD /usr/lib/gcc/arm-none-eabi/10.2.0/../../../../arm-none-eabi/lib/thumb/v7e-m/nofp/libm.a
LOAD /usr/lib/gcc/arm-none-eabi/10.2.0/thumb/v7e-m/nofp/libgcc.a

.debug_info     0x0000000000000000    0x19d94
 .debug_info    0x0000000000000000      0x481 CMakeFiles/timer_motor.elf.dir/Core/Src/gpio.c.obj
 .debug_info    0x0000000000000481      0x9d4 CMakeFiles/timer_motor.elf.dir/Core/Src/i2c.c.obj
 .debug_info    0x0000000000000e55      0xa10 CMakeFiles/timer_motor.elf.dir/Core/Src/i2s.c.obj
 .debug_info    0x0000000000001865      0x644 CMakeFiles/timer_motor.elf.dir/Core/Src/main.c.obj
 .debug_info    0x0000000000001ea9      0x99f CMakeFiles/timer_motor.elf.dir/Core/Src/spi.c.obj
 .debug_info    0x0000000000002848      0x2c9 CMakeFiles/timer_motor.elf.dir/Core/Src/stm32f4xx_hal_msp.c.obj
 .debug_info    0x0000000000002b11      0xc54 CMakeFiles/timer_motor.elf.dir/Core/Src/stm32f4xx_it.c.obj
 .debug_info    0x0000000000003765      0x71a CMakeFiles/timer_motor.elf.dir/Core/Src/syscalls.c.obj
 .debug_info    0x0000000000003e7f      0x544 CMakeFiles/timer_motor.elf.dir/Core/Src/system_stm32f4xx.c.obj
 .debug_info    0x00000000000043c3      0xa7e CMakeFiles/timer_motor.elf.dir/Core/Src/tim.c.obj
 .debug_info    0x0000000000004e41      0x8c8 CMakeFiles/timer_motor.elf.dir/Drivers/STM32F4xx_HAL_Driver/Src/stm32f4xx_hal.c.obj
 .debug_info    0x0000000000005709      0xd98 CMakeFiles/timer_motor.elf.dir/Drivers/STM32F4xx_HAL_Driver/Src/stm32f4xx_hal_cortex.c.obj
 .debug_info    0x00000000000064a1      0x773 CMakeFiles/timer_motor.elf.dir/Drivers/STM32F4xx_HAL_Driver/Src/stm32f4xx_hal_gpio.c.obj
 .debug_info    0x0000000000006c14      0xe33 CMakeFiles/timer_motor.elf.dir/Drivers/STM32F4xx_HAL_Driver/Src/stm32f4xx_hal_hcd.c.obj
 .debug_info    0x0000000000007a47     0x24ee CMakeFiles/timer_motor.elf.dir/Drivers/STM32F4xx_HAL_Driver/Src/stm32f4xx_hal_i2c.c.obj
 .debug_info    0x0000000000009f35      0xe49 CMakeFiles/timer_motor.elf.dir/Drivers/STM32F4xx_HAL_Driver/Src/stm32f4xx_hal_i2s.c.obj
 .debug_info    0x000000000000ad7e      0xb23 CMakeFiles/timer_motor.elf.dir/Drivers/STM32F4xx_HAL_Driver/Src/stm32f4xx_hal_i2s_ex.c.obj
 .debug_info    0x000000000000b8a1      0x93e CMakeFiles/timer_motor.elf.dir/Drivers/STM32F4xx_HAL_Driver/Src/stm32f4xx_hal_rcc.c.obj
 .debug_info    0x000000000000c1df      0x5ac CMakeFiles/timer_motor.elf.dir/Drivers/STM32F4xx_HAL_Driver/Src/stm32f4xx_hal_rcc_ex.c.obj
 .debug_info    0x000000000000c78b     0x16a5 CMakeFiles/timer_motor.elf.dir/Drivers/STM32F4xx_HAL_Driver/Src/stm32f4xx_hal_spi.c.obj
 .debug_info    0x000000000000de30     0x25e6 CMakeFiles/timer_motor.elf.dir/Drivers/STM32F4xx_HAL_Driver/Src/stm32f4xx_hal_tim.c.obj
 .debug_info    0x0000000000010416     0x1178 CMakeFiles/timer_motor.elf.dir/Drivers/STM32F4xx_HAL_Driver/Src/stm32f4xx_hal_tim_ex.c.obj
 .debug_info    0x000000000001158e     0x1983 CMakeFiles/timer_motor.elf.dir/Drivers/STM32F4xx_HAL_Driver/Src/stm32f4xx_ll_usb.c.obj
 .debug_info    0x0000000000012f11     0x1301 CMakeFiles/timer_motor.elf.dir/Middlewares/ST/STM32_USB_Host_Library/Class/CDC/Src/usbh_cdc.c.obj
 .debug_info    0x0000000000014212      0xe90 CMakeFiles/timer_motor.elf.dir/Middlewares/ST/STM32_USB_Host_Library/Core/Src/usbh_core.c.obj
 .debug_info    0x00000000000150a2      0xf61 CMakeFiles/timer_motor.elf.dir/Middlewares/ST/STM32_USB_Host_Library/Core/Src/usbh_ctlreq.c.obj
 .debug_info    0x0000000000016003      0xcaa CMakeFiles/timer_motor.elf.dir/Middlewares/ST/STM32_USB_Host_Library/Core/Src/usbh_ioreq.c.obj
 .debug_info    0x0000000000016cad      0xad2 CMakeFiles/timer_motor.elf.dir/Middlewares/ST/STM32_USB_Host_Library/Core/Src/usbh_pipes.c.obj
 .debug_info    0x000000000001777f      0xa1b CMakeFiles/timer_motor.elf.dir/USB_HOST/App/usb_host.c.obj
 .debug_info    0x000000000001819a     0x1a1c CMakeFiles/timer_motor.elf.dir/USB_HOST/Target/usbh_conf.c.obj
 .debug_info    0x0000000000019bb6      0x1bc CMakeFiles/timer_motor.elf.dir/USB_HOST/Target/usbh_platform.c.obj
 .debug_info    0x0000000000019d72       0x22 CMakeFiles/timer_motor.elf.dir/startup/startup_stm32f411xe.s.obj

.debug_abbrev   0x0000000000000000     0x3f55
 .debug_abbrev  0x0000000000000000      0x11e CMakeFiles/timer_motor.elf.dir/Core/Src/gpio.c.obj
 .debug_abbrev  0x000000000000011e      0x19e CMakeFiles/timer_motor.elf.dir/Core/Src/i2c.c.obj
 .debug_abbrev  0x00000000000002bc      0x19e CMakeFiles/timer_motor.elf.dir/Core/Src/i2s.c.obj
 .debug_abbrev  0x000000000000045a      0x1c4 CMakeFiles/timer_motor.elf.dir/Core/Src/main.c.obj
 .debug_abbrev  0x000000000000061e      0x19e CMakeFiles/timer_motor.elf.dir/Core/Src/spi.c.obj
 .debug_abbrev  0x00000000000007bc       0xd1 CMakeFiles/timer_motor.elf.dir/Core/Src/stm32f4xx_hal_msp.c.obj
 .debug_abbrev  0x000000000000088d      0x1af CMakeFiles/timer_motor.elf.dir/Core/Src/stm32f4xx_it.c.obj
 .debug_abbrev  0x0000000000000a3c      0x1a3 CMakeFiles/timer_motor.elf.dir/Core/Src/syscalls.c.obj
 .debug_abbrev  0x0000000000000bdf      0x113 CMakeFiles/timer_motor.elf.dir/Core/Src/system_stm32f4xx.c.obj
 .debug_abbrev  0x0000000000000cf2      0x1af CMakeFiles/timer_motor.elf.dir/Core/Src/tim.c.obj
 .debug_abbrev  0x0000000000000ea1      0x208 CMakeFiles/timer_motor.elf.dir/Drivers/STM32F4xx_HAL_Driver/Src/stm32f4xx_hal.c.obj
 .debug_abbrev  0x00000000000010a9      0x313 CMakeFiles/timer_motor.elf.dir/Drivers/STM32F4xx_HAL_Driver/Src/stm32f4xx_hal_cortex.c.obj
 .debug_abbrev  0x00000000000013bc      0x1c1 CMakeFiles/timer_motor.elf.dir/Drivers/STM32F4xx_HAL_Driver/Src/stm32f4xx_hal_gpio.c.obj
 .debug_abbrev  0x000000000000157d      0x25d CMakeFiles/timer_motor.elf.dir/Drivers/STM32F4xx_HAL_Driver/Src/stm32f4xx_hal_hcd.c.obj
 .debug_abbrev  0x00000000000017da      0x264 CMakeFiles/timer_motor.elf.dir/Drivers/STM32F4xx_HAL_Driver/Src/stm32f4xx_hal_i2c.c.obj
 .debug_abbrev  0x0000000000001a3e      0x214 CMakeFiles/timer_motor.elf.dir/Drivers/STM32F4xx_HAL_Driver/Src/stm32f4xx_hal_i2s.c.obj
 .debug_abbrev  0x0000000000001c52      0x245 CMakeFiles/timer_motor.elf.dir/Drivers/STM32F4xx_HAL_Driver/Src/stm32f4xx_hal_i2s_ex.c.obj
 .debug_abbrev  0x0000000000001e97      0x25f CMakeFiles/timer_motor.elf.dir/Drivers/STM32F4xx_HAL_Driver/Src/stm32f4xx_hal_rcc.c.obj
 .debug_abbrev  0x00000000000020f6      0x18e CMakeFiles/timer_motor.elf.dir/Drivers/STM32F4xx_HAL_Driver/Src/stm32f4xx_hal_rcc_ex.c.obj
 .debug_abbrev  0x0000000000002284      0x23f CMakeFiles/timer_motor.elf.dir/Drivers/STM32F4xx_HAL_Driver/Src/stm32f4xx_hal_spi.c.obj
 .debug_abbrev  0x00000000000024c3      0x23f CMakeFiles/timer_motor.elf.dir/Drivers/STM32F4xx_HAL_Driver/Src/stm32f4xx_hal_tim.c.obj
 .debug_abbrev  0x0000000000002702      0x22d CMakeFiles/timer_motor.elf.dir/Drivers/STM32F4xx_HAL_Driver/Src/stm32f4xx_hal_tim_ex.c.obj
 .debug_abbrev  0x000000000000292f      0x277 CMakeFiles/timer_motor.elf.dir/Drivers/STM32F4xx_HAL_Driver/Src/stm32f4xx_ll_usb.c.obj
 .debug_abbrev  0x0000000000002ba6      0x2f9 CMakeFiles/timer_motor.elf.dir/Middlewares/ST/STM32_USB_Host_Library/Class/CDC/Src/usbh_cdc.c.obj
 .debug_abbrev  0x0000000000002e9f      0x317 CMakeFiles/timer_motor.elf.dir/Middlewares/ST/STM32_USB_Host_Library/Core/Src/usbh_core.c.obj
 .debug_abbrev  0x00000000000031b6      0x2ca CMakeFiles/timer_motor.elf.dir/Middlewares/ST/STM32_USB_Host_Library/Core/Src/usbh_ctlreq.c.obj
 .debug_abbrev  0x0000000000003480      0x218 CMakeFiles/timer_motor.elf.dir/Middlewares/ST/STM32_USB_Host_Library/Core/Src/usbh_ioreq.c.obj
 .debug_abbrev  0x0000000000003698      0x256 CMakeFiles/timer_motor.elf.dir/Middlewares/ST/STM32_USB_Host_Library/Core/Src/usbh_pipes.c.obj
 .debug_abbrev  0x00000000000038ee      0x22d CMakeFiles/timer_motor.elf.dir/USB_HOST/App/usb_host.c.obj
 .debug_abbrev  0x0000000000003b1b      0x33e CMakeFiles/timer_motor.elf.dir/USB_HOST/Target/usbh_conf.c.obj
 .debug_abbrev  0x0000000000003e59       0xea CMakeFiles/timer_motor.elf.dir/USB_HOST/Target/usbh_platform.c.obj
 .debug_abbrev  0x0000000000003f43       0x12 CMakeFiles/timer_motor.elf.dir/startup/startup_stm32f411xe.s.obj

.debug_aranges  0x0000000000000000     0x1730
 .debug_aranges
                0x0000000000000000       0x20 CMakeFiles/timer_motor.elf.dir/Core/Src/gpio.c.obj
 .debug_aranges
                0x0000000000000020       0x30 CMakeFiles/timer_motor.elf.dir/Core/Src/i2c.c.obj
 .debug_aranges
                0x0000000000000050       0x38 CMakeFiles/timer_motor.elf.dir/Core/Src/i2s.c.obj
 .debug_aranges
                0x0000000000000088       0x38 CMakeFiles/timer_motor.elf.dir/Core/Src/main.c.obj
 .debug_aranges
                0x00000000000000c0       0x30 CMakeFiles/timer_motor.elf.dir/Core/Src/spi.c.obj
 .debug_aranges
                0x00000000000000f0       0x20 CMakeFiles/timer_motor.elf.dir/Core/Src/stm32f4xx_hal_msp.c.obj
 .debug_aranges
                0x0000000000000110       0x70 CMakeFiles/timer_motor.elf.dir/Core/Src/stm32f4xx_it.c.obj
 .debug_aranges
                0x0000000000000180       0xb0 CMakeFiles/timer_motor.elf.dir/Core/Src/syscalls.c.obj
 .debug_aranges
                0x0000000000000230       0x28 CMakeFiles/timer_motor.elf.dir/Core/Src/system_stm32f4xx.c.obj
 .debug_aranges
                0x0000000000000258       0x30 CMakeFiles/timer_motor.elf.dir/Core/Src/tim.c.obj
 .debug_aranges
                0x0000000000000288       0xf0 CMakeFiles/timer_motor.elf.dir/Drivers/STM32F4xx_HAL_Driver/Src/stm32f4xx_hal.c.obj
 .debug_aranges
                0x0000000000000378      0x118 CMakeFiles/timer_motor.elf.dir/Drivers/STM32F4xx_HAL_Driver/Src/stm32f4xx_hal_cortex.c.obj
 .debug_aranges
                0x0000000000000490       0x58 CMakeFiles/timer_motor.elf.dir/Drivers/STM32F4xx_HAL_Driver/Src/stm32f4xx_hal_gpio.c.obj
 .debug_aranges
                0x00000000000004e8       0xf0 CMakeFiles/timer_motor.elf.dir/Drivers/STM32F4xx_HAL_Driver/Src/stm32f4xx_hal_hcd.c.obj
 .debug_aranges
                0x00000000000005d8      0x298 CMakeFiles/timer_motor.elf.dir/Drivers/STM32F4xx_HAL_Driver/Src/stm32f4xx_hal_i2c.c.obj
 .debug_aranges
                0x0000000000000870      0x108 CMakeFiles/timer_motor.elf.dir/Drivers/STM32F4xx_HAL_Driver/Src/stm32f4xx_hal_i2s.c.obj
 .debug_aranges
                0x0000000000000978       0x88 CMakeFiles/timer_motor.elf.dir/Drivers/STM32F4xx_HAL_Driver/Src/stm32f4xx_hal_i2s_ex.c.obj
 .debug_aranges
                0x0000000000000a00       0x88 CMakeFiles/timer_motor.elf.dir/Drivers/STM32F4xx_HAL_Driver/Src/stm32f4xx_hal_rcc.c.obj
 .debug_aranges
                0x0000000000000a88       0x50 CMakeFiles/timer_motor.elf.dir/Drivers/STM32F4xx_HAL_Driver/Src/stm32f4xx_hal_rcc_ex.c.obj
 .debug_aranges
                0x0000000000000ad8      0x1d0 CMakeFiles/timer_motor.elf.dir/Drivers/STM32F4xx_HAL_Driver/Src/stm32f4xx_hal_spi.c.obj
 .debug_aranges
                0x0000000000000ca8      0x3a8 CMakeFiles/timer_motor.elf.dir/Drivers/STM32F4xx_HAL_Driver/Src/stm32f4xx_hal_tim.c.obj
 .debug_aranges
                0x0000000000001050      0x150 CMakeFiles/timer_motor.elf.dir/Drivers/STM32F4xx_HAL_Driver/Src/stm32f4xx_hal_tim_ex.c.obj
 .debug_aranges
                0x00000000000011a0      0x198 CMakeFiles/timer_motor.elf.dir/Drivers/STM32F4xx_HAL_Driver/Src/stm32f4xx_ll_usb.c.obj
 .debug_aranges
                0x0000000000001338       0xa8 CMakeFiles/timer_motor.elf.dir/Middlewares/ST/STM32_USB_Host_Library/Class/CDC/Src/usbh_cdc.c.obj
 .debug_aranges
                0x00000000000013e0       0xc0 CMakeFiles/timer_motor.elf.dir/Middlewares/ST/STM32_USB_Host_Library/Core/Src/usbh_core.c.obj
 .debug_aranges
                0x00000000000014a0       0xa0 CMakeFiles/timer_motor.elf.dir/Middlewares/ST/STM32_USB_Host_Library/Core/Src/usbh_ctlreq.c.obj
 .debug_aranges
                0x0000000000001540       0x60 CMakeFiles/timer_motor.elf.dir/Middlewares/ST/STM32_USB_Host_Library/Core/Src/usbh_ioreq.c.obj
 .debug_aranges
                0x00000000000015a0       0x40 CMakeFiles/timer_motor.elf.dir/Middlewares/ST/STM32_USB_Host_Library/Core/Src/usbh_pipes.c.obj
 .debug_aranges
                0x00000000000015e0       0x30 CMakeFiles/timer_motor.elf.dir/USB_HOST/App/usb_host.c.obj
 .debug_aranges
                0x0000000000001610       0xd8 CMakeFiles/timer_motor.elf.dir/USB_HOST/Target/usbh_conf.c.obj
 .debug_aranges
                0x00000000000016e8       0x20 CMakeFiles/timer_motor.elf.dir/USB_HOST/Target/usbh_platform.c.obj
 .debug_aranges
                0x0000000000001708       0x28 CMakeFiles/timer_motor.elf.dir/startup/startup_stm32f411xe.s.obj

.debug_ranges   0x0000000000000000     0x1558
 .debug_ranges  0x0000000000000000       0x10 CMakeFiles/timer_motor.elf.dir/Core/Src/gpio.c.obj
 .debug_ranges  0x0000000000000010       0x20 CMakeFiles/timer_motor.elf.dir/Core/Src/i2c.c.obj
 .debug_ranges  0x0000000000000030       0x28 CMakeFiles/timer_motor.elf.dir/Core/Src/i2s.c.obj
 .debug_ranges  0x0000000000000058       0x28 CMakeFiles/timer_motor.elf.dir/Core/Src/main.c.obj
 .debug_ranges  0x0000000000000080       0x20 CMakeFiles/timer_motor.elf.dir/Core/Src/spi.c.obj
 .debug_ranges  0x00000000000000a0       0x10 CMakeFiles/timer_motor.elf.dir/Core/Src/stm32f4xx_hal_msp.c.obj
 .debug_ranges  0x00000000000000b0       0x60 CMakeFiles/timer_motor.elf.dir/Core/Src/stm32f4xx_it.c.obj
 .debug_ranges  0x0000000000000110       0xa0 CMakeFiles/timer_motor.elf.dir/Core/Src/syscalls.c.obj
 .debug_ranges  0x00000000000001b0       0x18 CMakeFiles/timer_motor.elf.dir/Core/Src/system_stm32f4xx.c.obj
 .debug_ranges  0x00000000000001c8       0x20 CMakeFiles/timer_motor.elf.dir/Core/Src/tim.c.obj
 .debug_ranges  0x00000000000001e8       0xe0 CMakeFiles/timer_motor.elf.dir/Drivers/STM32F4xx_HAL_Driver/Src/stm32f4xx_hal.c.obj
 .debug_ranges  0x00000000000002c8      0x108 CMakeFiles/timer_motor.elf.dir/Drivers/STM32F4xx_HAL_Driver/Src/stm32f4xx_hal_cortex.c.obj
 .debug_ranges  0x00000000000003d0       0x48 CMakeFiles/timer_motor.elf.dir/Drivers/STM32F4xx_HAL_Driver/Src/stm32f4xx_hal_gpio.c.obj
 .debug_ranges  0x0000000000000418       0xe0 CMakeFiles/timer_motor.elf.dir/Drivers/STM32F4xx_HAL_Driver/Src/stm32f4xx_hal_hcd.c.obj
 .debug_ranges  0x00000000000004f8      0x2a8 CMakeFiles/timer_motor.elf.dir/Drivers/STM32F4xx_HAL_Driver/Src/stm32f4xx_hal_i2c.c.obj
 .debug_ranges  0x00000000000007a0       0xf8 CMakeFiles/timer_motor.elf.dir/Drivers/STM32F4xx_HAL_Driver/Src/stm32f4xx_hal_i2s.c.obj
 .debug_ranges  0x0000000000000898       0x78 CMakeFiles/timer_motor.elf.dir/Drivers/STM32F4xx_HAL_Driver/Src/stm32f4xx_hal_i2s_ex.c.obj
 .debug_ranges  0x0000000000000910       0x78 CMakeFiles/timer_motor.elf.dir/Drivers/STM32F4xx_HAL_Driver/Src/stm32f4xx_hal_rcc.c.obj
 .debug_ranges  0x0000000000000988       0x40 CMakeFiles/timer_motor.elf.dir/Drivers/STM32F4xx_HAL_Driver/Src/stm32f4xx_hal_rcc_ex.c.obj
 .debug_ranges  0x00000000000009c8      0x1c0 CMakeFiles/timer_motor.elf.dir/Drivers/STM32F4xx_HAL_Driver/Src/stm32f4xx_hal_spi.c.obj
 .debug_ranges  0x0000000000000b88      0x398 CMakeFiles/timer_motor.elf.dir/Drivers/STM32F4xx_HAL_Driver/Src/stm32f4xx_hal_tim.c.obj
 .debug_ranges  0x0000000000000f20      0x140 CMakeFiles/timer_motor.elf.dir/Drivers/STM32F4xx_HAL_Driver/Src/stm32f4xx_hal_tim_ex.c.obj
 .debug_ranges  0x0000000000001060      0x188 CMakeFiles/timer_motor.elf.dir/Drivers/STM32F4xx_HAL_Driver/Src/stm32f4xx_ll_usb.c.obj
 .debug_ranges  0x00000000000011e8       0x98 CMakeFiles/timer_motor.elf.dir/Middlewares/ST/STM32_USB_Host_Library/Class/CDC/Src/usbh_cdc.c.obj
 .debug_ranges  0x0000000000001280       0xb0 CMakeFiles/timer_motor.elf.dir/Middlewares/ST/STM32_USB_Host_Library/Core/Src/usbh_core.c.obj
 .debug_ranges  0x0000000000001330       0x90 CMakeFiles/timer_motor.elf.dir/Middlewares/ST/STM32_USB_Host_Library/Core/Src/usbh_ctlreq.c.obj
 .debug_ranges  0x00000000000013c0       0x50 CMakeFiles/timer_motor.elf.dir/Middlewares/ST/STM32_USB_Host_Library/Core/Src/usbh_ioreq.c.obj
 .debug_ranges  0x0000000000001410       0x30 CMakeFiles/timer_motor.elf.dir/Middlewares/ST/STM32_USB_Host_Library/Core/Src/usbh_pipes.c.obj
 .debug_ranges  0x0000000000001440       0x20 CMakeFiles/timer_motor.elf.dir/USB_HOST/App/usb_host.c.obj
 .debug_ranges  0x0000000000001460       0xc8 CMakeFiles/timer_motor.elf.dir/USB_HOST/Target/usbh_conf.c.obj
 .debug_ranges  0x0000000000001528       0x10 CMakeFiles/timer_motor.elf.dir/USB_HOST/Target/usbh_platform.c.obj
 .debug_ranges  0x0000000000001538       0x20 CMakeFiles/timer_motor.elf.dir/startup/startup_stm32f411xe.s.obj

.debug_line     0x0000000000000000    0x13f8f
 .debug_line    0x0000000000000000      0x1e4 CMakeFiles/timer_motor.elf.dir/Core/Src/gpio.c.obj
 .debug_line    0x00000000000001e4      0x272 CMakeFiles/timer_motor.elf.dir/Core/Src/i2c.c.obj
 .debug_line    0x0000000000000456      0x30a CMakeFiles/timer_motor.elf.dir/Core/Src/i2s.c.obj
 .debug_line    0x0000000000000760      0x288 CMakeFiles/timer_motor.elf.dir/Core/Src/main.c.obj
 .debug_line    0x00000000000009e8      0x27a CMakeFiles/timer_motor.elf.dir/Core/Src/spi.c.obj
 .debug_line    0x0000000000000c62      0x13d CMakeFiles/timer_motor.elf.dir/Core/Src/stm32f4xx_hal_msp.c.obj
 .debug_line    0x0000000000000d9f      0x358 CMakeFiles/timer_motor.elf.dir/Core/Src/stm32f4xx_it.c.obj
 .debug_line    0x00000000000010f7      0x35b CMakeFiles/timer_motor.elf.dir/Core/Src/syscalls.c.obj
 .debug_line    0x0000000000001452      0x228 CMakeFiles/timer_motor.elf.dir/Core/Src/system_stm32f4xx.c.obj
 .debug_line    0x000000000000167a      0x260 CMakeFiles/timer_motor.elf.dir/Core/Src/tim.c.obj
 .debug_line    0x00000000000018da      0x51d CMakeFiles/timer_motor.elf.dir/Drivers/STM32F4xx_HAL_Driver/Src/stm32f4xx_hal.c.obj
 .debug_line    0x0000000000001df7      0x966 CMakeFiles/timer_motor.elf.dir/Drivers/STM32F4xx_HAL_Driver/Src/stm32f4xx_hal_cortex.c.obj
 .debug_line    0x000000000000275d      0x79c CMakeFiles/timer_motor.elf.dir/Drivers/STM32F4xx_HAL_Driver/Src/stm32f4xx_hal_gpio.c.obj
 .debug_line    0x0000000000002ef9      0xc29 CMakeFiles/timer_motor.elf.dir/Drivers/STM32F4xx_HAL_Driver/Src/stm32f4xx_hal_hcd.c.obj
 .debug_line    0x0000000000003b22     0x34f4 CMakeFiles/timer_motor.elf.dir/Drivers/STM32F4xx_HAL_Driver/Src/stm32f4xx_hal_i2c.c.obj
 .debug_line    0x0000000000007016      0xf2d CMakeFiles/timer_motor.elf.dir/Drivers/STM32F4xx_HAL_Driver/Src/stm32f4xx_hal_i2s.c.obj
 .debug_line    0x0000000000007f43      0xfa4 CMakeFiles/timer_motor.elf.dir/Drivers/STM32F4xx_HAL_Driver/Src/stm32f4xx_hal_i2s_ex.c.obj
 .debug_line    0x0000000000008ee7      0xa29 CMakeFiles/timer_motor.elf.dir/Drivers/STM32F4xx_HAL_Driver/Src/stm32f4xx_hal_rcc.c.obj
 .debug_line    0x0000000000009910      0x644 CMakeFiles/timer_motor.elf.dir/Drivers/STM32F4xx_HAL_Driver/Src/stm32f4xx_hal_rcc_ex.c.obj
 .debug_line    0x0000000000009f54     0x185f CMakeFiles/timer_motor.elf.dir/Drivers/STM32F4xx_HAL_Driver/Src/stm32f4xx_hal_spi.c.obj
 .debug_line    0x000000000000b7b3     0x3f47 CMakeFiles/timer_motor.elf.dir/Drivers/STM32F4xx_HAL_Driver/Src/stm32f4xx_hal_tim.c.obj
 .debug_line    0x000000000000f6fa     0x10ef CMakeFiles/timer_motor.elf.dir/Drivers/STM32F4xx_HAL_Driver/Src/stm32f4xx_hal_tim_ex.c.obj