Archive member included to satisfy reference by file (symbol)

/usr/lib/gcc/arm-none-eabi/10.2.0/thumb/v7e-m/nofp/libgcc.a(_aeabi_uldivmod.o)
                              CMakeFiles/timers_diodes.elf.dir/Drivers/STM32F4xx_HAL_Driver/Src/stm32f4xx_hal_rcc.c.obj (__aeabi_uldivmod)
/usr/lib/gcc/arm-none-eabi/10.2.0/thumb/v7e-m/nofp/libgcc.a(_udivmoddi4.o)
                              /usr/lib/gcc/arm-none-eabi/10.2.0/thumb/v7e-m/nofp/libgcc.a(_aeabi_uldivmod.o) (__udivmoddi4)
/usr/lib/gcc/arm-none-eabi/10.2.0/thumb/v7e-m/nofp/libgcc.a(_dvmd_tls.o)
                              /usr/lib/gcc/arm-none-eabi/10.2.0/thumb/v7e-m/nofp/libgcc.a(_aeabi_uldivmod.o) (__aeabi_ldiv0)
/usr/lib/gcc/arm-none-eabi/10.2.0/../../../../arm-none-eabi/lib/thumb/v7e-m/nofp/libg_nano.a(lib_a-atexit.o)
                              /usr/lib/gcc/arm-none-eabi/10.2.0/../../../../arm-none-eabi/lib/thumb/v7e-m/nofp/crt0.o (atexit)
/usr/lib/gcc/arm-none-eabi/10.2.0/../../../../arm-none-eabi/lib/thumb/v7e-m/nofp/libg_nano.a(lib_a-errno.o)
                              CMakeFiles/timers_diodes.elf.dir/Core/Src/syscalls.c.obj (__errno)
/usr/lib/gcc/arm-none-eabi/10.2.0/../../../../arm-none-eabi/lib/thumb/v7e-m/nofp/libg_nano.a(lib_a-exit.o)
                              /usr/lib/gcc/arm-none-eabi/10.2.0/../../../../arm-none-eabi/lib/thumb/v7e-m/nofp/crt0.o (exit)
/usr/lib/gcc/arm-none-eabi/10.2.0/../../../../arm-none-eabi/lib/thumb/v7e-m/nofp/libg_nano.a(lib_a-fini.o)
                              /usr/lib/gcc/arm-none-eabi/10.2.0/../../../../arm-none-eabi/lib/thumb/v7e-m/nofp/crt0.o (__libc_fini_array)
/usr/lib/gcc/arm-none-eabi/10.2.0/../../../../arm-none-eabi/lib/thumb/v7e-m/nofp/libg_nano.a(lib_a-impure.o)
                              /usr/lib/gcc/arm-none-eabi/10.2.0/../../../../arm-none-eabi/lib/thumb/v7e-m/nofp/libg_nano.a(lib_a-exit.o) (_global_impure_ptr)
/usr/lib/gcc/arm-none-eabi/10.2.0/../../../../arm-none-eabi/lib/thumb/v7e-m/nofp/libg_nano.a(lib_a-init.o)
                              /usr/lib/gcc/arm-none-eabi/10.2.0/../../../../arm-none-eabi/lib/thumb/v7e-m/nofp/crt0.o (__libc_init_array)
/usr/lib/gcc/arm-none-eabi/10.2.0/../../../../arm-none-eabi/lib/thumb/v7e-m/nofp/libg_nano.a(lib_a-malloc.o)
                              CMakeFiles/timers_diodes.elf.dir/Middlewares/ST/STM32_USB_Host_Library/Class/CDC/Src/usbh_cdc.c.obj (malloc)
/usr/lib/gcc/arm-none-eabi/10.2.0/../../../../arm-none-eabi/lib/thumb/v7e-m/nofp/libg_nano.a(lib_a-memset.o)
                              /usr/lib/gcc/arm-none-eabi/10.2.0/../../../../arm-none-eabi/lib/thumb/v7e-m/nofp/crt0.o (memset)
/usr/lib/gcc/arm-none-eabi/10.2.0/../../../../arm-none-eabi/lib/thumb/v7e-m/nofp/libg_nano.a(lib_a-nano-freer.o)
                              /usr/lib/gcc/arm-none-eabi/10.2.0/../../../../arm-none-eabi/lib/thumb/v7e-m/nofp/libg_nano.a(lib_a-malloc.o) (_free_r)
/usr/lib/gcc/arm-none-eabi/10.2.0/../../../../arm-none-eabi/lib/thumb/v7e-m/nofp/libg_nano.a(lib_a-nano-mallocr.o)
                              /usr/lib/gcc/arm-none-eabi/10.2.0/../../../../arm-none-eabi/lib/thumb/v7e-m/nofp/libg_nano.a(lib_a-malloc.o) (_malloc_r)
/usr/lib/gcc/arm-none-eabi/10.2.0/../../../../arm-none-eabi/lib/thumb/v7e-m/nofp/libg_nano.a(lib_a-sbrkr.o)
                              /usr/lib/gcc/arm-none-eabi/10.2.0/../../../../arm-none-eabi/lib/thumb/v7e-m/nofp/libg_nano.a(lib_a-nano-mallocr.o) (_sbrk_r)
/usr/lib/gcc/arm-none-eabi/10.2.0/../../../../arm-none-eabi/lib/thumb/v7e-m/nofp/libg_nano.a(lib_a-__atexit.o)
                              /usr/lib/gcc/arm-none-eabi/10.2.0/../../../../arm-none-eabi/lib/thumb/v7e-m/nofp/libg_nano.a(lib_a-atexit.o) (__register_exitproc)
/usr/lib/gcc/arm-none-eabi/10.2.0/../../../../arm-none-eabi/lib/thumb/v7e-m/nofp/libg_nano.a(lib_a-__call_atexit.o)
                              /usr/lib/gcc/arm-none-eabi/10.2.0/../../../../arm-none-eabi/lib/thumb/v7e-m/nofp/libg_nano.a(lib_a-__atexit.o) (__call_exitprocs)
/usr/lib/gcc/arm-none-eabi/10.2.0/../../../../arm-none-eabi/lib/thumb/v7e-m/nofp/libg_nano.a(lib_a-lock.o)
                              /usr/lib/gcc/arm-none-eabi/10.2.0/../../../../arm-none-eabi/lib/thumb/v7e-m/nofp/libg_nano.a(lib_a-__atexit.o) (__retarget_lock_acquire_recursive)
/usr/lib/gcc/arm-none-eabi/10.2.0/../../../../arm-none-eabi/lib/thumb/v7e-m/nofp/libg_nano.a(lib_a-mlock.o)
                              /usr/lib/gcc/arm-none-eabi/10.2.0/../../../../arm-none-eabi/lib/thumb/v7e-m/nofp/libg_nano.a(lib_a-nano-freer.o) (__malloc_lock)
/usr/lib/gcc/arm-none-eabi/10.2.0/../../../../arm-none-eabi/lib/thumb/v7e-m/nofp/libg_nano.a(lib_a-reent.o)
                              /usr/lib/gcc/arm-none-eabi/10.2.0/../../../../arm-none-eabi/lib/thumb/v7e-m/nofp/libg_nano.a(lib_a-sbrkr.o) (errno)

Allocating common symbols
Common symbol       size              file

__lock___atexit_recursive_mutex
                    0x1               /usr/lib/gcc/arm-none-eabi/10.2.0/../../../../arm-none-eabi/lib/thumb/v7e-m/nofp/libg_nano.a(lib_a-lock.o)
[...]
Memory Configuration

Name             Origin             Length             Attributes
RAM              0x0000000020000000 0x0000000000020000 xrw
FLASH            0x0000000008000000 0x0000000000080000 xr
*default*        0x0000000000000000 0xffffffffffffffff

Linker script and memory map

LOAD /usr/lib/gcc/arm-none-eabi/10.2.0/thumb/v7e-m/nofp/crti.o
LOAD /usr/lib/gcc/arm-none-eabi/10.2.0/thumb/v7e-m/nofp/crtbegin.o
LOAD /usr/lib/gcc/arm-none-eabi/10.2.0/../../../../arm-none-eabi/lib/thumb/v7e-m/nofp/crt0.o
LOAD CMakeFiles/timers_diodes.elf.dir/Core/Src/gpio.c.obj
LOAD CMakeFiles/timers_diodes.elf.dir/Core/Src/i2c.c.obj
LOAD CMakeFiles/timers_diodes.elf.dir/Core/Src/i2s.c.obj
LOAD CMakeFiles/timers_diodes.elf.dir/Core/Src/main.c.obj
LOAD CMakeFiles/timers_diodes.elf.dir/Core/Src/spi.c.obj
LOAD CMakeFiles/timers_diodes.elf.dir/Core/Src/stm32f4xx_hal_msp.c.obj
LOAD CMakeFiles/timers_diodes.elf.dir/Core/Src/stm32f4xx_it.c.obj
LOAD CMakeFiles/timers_diodes.elf.dir/Core/Src/syscalls.c.obj
LOAD CMakeFiles/timers_diodes.elf.dir/Core/Src/system_stm32f4xx.c.obj
LOAD CMakeFiles/timers_diodes.elf.dir/Core/Src/tim.c.obj
LOAD CMakeFiles/timers_diodes.elf.dir/Drivers/STM32F4xx_HAL_Driver/Src/stm32f4xx_hal.c.obj
LOAD CMakeFiles/timers_diodes.elf.dir/Drivers/STM32F4xx_HAL_Driver/Src/stm32f4xx_hal_cortex.c.obj
LOAD CMakeFiles/timers_diodes.elf.dir/Drivers/STM32F4xx_HAL_Driver/Src/stm32f4xx_hal_dma.c.obj
LOAD CMakeFiles/timers_diodes.elf.dir/Drivers/STM32F4xx_HAL_Driver/Src/stm32f4xx_hal_dma_ex.c.obj
LOAD CMakeFiles/timers_diodes.elf.dir/Drivers/STM32F4xx_HAL_Driver/Src/stm32f4xx_hal_exti.c.obj
LOAD CMakeFiles/timers_diodes.elf.dir/Drivers/STM32F4xx_HAL_Driver/Src/stm32f4xx_hal_flash.c.obj
LOAD CMakeFiles/timers_diodes.elf.dir/Drivers/STM32F4xx_HAL_Driver/Src/stm32f4xx_hal_flash_ex.c.obj
LOAD CMakeFiles/timers_diodes.elf.dir/Drivers/STM32F4xx_HAL_Driver/Src/stm32f4xx_hal_flash_ramfunc.c.obj
LOAD CMakeFiles/timers_diodes.elf.dir/Drivers/STM32F4xx_HAL_Driver/Src/stm32f4xx_hal_gpio.c.obj
LOAD CMakeFiles/timers_diodes.elf.dir/Drivers/STM32F4xx_HAL_Driver/Src/stm32f4xx_hal_hcd.c.obj
LOAD CMakeFiles/timers_diodes.elf.dir/Drivers/STM32F4xx_HAL_Driver/Src/stm32f4xx_hal_i2c.c.obj
LOAD CMakeFiles/timers_diodes.elf.dir/Drivers/STM32F4xx_HAL_Driver/Src/stm32f4xx_hal_i2c_ex.c.obj
LOAD CMakeFiles/timers_diodes.elf.dir/Drivers/STM32F4xx_HAL_Driver/Src/stm32f4xx_hal_i2s.c.obj
LOAD CMakeFiles/timers_diodes.elf.dir/Drivers/STM32F4xx_HAL_Driver/Src/stm32f4xx_hal_i2s_ex.c.obj
LOAD CMakeFiles/timers_diodes.elf.dir/Drivers/STM32F4xx_HAL_Driver/Src/stm32f4xx_hal_pwr.c.obj
LOAD CMakeFiles/timers_diodes.elf.dir/Drivers/STM32F4xx_HAL_Driver/Src/stm32f4xx_hal_pwr_ex.c.obj
LOAD CMakeFiles/timers_diodes.elf.dir/Drivers/STM32F4xx_HAL_Driver/Src/stm32f4xx_hal_rcc.c.obj
LOAD CMakeFiles/timers_diodes.elf.dir/Drivers/STM32F4xx_HAL_Driver/Src/stm32f4xx_hal_rcc_ex.c.obj
LOAD CMakeFiles/timers_diodes.elf.dir/Drivers/STM32F4xx_HAL_Driver/Src/stm32f4xx_hal_spi.c.obj
LOAD CMakeFiles/timers_diodes.elf.dir/Drivers/STM32F4xx_HAL_Driver/Src/stm32f4xx_hal_tim.c.obj
LOAD CMakeFiles/timers_diodes.elf.dir/Drivers/STM32F4xx_HAL_Driver/Src/stm32f4xx_hal_tim_ex.c.obj
LOAD CMakeFiles/timers_diodes.elf.dir/Drivers/STM32F4xx_HAL_Driver/Src/stm32f4xx_ll_usb.c.obj
LOAD CMakeFiles/timers_diodes.elf.dir/Middlewares/ST/STM32_USB_Host_Library/Class/CDC/Src/usbh_cdc.c.obj
LOAD CMakeFiles/timers_diodes.elf.dir/Middlewares/ST/STM32_USB_Host_Library/Core/Src/usbh_core.c.obj
LOAD CMakeFiles/timers_diodes.elf.dir/Middlewares/ST/STM32_USB_Host_Library/Core/Src/usbh_ctlreq.c.obj
LOAD CMakeFiles/timers_diodes.elf.dir/Middlewares/ST/STM32_USB_Host_Library/Core/Src/usbh_ioreq.c.obj
LOAD CMakeFiles/timers_diodes.elf.dir/Middlewares/ST/STM32_USB_Host_Library/Core/Src/usbh_pipes.c.obj
LOAD CMakeFiles/timers_diodes.elf.dir/USB_HOST/App/usb_host.c.obj
LOAD CMakeFiles/timers_diodes.elf.dir/USB_HOST/Target/usbh_conf.c.obj
LOAD CMakeFiles/timers_diodes.elf.dir/USB_HOST/Target/usbh_platform.c.obj
LOAD CMakeFiles/timers_diodes.elf.dir/startup/startup_stm32f411xe.s.obj
START GROUP
LOAD /usr/lib/gcc/arm-none-eabi/10.2.0/thumb/v7e-m/nofp/libgcc.a
LOAD /usr/lib/gcc/arm-none-eabi/10.2.0/../../../../arm-none-eabi/lib/thumb/v7e-m/nofp/libg_nano.a
LOAD /usr/lib/gcc/arm-none-eabi/10.2.0/../../../../arm-none-eabi/lib/thumb/v7e-m/nofp/libc_nano.a
END GROUP
START GROUP
LOAD /usr/lib/gcc/arm-none-eabi/10.2.0/thumb/v7e-m/nofp/libgcc.a
LOAD /usr/lib/gcc/arm-none-eabi/10.2.0/../../../../arm-none-eabi/lib/thumb/v7e-m/nofp/libc_nano.a
LOAD /usr/lib/gcc/arm-none-eabi/10.2.0/../../../../arm-none-eabi/lib/thumb/v7e-m/nofp/libnosys.a
END GROUP
START GROUP
LOAD /usr/lib/gcc/arm-none-eabi/10.2.0/thumb/v7e-m/nofp/libgcc.a
LOAD /usr/lib/gcc/arm-none-eabi/10.2.0/../../../../arm-none-eabi/lib/thumb/v7e-m/nofp/libc_nano.a
LOAD /usr/lib/gcc/arm-none-eabi/10.2.0/../../../../arm-none-eabi/lib/thumb/v7e-m/nofp/libnosys.a
END GROUP
LOAD /usr/lib/gcc/arm-none-eabi/10.2.0/thumb/v7e-m/nofp/crtend.o
LOAD /usr/lib/gcc/arm-none-eabi/10.2.0/thumb/v7e-m/nofp/crtn.o
                0x0000000020020000                _estack = 0x20020000
                0x0000000000000200                _Min_Heap_Size = 0x200
                0x0000000000000400                _Min_Stack_Size = 0x400

.isr_vector     0x0000000008000000      0x198
                0x0000000008000000                . = ALIGN (0x4)
 *(.isr_vector)
 .isr_vector    0x0000000008000000      0x198 CMakeFiles/timers_diodes.elf.dir/startup/startup_stm32f411xe.s.obj
                0x0000000008000000                g_pfnVectors
                0x0000000008000198                . = ALIGN (0x4)

.text           0x0000000008000198     0x95a0
                0x0000000008000198                . = ALIGN (0x4)
 *(.text)
 .text          0x0000000008000198       0x30 /usr/lib/gcc/arm-none-eabi/10.2.0/thumb/v7e-m/nofp/libgcc.a(_aeabi_uldivmod.o)
                0x0000000008000198                __aeabi_uldivmod
 .text          0x00000000080001c8        0x4 /usr/lib/gcc/arm-none-eabi/10.2.0/thumb/v7e-m/nofp/libgcc.a(_dvmd_tls.o)
                0x00000000080001c8                __aeabi_ldiv0
                0x00000000080001c8                __aeabi_idiv0
 *(.text*)
 .text.__do_global_dtors_aux
                0x00000000080001cc       0x24 /usr/lib/gcc/arm-none-eabi/10.2.0/thumb/v7e-m/nofp/crtbegin.o
 .text.frame_dummy
                0x00000000080001f0       0x1c /usr/lib/gcc/arm-none-eabi/10.2.0/thumb/v7e-m/nofp/crtbegin.o
 .text.MX_GPIO_Init
                0x000000000800020c      0x1b4 CMakeFiles/timers_diodes.elf.dir/Core/Src/gpio.c.obj
                0x000000000800020c                MX_GPIO_Init
 .text.MX_I2C1_Init
                0x00000000080003c0       0x5c CMakeFiles/timers_diodes.elf.dir/Core/Src/i2c.c.obj
                0x00000000080003c0                MX_I2C1_Init
 .text.HAL_I2C_MspInit
                0x000000000800041c       0x90 CMakeFiles/timers_diodes.elf.dir/Core/Src/i2c.c.obj
                0x000000000800041c                HAL_I2C_MspInit
 .text.MX_I2S2_Init
                0x00000000080004ac       0x5c CMakeFiles/timers_diodes.elf.dir/Core/Src/i2s.c.obj
                0x00000000080004ac                MX_I2S2_Init
 .text.MX_I2S3_Init
                0x0000000008000508       0x60 CMakeFiles/timers_diodes.elf.dir/Core/Src/i2s.c.obj
                0x0000000008000508                MX_I2S3_Init
 .text.HAL_I2S_MspInit
                0x0000000008000568      0x19c CMakeFiles/timers_diodes.elf.dir/Core/Src/i2s.c.obj
                0x0000000008000568                HAL_I2S_MspInit
 .text.HAL_TIM_PeriodElapsedCallback
                0x0000000008000704       0x40 CMakeFiles/timers_diodes.elf.dir/Core/Src/main.c.obj
                0x0000000008000704                HAL_TIM_PeriodElapsedCallback
 .text.main     0x0000000008000744       0x48 CMakeFiles/timers_diodes.elf.dir/Core/Src/main.c.obj
                0x0000000008000744                main
 .text.SystemClock_Config
                0x000000000800078c      0x108 CMakeFiles/timers_diodes.elf.dir/Core/Src/main.c.obj
                0x000000000800078c                SystemClock_Config
 .text.Error_Handler
                0x0000000008000894        0xc CMakeFiles/timers_diodes.elf.dir/Core/Src/main.c.obj
                0x0000000008000894                Error_Handler
 .text.assert_failed
                0x00000000080008a0       0x14 CMakeFiles/timers_diodes.elf.dir/Core/Src/main.c.obj
                0x00000000080008a0                assert_failed
 .text.MX_SPI1_Init
                0x00000000080008b4       0x6c CMakeFiles/timers_diodes.elf.dir/Core/Src/spi.c.obj
                0x00000000080008b4                MX_SPI1_Init
 .text.HAL_SPI_MspInit
                0x0000000008000920       0x90 CMakeFiles/timers_diodes.elf.dir/Core/Src/spi.c.obj
                0x0000000008000920                HAL_SPI_MspInit
 .text.HAL_MspInit
                0x00000000080009b0       0x50 CMakeFiles/timers_diodes.elf.dir/Core/Src/stm32f4xx_hal_msp.c.obj
                0x00000000080009b0                HAL_MspInit
 .text.NMI_Handler
                0x0000000008000a00        0xc CMakeFiles/timers_diodes.elf.dir/Core/Src/stm32f4xx_it.c.obj
                0x0000000008000a00                NMI_Handler
 .text.HardFault_Handler
                0x0000000008000a0c        0x6 CMakeFiles/timers_diodes.elf.dir/Core/Src/stm32f4xx_it.c.obj
                0x0000000008000a0c                HardFault_Handler
 .text.MemManage_Handler
                0x0000000008000a12        0x6 CMakeFiles/timers_diodes.elf.dir/Core/Src/stm32f4xx_it.c.obj
                0x0000000008000a12                MemManage_Handler
 .text.BusFault_Handler
                0x0000000008000a18        0x6 CMakeFiles/timers_diodes.elf.dir/Core/Src/stm32f4xx_it.c.obj
                0x0000000008000a18                BusFault_Handler
 .text.UsageFault_Handler
                0x0000000008000a1e        0x6 CMakeFiles/timers_diodes.elf.dir/Core/Src/stm32f4xx_it.c.obj
                0x0000000008000a1e                UsageFault_Handler
 .text.SVC_Handler
                0x0000000008000a24        0xc CMakeFiles/timers_diodes.elf.dir/Core/Src/stm32f4xx_it.c.obj
                0x0000000008000a24                SVC_Handler
 .text.DebugMon_Handler
                0x0000000008000a30        0xc CMakeFiles/timers_diodes.elf.dir/Core/Src/stm32f4xx_it.c.obj
                0x0000000008000a30                DebugMon_Handler
 .text.PendSV_Handler
                0x0000000008000a3c        0xc CMakeFiles/timers_diodes.elf.dir/Core/Src/stm32f4xx_it.c.obj
                0x0000000008000a3c                PendSV_Handler
 .text.SysTick_Handler
                0x0000000008000a48        0xc CMakeFiles/timers_diodes.elf.dir/Core/Src/stm32f4xx_it.c.obj
                0x0000000008000a48                SysTick_Handler
 .text.TIM1_UP_TIM10_IRQHandler
                0x0000000008000a54       0x14 CMakeFiles/timers_diodes.elf.dir/Core/Src/stm32f4xx_it.c.obj
                0x0000000008000a54                TIM1_UP_TIM10_IRQHandler
 .text.TIM2_IRQHandler
                0x0000000008000a68       0x14 CMakeFiles/timers_diodes.elf.dir/Core/Src/stm32f4xx_it.c.obj
                0x0000000008000a68                TIM2_IRQHandler
 .text.OTG_FS_IRQHandler
                0x0000000008000a7c       0x14 CMakeFiles/timers_diodes.elf.dir/Core/Src/stm32f4xx_it.c.obj
                0x0000000008000a7c                OTG_FS_IRQHandler
 .text._sbrk    0x0000000008000a90       0x58 CMakeFiles/timers_diodes.elf.dir/Core/Src/syscalls.c.obj
                0x0000000008000a90                _sbrk
 .text.SystemInit
                0x0000000008000ae8       0x18 CMakeFiles/timers_diodes.elf.dir/Core/Src/system_stm32f4xx.c.obj
                0x0000000008000ae8                SystemInit
 .text.MX_TIM1_Init
                0x0000000008000b00       0xa4 CMakeFiles/timers_diodes.elf.dir/Core/Src/tim.c.obj
                0x0000000008000b00                MX_TIM1_Init
 .text.MX_TIM2_Init
                0x0000000008000ba4       0x9c CMakeFiles/timers_diodes.elf.dir/Core/Src/tim.c.obj
                0x0000000008000ba4                MX_TIM2_Init
 .text.HAL_TIM_Base_MspInit
                0x0000000008000c40       0x88 CMakeFiles/timers_diodes.elf.dir/Core/Src/tim.c.obj
                0x0000000008000c40                HAL_TIM_Base_MspInit
 .text.HAL_Init
                0x0000000008000cc8       0x44 CMakeFiles/timers_diodes.elf.dir/Drivers/STM32F4xx_HAL_Driver/Src/stm32f4xx_hal.c.obj
                0x0000000008000cc8                HAL_Init
 .text.HAL_InitTick
                0x0000000008000d0c       0x60 CMakeFiles/timers_diodes.elf.dir/Drivers/STM32F4xx_HAL_Driver/Src/stm32f4xx_hal.c.obj
                0x0000000008000d0c                HAL_InitTick
 .text.HAL_IncTick
                0x0000000008000d6c       0x24 CMakeFiles/timers_diodes.elf.dir/Drivers/STM32F4xx_HAL_Driver/Src/stm32f4xx_hal.c.obj
                0x0000000008000d6c                HAL_IncTick
 .text.HAL_GetTick
                0x0000000008000d90       0x14 CMakeFiles/timers_diodes.elf.dir/Drivers/STM32F4xx_HAL_Driver/Src/stm32f4xx_hal.c.obj
                0x0000000008000d90                HAL_GetTick
 .text.HAL_Delay
                0x0000000008000da4       0x48 CMakeFiles/timers_diodes.elf.dir/Drivers/STM32F4xx_HAL_Driver/Src/stm32f4xx_hal.c.obj
                0x0000000008000da4                HAL_Delay
 .text.__NVIC_SetPriorityGrouping
                0x0000000008000dec       0x48 CMakeFiles/timers_diodes.elf.dir/Drivers/STM32F4xx_HAL_Driver/Src/stm32f4xx_hal_cortex.c.obj
 .text.__NVIC_GetPriorityGrouping
                0x0000000008000e34       0x1c CMakeFiles/timers_diodes.elf.dir/Drivers/STM32F4xx_HAL_Driver/Src/stm32f4xx_hal_cortex.c.obj
 .text.__NVIC_EnableIRQ
                0x0000000008000e50       0x38 CMakeFiles/timers_diodes.elf.dir/Drivers/STM32F4xx_HAL_Driver/Src/stm32f4xx_hal_cortex.c.obj
 .text.__NVIC_SetPriority
                0x0000000008000e88       0x54 CMakeFiles/timers_diodes.elf.dir/Drivers/STM32F4xx_HAL_Driver/Src/stm32f4xx_hal_cortex.c.obj
 .text.NVIC_EncodePriority
                0x0000000008000edc       0x64 CMakeFiles/timers_diodes.elf.dir/Drivers/STM32F4xx_HAL_Driver/Src/stm32f4xx_hal_cortex.c.obj
 .text.SysTick_Config
                0x0000000008000f40       0x44 CMakeFiles/timers_diodes.elf.dir/Drivers/STM32F4xx_HAL_Driver/Src/stm32f4xx_hal_cortex.c.obj
 .text.HAL_NVIC_SetPriorityGrouping
                0x0000000008000f84       0x40 CMakeFiles/timers_diodes.elf.dir/Drivers/STM32F4xx_HAL_Driver/Src/stm32f4xx_hal_cortex.c.obj
                0x0000000008000f84                HAL_NVIC_SetPriorityGrouping
 .text.HAL_NVIC_SetPriority
                0x0000000008000fc4       0x58 CMakeFiles/timers_diodes.elf.dir/Drivers/STM32F4xx_HAL_Driver/Src/stm32f4xx_hal_cortex.c.obj
                0x0000000008000fc4                HAL_NVIC_SetPriority
 .text.HAL_NVIC_EnableIRQ
                0x000000000800101c       0x30 CMakeFiles/timers_diodes.elf.dir/Drivers/STM32F4xx_HAL_Driver/Src/stm32f4xx_hal_cortex.c.obj
                0x000000000800101c                HAL_NVIC_EnableIRQ
 .text.HAL_SYSTICK_Config
                0x000000000800104c       0x18 CMakeFiles/timers_diodes.elf.dir/Drivers/STM32F4xx_HAL_Driver/Src/stm32f4xx_hal_cortex.c.obj
                0x000000000800104c                HAL_SYSTICK_Config
 .text.HAL_GPIO_Init
                0x0000000008001064      0x550 CMakeFiles/timers_diodes.elf.dir/Drivers/STM32F4xx_HAL_Driver/Src/stm32f4xx_hal_gpio.c.obj
                0x0000000008001064                HAL_GPIO_Init
 .text.HAL_GPIO_WritePin
                0x00000000080015b4       0x64 CMakeFiles/timers_diodes.elf.dir/Drivers/STM32F4xx_HAL_Driver/Src/stm32f4xx_hal_gpio.c.obj
                0x00000000080015b4                HAL_GPIO_WritePin
 .text.HAL_GPIO_TogglePin
                0x0000000008001618       0x50 CMakeFiles/timers_diodes.elf.dir/Drivers/STM32F4xx_HAL_Driver/Src/stm32f4xx_hal_gpio.c.obj
                0x0000000008001618                HAL_GPIO_TogglePin
 .text.HAL_HCD_Init
                0x0000000008001668       0xdc CMakeFiles/timers_diodes.elf.dir/Drivers/STM32F4xx_HAL_Driver/Src/stm32f4xx_hal_hcd.c.obj
                0x0000000008001668                HAL_HCD_Init
 .text.HAL_HCD_HC_Init
                0x0000000008001744      0x130 CMakeFiles/timers_diodes.elf.dir/Drivers/STM32F4xx_HAL_Driver/Src/stm32f4xx_hal_hcd.c.obj
                0x0000000008001744                HAL_HCD_HC_Init
 .text.HAL_HCD_HC_Halt
                0x0000000008001874       0x46 CMakeFiles/timers_diodes.elf.dir/Drivers/STM32F4xx_HAL_Driver/Src/stm32f4xx_hal_hcd.c.obj
                0x0000000008001874                HAL_HCD_HC_Halt
 *fill*         0x00000000080018ba        0x2 
 .text.HAL_HCD_HC_SubmitRequest
                0x00000000080018bc      0x2e4 CMakeFiles/timers_diodes.elf.dir/Drivers/STM32F4xx_HAL_Driver/Src/stm32f4xx_hal_hcd.c.obj
                0x00000000080018bc                HAL_HCD_HC_SubmitRequest
 .text.HAL_HCD_IRQHandler
                0x0000000008001ba0      0x208 CMakeFiles/timers_diodes.elf.dir/Drivers/STM32F4xx_HAL_Driver/Src/stm32f4xx_hal_hcd.c.obj
                0x0000000008001ba0                HAL_HCD_IRQHandler
 .text.HAL_HCD_Start
                0x0000000008001da8       0x46 CMakeFiles/timers_diodes.elf.dir/Drivers/STM32F4xx_HAL_Driver/Src/stm32f4xx_hal_hcd.c.obj
                0x0000000008001da8                HAL_HCD_Start
 .text.HAL_HCD_Stop
                0x0000000008001dee       0x3a CMakeFiles/timers_diodes.elf.dir/Drivers/STM32F4xx_HAL_Driver/Src/stm32f4xx_hal_hcd.c.obj
                0x0000000008001dee                HAL_HCD_Stop
 .text.HAL_HCD_ResetPort
                0x0000000008001e28       0x1c CMakeFiles/timers_diodes.elf.dir/Drivers/STM32F4xx_HAL_Driver/Src/stm32f4xx_hal_hcd.c.obj
                0x0000000008001e28                HAL_HCD_ResetPort
 .text.HAL_HCD_HC_GetURBState
                0x0000000008001e44       0x28 CMakeFiles/timers_diodes.elf.dir/Drivers/STM32F4xx_HAL_Driver/Src/stm32f4xx_hal_hcd.c.obj
                0x0000000008001e44                HAL_HCD_HC_GetURBState
 .text.HAL_HCD_HC_GetXferCount
                0x0000000008001e6c       0x28 CMakeFiles/timers_diodes.elf.dir/Drivers/STM32F4xx_HAL_Driver/Src/stm32f4xx_hal_hcd.c.obj
                0x0000000008001e6c                HAL_HCD_HC_GetXferCount
 .text.HAL_HCD_GetCurrentFrame
                0x0000000008001e94       0x1c CMakeFiles/timers_diodes.elf.dir/Drivers/STM32F4xx_HAL_Driver/Src/stm32f4xx_hal_hcd.c.obj
                0x0000000008001e94                HAL_HCD_GetCurrentFrame
 .text.HAL_HCD_GetCurrentSpeed
                0x0000000008001eb0       0x1c CMakeFiles/timers_diodes.elf.dir/Drivers/STM32F4xx_HAL_Driver/Src/stm32f4xx_hal_hcd.c.obj
                0x0000000008001eb0                HAL_HCD_GetCurrentSpeed
 .text.HCD_HC_IN_IRQHandler
                0x0000000008001ecc      0x86a CMakeFiles/timers_diodes.elf.dir/Drivers/STM32F4xx_HAL_Driver/Src/stm32f4xx_hal_hcd.c.obj
 .text.HCD_HC_OUT_IRQHandler
                0x0000000008002736      0x6ea CMakeFiles/timers_diodes.elf.dir/Drivers/STM32F4xx_HAL_Driver/Src/stm32f4xx_hal_hcd.c.obj
 .text.HCD_RXQLVL_IRQHandler
                0x0000000008002e20      0x15c CMakeFiles/timers_diodes.elf.dir/Drivers/STM32F4xx_HAL_Driver/Src/stm32f4xx_hal_hcd.c.obj
 .text.HCD_Port_IRQHandler
                0x0000000008002f7c       0xe6 CMakeFiles/timers_diodes.elf.dir/Drivers/STM32F4xx_HAL_Driver/Src/stm32f4xx_hal_hcd.c.obj
 *fill*         0x0000000008003062        0x2 
 .text.HAL_I2C_Init
                0x0000000008003064      0x398 CMakeFiles/timers_diodes.elf.dir/Drivers/STM32F4xx_HAL_Driver/Src/stm32f4xx_hal_i2c.c.obj
                0x0000000008003064                HAL_I2C_Init
 .text.HAL_I2S_Init
                0x00000000080033fc      0x3fc CMakeFiles/timers_diodes.elf.dir/Drivers/STM32F4xx_HAL_Driver/Src/stm32f4xx_hal_i2s.c.obj
                0x00000000080033fc                HAL_I2S_Init
 .text.HAL_I2S_TxCpltCallback
                0x00000000080037f8       0x12 CMakeFiles/timers_diodes.elf.dir/Drivers/STM32F4xx_HAL_Driver/Src/stm32f4xx_hal_i2s.c.obj
                0x00000000080037f8                HAL_I2S_TxCpltCallback
 .text.HAL_I2S_RxCpltCallback
                0x000000000800380a       0x12 CMakeFiles/timers_diodes.elf.dir/Drivers/STM32F4xx_HAL_Driver/Src/stm32f4xx_hal_i2s.c.obj
                0x000000000800380a                HAL_I2S_RxCpltCallback
 .text.HAL_I2S_ErrorCallback
                0x000000000800381c       0x12 CMakeFiles/timers_diodes.elf.dir/Drivers/STM32F4xx_HAL_Driver/Src/stm32f4xx_hal_i2s.c.obj
                0x000000000800381c                HAL_I2S_ErrorCallback
 .text.I2S_Transmit_IT
                0x000000000800382e       0x5c CMakeFiles/timers_diodes.elf.dir/Drivers/STM32F4xx_HAL_Driver/Src/stm32f4xx_hal_i2s.c.obj
 .text.I2S_Receive_IT
                0x000000000800388a       0x5e CMakeFiles/timers_diodes.elf.dir/Drivers/STM32F4xx_HAL_Driver/Src/stm32f4xx_hal_i2s.c.obj
 .text.I2S_IRQHandler
                0x00000000080038e8      0x114 CMakeFiles/timers_diodes.elf.dir/Drivers/STM32F4xx_HAL_Driver/Src/stm32f4xx_hal_i2s.c.obj
 .text.HAL_I2SEx_FullDuplex_IRQHandler
                0x00000000080039fc      0x2a8 CMakeFiles/timers_diodes.elf.dir/Drivers/STM32F4xx_HAL_Driver/Src/stm32f4xx_hal_i2s_ex.c.obj
                0x00000000080039fc                HAL_I2SEx_FullDuplex_IRQHandler
 .text.HAL_I2SEx_TxRxCpltCallback
                0x0000000008003ca4       0x12 CMakeFiles/timers_diodes.elf.dir/Drivers/STM32F4xx_HAL_Driver/Src/stm32f4xx_hal_i2s_ex.c.obj
                0x0000000008003ca4                HAL_I2SEx_TxRxCpltCallback
 .text.I2SEx_TxISR_I2S
                0x0000000008003cb6       0x62 CMakeFiles/timers_diodes.elf.dir/Drivers/STM32F4xx_HAL_Driver/Src/stm32f4xx_hal_i2s_ex.c.obj
 .text.I2SEx_TxISR_I2SExt
                0x0000000008003d18       0x98 CMakeFiles/timers_diodes.elf.dir/Drivers/STM32F4xx_HAL_Driver/Src/stm32f4xx_hal_i2s_ex.c.obj
 .text.I2SEx_RxISR_I2S
                0x0000000008003db0       0x64 CMakeFiles/timers_diodes.elf.dir/Drivers/STM32F4xx_HAL_Driver/Src/stm32f4xx_hal_i2s_ex.c.obj
 .text.I2SEx_RxISR_I2SExt
                0x0000000008003e14       0x98 CMakeFiles/timers_diodes.elf.dir/Drivers/STM32F4xx_HAL_Driver/Src/stm32f4xx_hal_i2s_ex.c.obj
 .text.HAL_RCC_OscConfig
                0x0000000008003eac      0x640 CMakeFiles/timers_diodes.elf.dir/Drivers/STM32F4xx_HAL_Driver/Src/stm32f4xx_hal_rcc.c.obj
                0x0000000008003eac                HAL_RCC_OscConfig
 .text.HAL_RCC_ClockConfig
                0x00000000080044ec      0x31c CMakeFiles/timers_diodes.elf.dir/Drivers/STM32F4xx_HAL_Driver/Src/stm32f4xx_hal_rcc.c.obj
                0x00000000080044ec                HAL_RCC_ClockConfig
 .text.HAL_RCC_GetSysClockFreq
                0x0000000008004808      0x218 CMakeFiles/timers_diodes.elf.dir/Drivers/STM32F4xx_HAL_Driver/Src/stm32f4xx_hal_rcc.c.obj
                0x0000000008004808                HAL_RCC_GetSysClockFreq
 .text.HAL_RCC_GetHCLKFreq
                0x0000000008004a20       0x14 CMakeFiles/timers_diodes.elf.dir/Drivers/STM32F4xx_HAL_Driver/Src/stm32f4xx_hal_rcc.c.obj
                0x0000000008004a20                HAL_RCC_GetHCLKFreq
 .text.HAL_RCC_GetPCLK1Freq
                0x0000000008004a34       0x28 CMakeFiles/timers_diodes.elf.dir/Drivers/STM32F4xx_HAL_Driver/Src/stm32f4xx_hal_rcc.c.obj
                0x0000000008004a34                HAL_RCC_GetPCLK1Freq
 .text.HAL_RCCEx_PeriphCLKConfig
                0x0000000008004a5c      0x42c CMakeFiles/timers_diodes.elf.dir/Drivers/STM32F4xx_HAL_Driver/Src/stm32f4xx_hal_rcc_ex.c.obj
                0x0000000008004a5c                HAL_RCCEx_PeriphCLKConfig
 .text.HAL_RCCEx_GetPeriphCLKFreq
                0x0000000008004e88       0xbc CMakeFiles/timers_diodes.elf.dir/Drivers/STM32F4xx_HAL_Driver/Src/stm32f4xx_hal_rcc_ex.c.obj
                0x0000000008004e88                HAL_RCCEx_GetPeriphCLKFreq
 .text.HAL_SPI_Init
                0x0000000008004f44      0x25c CMakeFiles/timers_diodes.elf.dir/Drivers/STM32F4xx_HAL_Driver/Src/stm32f4xx_hal_spi.c.obj
                0x0000000008004f44                HAL_SPI_Init
 .text.HAL_TIM_Base_Init
                0x00000000080051a0      0x144 CMakeFiles/timers_diodes.elf.dir/Drivers/STM32F4xx_HAL_Driver/Src/stm32f4xx_hal_tim.c.obj
                0x00000000080051a0                HAL_TIM_Base_Init
 .text.HAL_TIM_Base_Start_IT
                0x00000000080052e4       0xc0 CMakeFiles/timers_diodes.elf.dir/Drivers/STM32F4xx_HAL_Driver/Src/stm32f4xx_hal_tim.c.obj
                0x00000000080052e4                HAL_TIM_Base_Start_IT
 .text.HAL_TIM_IRQHandler
                0x00000000080053a4      0x210 CMakeFiles/timers_diodes.elf.dir/Drivers/STM32F4xx_HAL_Driver/Src/stm32f4xx_hal_tim.c.obj
                0x00000000080053a4                HAL_TIM_IRQHandler
 .text.HAL_TIM_ConfigClockSource
                0x00000000080055b4      0x618 CMakeFiles/timers_diodes.elf.dir/Drivers/STM32F4xx_HAL_Driver/Src/stm32f4xx_hal_tim.c.obj
                0x00000000080055b4                HAL_TIM_ConfigClockSource
 .text.HAL_TIM_OC_DelayElapsedCallback
                0x0000000008005bcc       0x12 CMakeFiles/timers_diodes.elf.dir/Drivers/STM32F4xx_HAL_Driver/Src/stm32f4xx_hal_tim.c.obj
                0x0000000008005bcc                HAL_TIM_OC_DelayElapsedCallback
 .text.HAL_TIM_IC_CaptureCallback
                0x0000000008005bde       0x12 CMakeFiles/timers_diodes.elf.dir/Drivers/STM32F4xx_HAL_Driver/Src/stm32f4xx_hal_tim.c.obj
                0x0000000008005bde                HAL_TIM_IC_CaptureCallback
 .text.HAL_TIM_PWM_PulseFinishedCallback
                0x0000000008005bf0       0x12 CMakeFiles/timers_diodes.elf.dir/Drivers/STM32F4xx_HAL_Driver/Src/stm32f4xx_hal_tim.c.obj
                0x0000000008005bf0                HAL_TIM_PWM_PulseFinishedCallback
 .text.HAL_TIM_TriggerCallback
                0x0000000008005c02       0x12 CMakeFiles/timers_diodes.elf.dir/Drivers/STM32F4xx_HAL_Driver/Src/stm32f4xx_hal_tim.c.obj
                0x0000000008005c02                HAL_TIM_TriggerCallback
 .text.TIM_Base_SetConfig
                0x0000000008005c14       0xfc CMakeFiles/timers_diodes.elf.dir/Drivers/STM32F4xx_HAL_Driver/Src/stm32f4xx_hal_tim.c.obj
                0x0000000008005c14                TIM_Base_SetConfig
 .text.TIM_TI1_ConfigInputStage
                0x0000000008005d10       0x5c CMakeFiles/timers_diodes.elf.dir/Drivers/STM32F4xx_HAL_Driver/Src/stm32f4xx_hal_tim.c.obj
 .text.TIM_TI2_ConfigInputStage
                0x0000000008005d6c       0x5e CMakeFiles/timers_diodes.elf.dir/Drivers/STM32F4xx_HAL_Driver/Src/stm32f4xx_hal_tim.c.obj
 .text.TIM_ITRx_SetConfig
                0x0000000008005dca       0x34 CMakeFiles/timers_diodes.elf.dir/Drivers/STM32F4xx_HAL_Driver/Src/stm32f4xx_hal_tim.c.obj
 .text.TIM_ETR_SetConfig
                0x0000000008005dfe       0x3e CMakeFiles/timers_diodes.elf.dir/Drivers/STM32F4xx_HAL_Driver/Src/stm32f4xx_hal_tim.c.obj
                0x0000000008005dfe                TIM_ETR_SetConfig
 .text.HAL_TIMEx_MasterConfigSynchronization
                0x0000000008005e3c      0x17c CMakeFiles/timers_diodes.elf.dir/Drivers/STM32F4xx_HAL_Driver/Src/stm32f4xx_hal_tim_ex.c.obj
                0x0000000008005e3c                HAL_TIMEx_MasterConfigSynchronization
 .text.HAL_TIMEx_CommutCallback
                0x0000000008005fb8       0x12 CMakeFiles/timers_diodes.elf.dir/Drivers/STM32F4xx_HAL_Driver/Src/stm32f4xx_hal_tim_ex.c.obj
                0x0000000008005fb8                HAL_TIMEx_CommutCallback
 .text.HAL_TIMEx_BreakCallback
                0x0000000008005fca       0x12 CMakeFiles/timers_diodes.elf.dir/Drivers/STM32F4xx_HAL_Driver/Src/stm32f4xx_hal_tim_ex.c.obj
                0x0000000008005fca                HAL_TIMEx_BreakCallback
 .text.USB_CoreInit
                0x0000000008005fdc       0xc2 CMakeFiles/timers_diodes.elf.dir/Drivers/STM32F4xx_HAL_Driver/Src/stm32f4xx_ll_usb.c.obj
                0x0000000008005fdc                USB_CoreInit
 .text.USB_EnableGlobalInt
                0x000000000800609e       0x20 CMakeFiles/timers_diodes.elf.dir/Drivers/STM32F4xx_HAL_Driver/Src/stm32f4xx_ll_usb.c.obj
                0x000000000800609e                USB_EnableGlobalInt
 .text.USB_DisableGlobalInt
                0x00000000080060be       0x20 CMakeFiles/timers_diodes.elf.dir/Drivers/STM32F4xx_HAL_Driver/Src/stm32f4xx_ll_usb.c.obj
                0x00000000080060be                USB_DisableGlobalInt
 .text.USB_SetCurrentMode
                0x00000000080060de       0x54 CMakeFiles/timers_diodes.elf.dir/Drivers/STM32F4xx_HAL_Driver/Src/stm32f4xx_ll_usb.c.obj
                0x00000000080060de                USB_SetCurrentMode
 *fill*         0x0000000008006132        0x2 
 .text.USB_FlushTxFifo
                0x0000000008006134       0x48 CMakeFiles/timers_diodes.elf.dir/Drivers/STM32F4xx_HAL_Driver/Src/stm32f4xx_ll_usb.c.obj
                0x0000000008006134                USB_FlushTxFifo
 .text.USB_FlushRxFifo
                0x000000000800617c       0x40 CMakeFiles/timers_diodes.elf.dir/Drivers/STM32F4xx_HAL_Driver/Src/stm32f4xx_ll_usb.c.obj
                0x000000000800617c                USB_FlushRxFifo
 .text.USB_WritePacket
                0x00000000080061bc       0x68 CMakeFiles/timers_diodes.elf.dir/Drivers/STM32F4xx_HAL_Driver/Src/stm32f4xx_ll_usb.c.obj
                0x00000000080061bc                USB_WritePacket
 .text.USB_ReadPacket
                0x0000000008006224       0x50 CMakeFiles/timers_diodes.elf.dir/Drivers/STM32F4xx_HAL_Driver/Src/stm32f4xx_ll_usb.c.obj
                0x0000000008006224                USB_ReadPacket
 .text.USB_ReadInterrupts
                0x0000000008006274       0x24 CMakeFiles/timers_diodes.elf.dir/Drivers/STM32F4xx_HAL_Driver/Src/stm32f4xx_ll_usb.c.obj
                0x0000000008006274                USB_ReadInterrupts
 .text.USB_GetMode
                0x0000000008006298       0x1a CMakeFiles/timers_diodes.elf.dir/Drivers/STM32F4xx_HAL_Driver/Src/stm32f4xx_ll_usb.c.obj
                0x0000000008006298                USB_GetMode
 *fill*         0x00000000080062b2        0x2 
 .text.USB_CoreReset
                0x00000000080062b4       0x64 CMakeFiles/timers_diodes.elf.dir/Drivers/STM32F4xx_HAL_Driver/Src/stm32f4xx_ll_usb.c.obj
 .text.USB_HostInit
                0x0000000008006318      0x178 CMakeFiles/timers_diodes.elf.dir/Drivers/STM32F4xx_HAL_Driver/Src/stm32f4xx_ll_usb.c.obj
                0x0000000008006318                USB_HostInit
 .text.USB_InitFSLSPClkSel
                0x0000000008006490       0x72 CMakeFiles/timers_diodes.elf.dir/Drivers/STM32F4xx_HAL_Driver/Src/stm32f4xx_ll_usb.c.obj
                0x0000000008006490                USB_InitFSLSPClkSel
 .text.USB_ResetPort
                0x0000000008006502       0x54 CMakeFiles/timers_diodes.elf.dir/Drivers/STM32F4xx_HAL_Driver/Src/stm32f4xx_ll_usb.c.obj
                0x0000000008006502                USB_ResetPort
 .text.USB_DriveVbus
                0x0000000008006556       0x70 CMakeFiles/timers_diodes.elf.dir/Drivers/STM32F4xx_HAL_Driver/Src/stm32f4xx_ll_usb.c.obj
                0x0000000008006556                USB_DriveVbus
 .text.USB_GetHostSpeed
                0x00000000080065c6       0x2c CMakeFiles/timers_diodes.elf.dir/Drivers/STM32F4xx_HAL_Driver/Src/stm32f4xx_ll_usb.c.obj
                0x00000000080065c6                USB_GetHostSpeed
 .text.USB_GetCurrentFrame
                0x00000000080065f2       0x20 CMakeFiles/timers_diodes.elf.dir/Drivers/STM32F4xx_HAL_Driver/Src/stm32f4xx_ll_usb.c.obj
                0x00000000080065f2                USB_GetCurrentFrame
 *fill*         0x0000000008006612        0x2 
 .text.USB_HC_Init
                0x0000000008006614      0x210 CMakeFiles/timers_diodes.elf.dir/Drivers/STM32F4xx_HAL_Driver/Src/stm32f4xx_ll_usb.c.obj
                0x0000000008006614                USB_HC_Init
 .text.USB_HC_StartXfer
                0x0000000008006824      0x284 CMakeFiles/timers_diodes.elf.dir/Drivers/STM32F4xx_HAL_Driver/Src/stm32f4xx_ll_usb.c.obj
                0x0000000008006824                USB_HC_StartXfer
 .text.USB_HC_ReadInterrupt
                0x0000000008006aa8       0x20 CMakeFiles/timers_diodes.elf.dir/Drivers/STM32F4xx_HAL_Driver/Src/stm32f4xx_ll_usb.c.obj
                0x0000000008006aa8                USB_HC_ReadInterrupt
 .text.USB_HC_Halt
                0x0000000008006ac8      0x1fc CMakeFiles/timers_diodes.elf.dir/Drivers/STM32F4xx_HAL_Driver/Src/stm32f4xx_ll_usb.c.obj
                0x0000000008006ac8                USB_HC_Halt
 .text.USB_DoPing
                0x0000000008006cc4       0x74 CMakeFiles/timers_diodes.elf.dir/Drivers/STM32F4xx_HAL_Driver/Src/stm32f4xx_ll_usb.c.obj
                0x0000000008006cc4                USB_DoPing
 .text.USB_StopHost
                0x0000000008006d38      0x10c CMakeFiles/timers_diodes.elf.dir/Drivers/STM32F4xx_HAL_Driver/Src/stm32f4xx_ll_usb.c.obj
                0x0000000008006d38                USB_StopHost
 .text.USBH_CDC_InterfaceInit
                0x0000000008006e44      0x2ac CMakeFiles/timers_diodes.elf.dir/Middlewares/ST/STM32_USB_Host_Library/Class/CDC/Src/usbh_cdc.c.obj
 .text.USBH_CDC_InterfaceDeInit
                0x00000000080070f0       0xb2 CMakeFiles/timers_diodes.elf.dir/Middlewares/ST/STM32_USB_Host_Library/Class/CDC/Src/usbh_cdc.c.obj
 .text.USBH_CDC_ClassRequest
                0x00000000080071a2       0x3e CMakeFiles/timers_diodes.elf.dir/Middlewares/ST/STM32_USB_Host_Library/Class/CDC/Src/usbh_cdc.c.obj
 .text.USBH_CDC_Process
                0x00000000080071e0      0x12c CMakeFiles/timers_diodes.elf.dir/Middlewares/ST/STM32_USB_Host_Library/Class/CDC/Src/usbh_cdc.c.obj
 .text.USBH_CDC_SOFProcess
                0x000000000800730c       0x14 CMakeFiles/timers_diodes.elf.dir/Middlewares/ST/STM32_USB_Host_Library/Class/CDC/Src/usbh_cdc.c.obj
 .text.GetLineCoding
                0x0000000008007320       0x3e CMakeFiles/timers_diodes.elf.dir/Middlewares/ST/STM32_USB_Host_Library/Class/CDC/Src/usbh_cdc.c.obj
 .text.SetLineCoding
                0x000000000800735e       0x3e CMakeFiles/timers_diodes.elf.dir/Middlewares/ST/STM32_USB_Host_Library/Class/CDC/Src/usbh_cdc.c.obj
 .text.CDC_ProcessTransmission
                0x000000000800739c       0xec CMakeFiles/timers_diodes.elf.dir/Middlewares/ST/STM32_USB_Host_Library/Class/CDC/Src/usbh_cdc.c.obj
 .text.CDC_ProcessReception
                0x0000000008007488       0xb6 CMakeFiles/timers_diodes.elf.dir/Middlewares/ST/STM32_USB_Host_Library/Class/CDC/Src/usbh_cdc.c.obj
 .text.USBH_CDC_TransmitCallback
                0x000000000800753e       0x12 CMakeFiles/timers_diodes.elf.dir/Middlewares/ST/STM32_USB_Host_Library/Class/CDC/Src/usbh_cdc.c.obj
                0x000000000800753e                USBH_CDC_TransmitCallback
 .text.USBH_CDC_ReceiveCallback
                0x0000000008007550       0x12 CMakeFiles/timers_diodes.elf.dir/Middlewares/ST/STM32_USB_Host_Library/Class/CDC/Src/usbh_cdc.c.obj
                0x0000000008007550                USBH_CDC_ReceiveCallback
 .text.USBH_CDC_LineCodingChanged
                0x0000000008007562       0x12 CMakeFiles/timers_diodes.elf.dir/Middlewares/ST/STM32_USB_Host_Library/Class/CDC/Src/usbh_cdc.c.obj
                0x0000000008007562                USBH_CDC_LineCodingChanged
 .text.USBH_Init
                0x0000000008007574       0x74 CMakeFiles/timers_diodes.elf.dir/Middlewares/ST/STM32_USB_Host_Library/Core/Src/usbh_core.c.obj
                0x0000000008007574                USBH_Init
 .text.DeInitStateMachine
                0x00000000080075e8       0xa6 CMakeFiles/timers_diodes.elf.dir/Middlewares/ST/STM32_USB_Host_Library/Core/Src/usbh_core.c.obj
 .text.USBH_RegisterClass
                0x000000000800768e       0x52 CMakeFiles/timers_diodes.elf.dir/Middlewares/ST/STM32_USB_Host_Library/Core/Src/usbh_core.c.obj
                0x000000000800768e                USBH_RegisterClass
 .text.USBH_SelectInterface
                0x00000000080076e0       0x36 CMakeFiles/timers_diodes.elf.dir/Middlewares/ST/STM32_USB_Host_Library/Core/Src/usbh_core.c.obj
                0x00000000080076e0                USBH_SelectInterface
 .text.USBH_FindInterface
                0x0000000008007716       0x8a CMakeFiles/timers_diodes.elf.dir/Middlewares/ST/STM32_USB_Host_Library/Core/Src/usbh_core.c.obj
                0x0000000008007716                USBH_FindInterface
 .text.USBH_Start
                0x00000000080077a0       0x20 CMakeFiles/timers_diodes.elf.dir/Middlewares/ST/STM32_USB_Host_Library/Core/Src/usbh_core.c.obj
                0x00000000080077a0                USBH_Start
 .text.USBH_Process
                0x00000000080077c0      0x3c0 CMakeFiles/timers_diodes.elf.dir/Middlewares/ST/STM32_USB_Host_Library/Core/Src/usbh_core.c.obj
                0x00000000080077c0                USBH_Process
 .text.USBH_HandleEnum
                0x0000000008007b80      0x3c8 CMakeFiles/timers_diodes.elf.dir/Middlewares/ST/STM32_USB_Host_Library/Core/Src/usbh_core.c.obj
 .text.USBH_LL_SetTimer
                0x0000000008007f48       0x1c CMakeFiles/timers_diodes.elf.dir/Middlewares/ST/STM32_USB_Host_Library/Core/Src/usbh_core.c.obj
                0x0000000008007f48                USBH_LL_SetTimer
 .text.USBH_LL_IncTimer
                0x0000000008007f64       0x24 CMakeFiles/timers_diodes.elf.dir/Middlewares/ST/STM32_USB_Host_Library/Core/Src/usbh_core.c.obj
                0x0000000008007f64                USBH_LL_IncTimer
 .text.USBH_HandleSof
                0x0000000008007f88       0x30 CMakeFiles/timers_diodes.elf.dir/Middlewares/ST/STM32_USB_Host_Library/Core/Src/usbh_core.c.obj
 .text.USBH_LL_PortEnabled
                0x0000000008007fb8       0x1a CMakeFiles/timers_diodes.elf.dir/Middlewares/ST/STM32_USB_Host_Library/Core/Src/usbh_core.c.obj
                0x0000000008007fb8                USBH_LL_PortEnabled
 .text.USBH_LL_PortDisabled
                0x0000000008007fd2       0x1a CMakeFiles/timers_diodes.elf.dir/Middlewares/ST/STM32_USB_Host_Library/Core/Src/usbh_core.c.obj
                0x0000000008007fd2                USBH_LL_PortDisabled
 .text.USBH_LL_Connect
                0x0000000008007fec       0x2c CMakeFiles/timers_diodes.elf.dir/Middlewares/ST/STM32_USB_Host_Library/Core/Src/usbh_core.c.obj
                0x0000000008007fec                USBH_LL_Connect
 .text.USBH_LL_Disconnect
                0x0000000008008018       0x48 CMakeFiles/timers_diodes.elf.dir/Middlewares/ST/STM32_USB_Host_Library/Core/Src/usbh_core.c.obj
                0x0000000008008018                USBH_LL_Disconnect
 .text.USBH_Get_DevDesc
                0x0000000008008060       0x50 CMakeFiles/timers_diodes.elf.dir/Middlewares/ST/STM32_USB_Host_Library/Core/Src/usbh_ctlreq.c.obj
                0x0000000008008060                USBH_Get_DevDesc
 .text.USBH_Get_CfgDesc
                0x00000000080080b0       0x48 CMakeFiles/timers_diodes.elf.dir/Middlewares/ST/STM32_USB_Host_Library/Core/Src/usbh_ctlreq.c.obj
                0x00000000080080b0                USBH_Get_CfgDesc
 .text.USBH_Get_StringDesc
                0x00000000080080f8       0x56 CMakeFiles/timers_diodes.elf.dir/Middlewares/ST/STM32_USB_Host_Library/Core/Src/usbh_ctlreq.c.obj
                0x00000000080080f8                USBH_Get_StringDesc
 .text.USBH_GetDescriptor
                0x000000000800814e       0x6a CMakeFiles/timers_diodes.elf.dir/Middlewares/ST/STM32_USB_Host_Library/Core/Src/usbh_ctlreq.c.obj
                0x000000000800814e                USBH_GetDescriptor
 .text.USBH_SetAddress
                0x00000000080081b8       0x48 CMakeFiles/timers_diodes.elf.dir/Middlewares/ST/STM32_USB_Host_Library/Core/Src/usbh_ctlreq.c.obj
                0x00000000080081b8                USBH_SetAddress
 .text.USBH_SetCfg
                0x0000000008008200       0x46 CMakeFiles/timers_diodes.elf.dir/Middlewares/ST/STM32_USB_Host_Library/Core/Src/usbh_ctlreq.c.obj
                0x0000000008008200                USBH_SetCfg
 .text.USBH_SetFeature
                0x0000000008008246       0x48 CMakeFiles/timers_diodes.elf.dir/Middlewares/ST/STM32_USB_Host_Library/Core/Src/usbh_ctlreq.c.obj
                0x0000000008008246                USBH_SetFeature
 .text.USBH_ClrFeature
                0x000000000800828e       0x48 CMakeFiles/timers_diodes.elf.dir/Middlewares/ST/STM32_USB_Host_Library/Core/Src/usbh_ctlreq.c.obj
                0x000000000800828e                USBH_ClrFeature
 .text.USBH_ParseDevDesc
                0x00000000080082d6       0xde CMakeFiles/timers_diodes.elf.dir/Middlewares/ST/STM32_USB_Host_Library/Core/Src/usbh_ctlreq.c.obj
 .text.USBH_ParseCfgDesc
                0x00000000080083b4      0x144 CMakeFiles/timers_diodes.elf.dir/Middlewares/ST/STM32_USB_Host_Library/Core/Src/usbh_ctlreq.c.obj
 .text.USBH_ParseInterfaceDesc
                0x00000000080084f8       0x5c CMakeFiles/timers_diodes.elf.dir/Middlewares/ST/STM32_USB_Host_Library/Core/Src/usbh_ctlreq.c.obj
 .text.USBH_ParseEPDesc
                0x0000000008008554       0x58 CMakeFiles/timers_diodes.elf.dir/Middlewares/ST/STM32_USB_Host_Library/Core/Src/usbh_ctlreq.c.obj
 .text.USBH_ParseStringDesc
                0x00000000080085ac       0x64 CMakeFiles/timers_diodes.elf.dir/Middlewares/ST/STM32_USB_Host_Library/Core/Src/usbh_ctlreq.c.obj
 .text.USBH_GetNextDesc
                0x0000000008008610       0x34 CMakeFiles/timers_diodes.elf.dir/Middlewares/ST/STM32_USB_Host_Library/Core/Src/usbh_ctlreq.c.obj
                0x0000000008008610                USBH_GetNextDesc
 .text.USBH_CtlReq
                0x0000000008008644       0x7a CMakeFiles/timers_diodes.elf.dir/Middlewares/ST/STM32_USB_Host_Library/Core/Src/usbh_ctlreq.c.obj
                0x0000000008008644                USBH_CtlReq
 *fill*         0x00000000080086be        0x2 
 .text.USBH_HandleControl
                0x00000000080086c0      0x2e8 CMakeFiles/timers_diodes.elf.dir/Middlewares/ST/STM32_USB_Host_Library/Core/Src/usbh_ctlreq.c.obj
 .text.USBH_CtlSendSetup
                0x00000000080089a8       0x34 CMakeFiles/timers_diodes.elf.dir/Middlewares/ST/STM32_USB_Host_Library/Core/Src/usbh_ioreq.c.obj
                0x00000000080089a8                USBH_CtlSendSetup
 .text.USBH_CtlSendData
                0x00000000080089dc       0x4a CMakeFiles/timers_diodes.elf.dir/Middlewares/ST/STM32_USB_Host_Library/Core/Src/usbh_ioreq.c.obj
                0x00000000080089dc                USBH_CtlSendData
 .text.USBH_CtlReceiveData
                0x0000000008008a26       0x3c CMakeFiles/timers_diodes.elf.dir/Middlewares/ST/STM32_USB_Host_Library/Core/Src/usbh_ioreq.c.obj
                0x0000000008008a26                USBH_CtlReceiveData
 .text.USBH_BulkSendData
                0x0000000008008a62       0x4a CMakeFiles/timers_diodes.elf.dir/Middlewares/ST/STM32_USB_Host_Library/Core/Src/usbh_ioreq.c.obj
                0x0000000008008a62                USBH_BulkSendData
 .text.USBH_BulkReceiveData
                0x0000000008008aac       0x3c CMakeFiles/timers_diodes.elf.dir/Middlewares/ST/STM32_USB_Host_Library/Core/Src/usbh_ioreq.c.obj
                0x0000000008008aac                USBH_BulkReceiveData
 .text.USBH_OpenPipe
                0x0000000008008ae8       0x3e CMakeFiles/timers_diodes.elf.dir/Middlewares/ST/STM32_USB_Host_Library/Core/Src/usbh_pipes.c.obj
                0x0000000008008ae8                USBH_OpenPipe
 .text.USBH_ClosePipe
                0x0000000008008b26       0x20 CMakeFiles/timers_diodes.elf.dir/Middlewares/ST/STM32_USB_Host_Library/Core/Src/usbh_pipes.c.obj
                0x0000000008008b26                USBH_ClosePipe
 .text.USBH_AllocPipe
                0x0000000008008b46       0x42 CMakeFiles/timers_diodes.elf.dir/Middlewares/ST/STM32_USB_Host_Library/Core/Src/usbh_pipes.c.obj
                0x0000000008008b46                USBH_AllocPipe
 .text.USBH_FreePipe
                0x0000000008008b88       0x3a CMakeFiles/timers_diodes.elf.dir/Middlewares/ST/STM32_USB_Host_Library/Core/Src/usbh_pipes.c.obj
                0x0000000008008b88                USBH_FreePipe
 .text.USBH_GetFreePipe
                0x0000000008008bc2       0x46 CMakeFiles/timers_diodes.elf.dir/Middlewares/ST/STM32_USB_Host_Library/Core/Src/usbh_pipes.c.obj
 .text.MX_USB_HOST_Init
                0x0000000008008c08       0x4c CMakeFiles/timers_diodes.elf.dir/USB_HOST/App/usb_host.c.obj
                0x0000000008008c08                MX_USB_HOST_Init
 .text.MX_USB_HOST_Process
                0x0000000008008c54       0x14 CMakeFiles/timers_diodes.elf.dir/USB_HOST/App/usb_host.c.obj
                0x0000000008008c54                MX_USB_HOST_Process
 .text.USBH_UserProcess
                0x0000000008008c68       0x58 CMakeFiles/timers_diodes.elf.dir/USB_HOST/App/usb_host.c.obj
 .text.HAL_HCD_MspInit
                0x0000000008008cc0       0xc4 CMakeFiles/timers_diodes.elf.dir/USB_HOST/Target/usbh_conf.c.obj
                0x0000000008008cc0                HAL_HCD_MspInit
 .text.HAL_HCD_SOF_Callback
                0x0000000008008d84       0x1c CMakeFiles/timers_diodes.elf.dir/USB_HOST/Target/usbh_conf.c.obj
                0x0000000008008d84                HAL_HCD_SOF_Callback
 .text.HAL_HCD_Connect_Callback
                0x0000000008008da0       0x1c CMakeFiles/timers_diodes.elf.dir/USB_HOST/Target/usbh_conf.c.obj
                0x0000000008008da0                HAL_HCD_Connect_Callback
 .text.HAL_HCD_Disconnect_Callback
                0x0000000008008dbc       0x1c CMakeFiles/timers_diodes.elf.dir/USB_HOST/Target/usbh_conf.c.obj
                0x0000000008008dbc                HAL_HCD_Disconnect_Callback
 .text.HAL_HCD_HC_NotifyURBChange_Callback
                0x0000000008008dd8       0x1a CMakeFiles/timers_diodes.elf.dir/USB_HOST/Target/usbh_conf.c.obj
                0x0000000008008dd8                HAL_HCD_HC_NotifyURBChange_Callback
 .text.HAL_HCD_PortEnabled_Callback
                0x0000000008008df2       0x1c CMakeFiles/timers_diodes.elf.dir/USB_HOST/Target/usbh_conf.c.obj
                0x0000000008008df2                HAL_HCD_PortEnabled_Callback
 .text.HAL_HCD_PortDisabled_Callback
                0x0000000008008e0e       0x1c CMakeFiles/timers_diodes.elf.dir/USB_HOST/Target/usbh_conf.c.obj
                0x0000000008008e0e                HAL_HCD_PortDisabled_Callback
 *fill*         0x0000000008008e2a        0x2 
 .text.USBH_LL_Init
                0x0000000008008e2c       0x78 CMakeFiles/timers_diodes.elf.dir/USB_HOST/Target/usbh_conf.c.obj
                0x0000000008008e2c                USBH_LL_Init
 .text.USBH_LL_Start
                0x0000000008008ea4       0x36 CMakeFiles/timers_diodes.elf.dir/USB_HOST/Target/usbh_conf.c.obj
                0x0000000008008ea4                USBH_LL_Start
 .text.USBH_LL_Stop
                0x0000000008008eda       0x36 CMakeFiles/timers_diodes.elf.dir/USB_HOST/Target/usbh_conf.c.obj
                0x0000000008008eda                USBH_LL_Stop
 .text.USBH_LL_GetSpeed
                0x0000000008008f10       0x4e CMakeFiles/timers_diodes.elf.dir/USB_HOST/Target/usbh_conf.c.obj
                0x0000000008008f10                USBH_LL_GetSpeed
 .text.USBH_LL_ResetPort
                0x0000000008008f5e       0x36 CMakeFiles/timers_diodes.elf.dir/USB_HOST/Target/usbh_conf.c.obj
                0x0000000008008f5e                USBH_LL_ResetPort
 .text.USBH_LL_GetLastXferSize
                0x0000000008008f94       0x26 CMakeFiles/timers_diodes.elf.dir/USB_HOST/Target/usbh_conf.c.obj
                0x0000000008008f94                USBH_LL_GetLastXferSize
 .text.USBH_LL_OpenPipe
                0x0000000008008fba       0x5e CMakeFiles/timers_diodes.elf.dir/USB_HOST/Target/usbh_conf.c.obj
                0x0000000008008fba                USBH_LL_OpenPipe
 .text.USBH_LL_ClosePipe
                0x0000000008009018       0x3e CMakeFiles/timers_diodes.elf.dir/USB_HOST/Target/usbh_conf.c.obj
                0x0000000008009018                USBH_LL_ClosePipe
 .text.USBH_LL_SubmitURB
                0x0000000008009056       0x62 CMakeFiles/timers_diodes.elf.dir/USB_HOST/Target/usbh_conf.c.obj
                0x0000000008009056                USBH_LL_SubmitURB
 .text.USBH_LL_GetURBState
                0x00000000080090b8       0x26 CMakeFiles/timers_diodes.elf.dir/USB_HOST/Target/usbh_conf.c.obj
                0x00000000080090b8                USBH_LL_GetURBState
 .text.USBH_LL_DriverVBUS
                0x00000000080090de       0x2e CMakeFiles/timers_diodes.elf.dir/USB_HOST/Target/usbh_conf.c.obj
                0x00000000080090de                USBH_LL_DriverVBUS
 .text.USBH_LL_SetToggle
                0x000000000800910c       0x64 CMakeFiles/timers_diodes.elf.dir/USB_HOST/Target/usbh_conf.c.obj
                0x000000000800910c                USBH_LL_SetToggle
 .text.USBH_Delay
                0x0000000008009170       0x16 CMakeFiles/timers_diodes.elf.dir/USB_HOST/Target/usbh_conf.c.obj
                0x0000000008009170                USBH_Delay
 *fill*         0x0000000008009186        0x2 
 .text.USBH_Get_USB_Status
                0x0000000008009188       0x58 CMakeFiles/timers_diodes.elf.dir/USB_HOST/Target/usbh_conf.c.obj
                0x0000000008009188                USBH_Get_USB_Status
 .text.MX_DriverVbusFS
                0x00000000080091e0       0x38 CMakeFiles/timers_diodes.elf.dir/USB_HOST/Target/usbh_platform.c.obj
                0x00000000080091e0                MX_DriverVbusFS
 .text.Reset_Handler
                0x0000000008009218       0x50 CMakeFiles/timers_diodes.elf.dir/startup/startup_stm32f411xe.s.obj
                0x0000000008009218                Reset_Handler
 .text.Default_Handler
                0x0000000008009268        0x2 CMakeFiles/timers_diodes.elf.dir/startup/startup_stm32f411xe.s.obj
                0x0000000008009268                RTC_Alarm_IRQHandler
                0x0000000008009268                EXTI2_IRQHandler
                0x0000000008009268                SPI4_IRQHandler
                0x0000000008009268                TIM1_CC_IRQHandler
                0x0000000008009268                DMA2_Stream5_IRQHandler
                0x0000000008009268                DMA1_Stream5_IRQHandler
                0x0000000008009268                PVD_IRQHandler
                0x0000000008009268                SDIO_IRQHandler
                0x0000000008009268                TAMP_STAMP_IRQHandler
                0x0000000008009268                EXTI3_IRQHandler
                0x0000000008009268                I2C3_ER_IRQHandler
                0x0000000008009268                EXTI0_IRQHandler
                0x0000000008009268                I2C2_EV_IRQHandler
                0x0000000008009268                DMA1_Stream2_IRQHandler
                0x0000000008009268                FPU_IRQHandler
                0x0000000008009268                DMA2_Stream2_IRQHandler
                0x0000000008009268                SPI1_IRQHandler
                0x0000000008009268                TIM1_BRK_TIM9_IRQHandler
                0x0000000008009268                DMA2_Stream3_IRQHandler
                0x0000000008009268                USART6_IRQHandler
                0x0000000008009268                DMA2_Stream0_IRQHandler
                0x0000000008009268                TIM4_IRQHandler
                0x0000000008009268                I2C1_EV_IRQHandler
                0x0000000008009268                DMA1_Stream6_IRQHandler
                0x0000000008009268                DMA1_Stream1_IRQHandler
                0x0000000008009268                TIM3_IRQHandler
                0x0000000008009268                RCC_IRQHandler
                0x0000000008009268                Default_Handler
                0x0000000008009268                EXTI15_10_IRQHandler
                0x0000000008009268                ADC_IRQHandler
                0x0000000008009268                DMA1_Stream7_IRQHandler
                0x0000000008009268                SPI5_IRQHandler
                0x0000000008009268                TIM5_IRQHandler
                0x0000000008009268                DMA2_Stream7_IRQHandler
                0x0000000008009268                I2C3_EV_IRQHandler
                0x0000000008009268                EXTI9_5_IRQHandler
                0x0000000008009268                RTC_WKUP_IRQHandler
                0x0000000008009268                SPI2_IRQHandler
                0x0000000008009268                DMA1_Stream0_IRQHandler
                0x0000000008009268                EXTI4_IRQHandler
                0x0000000008009268                WWDG_IRQHandler
                0x0000000008009268                OTG_FS_WKUP_IRQHandler
                0x0000000008009268                TIM1_TRG_COM_TIM11_IRQHandler
                0x0000000008009268                EXTI1_IRQHandler
                0x0000000008009268                USART2_IRQHandler
                0x0000000008009268                I2C2_ER_IRQHandler
                0x0000000008009268                DMA2_Stream1_IRQHandler
                0x0000000008009268                FLASH_IRQHandler
                0x0000000008009268                DMA2_Stream4_IRQHandler
                0x0000000008009268                USART1_IRQHandler
                0x0000000008009268                SPI3_IRQHandler
                0x0000000008009268                DMA1_Stream4_IRQHandler
                0x0000000008009268                I2C1_ER_IRQHandler
                0x0000000008009268                DMA2_Stream6_IRQHandler
                0x0000000008009268                DMA1_Stream3_IRQHandler
 .text.__udivmoddi4
                0x000000000800926a      0x2a6 /usr/lib/gcc/arm-none-eabi/10.2.0/thumb/v7e-m/nofp/libgcc.a(_udivmoddi4.o)
                0x000000000800926a                __udivmoddi4
 .text.__errno  0x0000000008009510        0xc /usr/lib/gcc/arm-none-eabi/10.2.0/../../../../arm-none-eabi/lib/thumb/v7e-m/nofp/libg_nano.a(lib_a-errno.o)
                0x0000000008009510                __errno
 .text.__libc_init_array
                0x000000000800951c       0x48 /usr/lib/gcc/arm-none-eabi/10.2.0/../../../../arm-none-eabi/lib/thumb/v7e-m/nofp/libg_nano.a(lib_a-init.o)
                0x000000000800951c                __libc_init_array
 .text.malloc   0x0000000008009564       0x10 /usr/lib/gcc/arm-none-eabi/10.2.0/../../../../arm-none-eabi/lib/thumb/v7e-m/nofp/libg_nano.a(lib_a-malloc.o)
                0x0000000008009564                malloc
 .text.free     0x0000000008009574       0x10 /usr/lib/gcc/arm-none-eabi/10.2.0/../../../../arm-none-eabi/lib/thumb/v7e-m/nofp/libg_nano.a(lib_a-malloc.o)
                0x0000000008009574                free
 .text.memset   0x0000000008009584       0x10 /usr/lib/gcc/arm-none-eabi/10.2.0/../../../../arm-none-eabi/lib/thumb/v7e-m/nofp/libg_nano.a(lib_a-memset.o)
                0x0000000008009584                memset
 .text._free_r  0x0000000008009594       0x9c /usr/lib/gcc/arm-none-eabi/10.2.0/../../../../arm-none-eabi/lib/thumb/v7e-m/nofp/libg_nano.a(lib_a-nano-freer.o)
                0x0000000008009594                _free_r
 .text._malloc_r
                0x0000000008009630       0xb4 /usr/lib/gcc/arm-none-eabi/10.2.0/../../../../arm-none-eabi/lib/thumb/v7e-m/nofp/libg_nano.a(lib_a-nano-mallocr.o)
                0x0000000008009630                _malloc_r
 .text._sbrk_r  0x00000000080096e4       0x20 /usr/lib/gcc/arm-none-eabi/10.2.0/../../../../arm-none-eabi/lib/thumb/v7e-m/nofp/libg_nano.a(lib_a-sbrkr.o)
                0x00000000080096e4                _sbrk_r
 .text.__retarget_lock_acquire_recursive
                0x0000000008009704        0x2 /usr/lib/gcc/arm-none-eabi/10.2.0/../../../../arm-none-eabi/lib/thumb/v7e-m/nofp/libg_nano.a(lib_a-lock.o)
                0x0000000008009704                __retarget_lock_acquire_recursive
 .text.__retarget_lock_release_recursive
                0x0000000008009706        0x2 /usr/lib/gcc/arm-none-eabi/10.2.0/../../../../arm-none-eabi/lib/thumb/v7e-m/nofp/libg_nano.a(lib_a-lock.o)
                0x0000000008009706                __retarget_lock_release_recursive
 .text.__malloc_lock
                0x0000000008009708        0xc /usr/lib/gcc/arm-none-eabi/10.2.0/../../../../arm-none-eabi/lib/thumb/v7e-m/nofp/libg_nano.a(lib_a-mlock.o)
                0x0000000008009708                __malloc_lock
 .text.__malloc_unlock
                0x0000000008009714        0xc /usr/lib/gcc/arm-none-eabi/10.2.0/../../../../arm-none-eabi/lib/thumb/v7e-m/nofp/libg_nano.a(lib_a-mlock.o)
                0x0000000008009714                __malloc_unlock
 *(.glue_7)
 .glue_7        0x0000000008009720        0x0 linker stubs
 *(.glue_7t)
 .glue_7t       0x0000000008009720        0x0 linker stubs
 *(.eh_frame)
 .eh_frame      0x0000000008009720        0x0 /usr/lib/gcc/arm-none-eabi/10.2.0/thumb/v7e-m/nofp/crtbegin.o
 *(.init)
 .init          0x0000000008009720        0x4 /usr/lib/gcc/arm-none-eabi/10.2.0/thumb/v7e-m/nofp/crti.o
                0x0000000008009720                _init
 .init          0x0000000008009724        0x8 /usr/lib/gcc/arm-none-eabi/10.2.0/thumb/v7e-m/nofp/crtn.o
 *(.fini)
 .fini          0x000000000800972c        0x4 /usr/lib/gcc/arm-none-eabi/10.2.0/thumb/v7e-m/nofp/crti.o
                0x000000000800972c                _fini
 .fini          0x0000000008009730        0x8 /usr/lib/gcc/arm-none-eabi/10.2.0/thumb/v7e-m/nofp/crtn.o
                0x0000000008009738                . = ALIGN (0x4)
                0x0000000008009738                _etext = .

.vfp11_veneer   0x0000000008009738        0x0
 .vfp11_veneer  0x0000000008009738        0x0 linker stubs

.v4_bx          0x0000000008009738        0x0
 .v4_bx         0x0000000008009738        0x0 linker stubs

.iplt           0x0000000008009738        0x0
 .iplt          0x0000000008009738        0x0 /usr/lib/gcc/arm-none-eabi/10.2.0/thumb/v7e-m/nofp/crtbegin.o

.rodata         0x0000000008009738      0x3c0
                0x0000000008009738                . = ALIGN (0x4)
 *(.rodata)
 .rodata        0x0000000008009738       0x5e CMakeFiles/timers_diodes.elf.dir/Drivers/STM32F4xx_HAL_Driver/Src/stm32f4xx_hal_cortex.c.obj
 *fill*         0x0000000008009796        0x2 
 .rodata        0x0000000008009798       0x5c CMakeFiles/timers_diodes.elf.dir/Drivers/STM32F4xx_HAL_Driver/Src/stm32f4xx_hal_gpio.c.obj
 .rodata        0x00000000080097f4       0x5b CMakeFiles/timers_diodes.elf.dir/Drivers/STM32F4xx_HAL_Driver/Src/stm32f4xx_hal_hcd.c.obj
 *fill*         0x000000000800984f        0x1 
 .rodata        0x0000000008009850       0x5b CMakeFiles/timers_diodes.elf.dir/Drivers/STM32F4xx_HAL_Driver/Src/stm32f4xx_hal_i2c.c.obj
 *fill*         0x00000000080098ab        0x1 
 .rodata        0x00000000080098ac       0x5b CMakeFiles/timers_diodes.elf.dir/Drivers/STM32F4xx_HAL_Driver/Src/stm32f4xx_hal_i2s.c.obj
 *fill*         0x0000000008009907        0x1 
 .rodata        0x0000000008009908       0x5b CMakeFiles/timers_diodes.elf.dir/Drivers/STM32F4xx_HAL_Driver/Src/stm32f4xx_hal_rcc.c.obj
 *fill*         0x0000000008009963        0x1 
 .rodata        0x0000000008009964       0x5e CMakeFiles/timers_diodes.elf.dir/Drivers/STM32F4xx_HAL_Driver/Src/stm32f4xx_hal_rcc_ex.c.obj
 *fill*         0x00000000080099c2        0x2 
 .rodata        0x00000000080099c4       0x5b CMakeFiles/timers_diodes.elf.dir/Drivers/STM32F4xx_HAL_Driver/Src/stm32f4xx_hal_spi.c.obj
 *fill*         0x0000000008009a1f        0x1 
 .rodata        0x0000000008009a20       0x5b CMakeFiles/timers_diodes.elf.dir/Drivers/STM32F4xx_HAL_Driver/Src/stm32f4xx_hal_tim.c.obj
 *fill*         0x0000000008009a7b        0x1 
 .rodata        0x0000000008009a7c       0x5e CMakeFiles/timers_diodes.elf.dir/Drivers/STM32F4xx_HAL_Driver/Src/stm32f4xx_hal_tim_ex.c.obj
 *fill*         0x0000000008009ada        0x2 
 .rodata        0x0000000008009adc        0x4 CMakeFiles/timers_diodes.elf.dir/Middlewares/ST/STM32_USB_Host_Library/Class/CDC/Src/usbh_cdc.c.obj
 *(.rodata*)
 .rodata.AHBPrescTable
                0x0000000008009ae0       0x10 CMakeFiles/timers_diodes.elf.dir/Core/Src/system_stm32f4xx.c.obj
                0x0000000008009ae0                AHBPrescTable
 .rodata.APBPrescTable
                0x0000000008009af0        0x8 CMakeFiles/timers_diodes.elf.dir/Core/Src/system_stm32f4xx.c.obj
                0x0000000008009af0                APBPrescTable
                0x0000000008009af8                . = ALIGN (0x4)

.ARM.extab
 *(.ARM.extab* .gnu.linkonce.armextab.*)

.ARM            0x0000000008009af8        0x8
                0x0000000008009af8                __exidx_start = .
 *(.ARM.exidx*)
 .ARM.exidx.text.__udivmoddi4
                0x0000000008009af8        0x8 /usr/lib/gcc/arm-none-eabi/10.2.0/thumb/v7e-m/nofp/libgcc.a(_udivmoddi4.o)
                0x0000000008009b00                __exidx_end = .

.rel.dyn        0x0000000008009b00        0x0
 .rel.iplt      0x0000000008009b00        0x0 /usr/lib/gcc/arm-none-eabi/10.2.0/thumb/v7e-m/nofp/crtbegin.o

.preinit_array  0x0000000008009b00        0x0
                0x0000000008009b00                PROVIDE (__preinit_array_start = .)
 *(.preinit_array*)
                0x0000000008009b00                PROVIDE (__preinit_array_end = .)

.init_array     0x0000000008009b00        0x4
                0x0000000008009b00                PROVIDE (__init_array_start = .)
 *(SORT_BY_NAME(.init_array.*))
 *(.init_array*)
 .init_array    0x0000000008009b00        0x4 /usr/lib/gcc/arm-none-eabi/10.2.0/thumb/v7e-m/nofp/crtbegin.o
                0x0000000008009b04                PROVIDE (__init_array_end = .)

.fini_array     0x0000000008009b04        0x4
                0x0000000008009b04                PROVIDE (__fini_array_start = .)
 *(SORT_BY_NAME(.fini_array.*))
 *(.fini_array*)
 .fini_array    0x0000000008009b04        0x4 /usr/lib/gcc/arm-none-eabi/10.2.0/thumb/v7e-m/nofp/crtbegin.o
                0x0000000008009b08                PROVIDE (__fini_array_end = .)
                0x0000000008009b08                _sidata = LOADADDR (.data)

.data           0x0000000020000000       0x90 load address 0x0000000008009b08
                0x0000000020000000                . = ALIGN (0x4)
                0x0000000020000000                _sdata = .
 *(.data)
 *(.data*)
 .data.SystemCoreClock
                0x0000000020000000        0x4 CMakeFiles/timers_diodes.elf.dir/Core/Src/system_stm32f4xx.c.obj
                0x0000000020000000                SystemCoreClock
 .data.uwTickPrio
                0x0000000020000004        0x4 CMakeFiles/timers_diodes.elf.dir/Drivers/STM32F4xx_HAL_Driver/Src/stm32f4xx_hal.c.obj
                0x0000000020000004                uwTickPrio
 .data.uwTickFreq
                0x0000000020000008        0x1 CMakeFiles/timers_diodes.elf.dir/Drivers/STM32F4xx_HAL_Driver/Src/stm32f4xx_hal.c.obj
                0x0000000020000008                uwTickFreq
 *fill*         0x0000000020000009        0x3 
 .data.CDC_Class
                0x000000002000000c       0x20 CMakeFiles/timers_diodes.elf.dir/Middlewares/ST/STM32_USB_Host_Library/Class/CDC/Src/usbh_cdc.c.obj
                0x000000002000000c                CDC_Class
 .data._impure_ptr
                0x000000002000002c        0x4 /usr/lib/gcc/arm-none-eabi/10.2.0/../../../../arm-none-eabi/lib/thumb/v7e-m/nofp/libg_nano.a(lib_a-impure.o)
                0x000000002000002c                _impure_ptr
 .data.impure_data
                0x0000000020000030       0x60 /usr/lib/gcc/arm-none-eabi/10.2.0/../../../../arm-none-eabi/lib/thumb/v7e-m/nofp/libg_nano.a(lib_a-impure.o)
                0x0000000020000090                . = ALIGN (0x4)
                0x0000000020000090                _edata = .

.igot.plt       0x0000000020000090        0x0 load address 0x0000000008009b98
 .igot.plt      0x0000000020000090        0x0 /usr/lib/gcc/arm-none-eabi/10.2.0/thumb/v7e-m/nofp/crtbegin.o
                0x0000000020000090                . = ALIGN (0x4)

.bss            0x0000000020000090      0x89c load address 0x0000000008009b98
                0x0000000020000090                _sbss = .
                0x0000000020000090                __bss_start__ = _sbss
 *(.bss)
 *(.bss*)
 .bss.completed.1
                0x0000000020000090        0x1 /usr/lib/gcc/arm-none-eabi/10.2.0/thumb/v7e-m/nofp/crtbegin.o
 *fill*         0x0000000020000091        0x3 
 .bss.object.0  0x0000000020000094       0x18 /usr/lib/gcc/arm-none-eabi/10.2.0/thumb/v7e-m/nofp/crtbegin.o
 .bss.hi2c1     0x00000000200000ac       0x54 CMakeFiles/timers_diodes.elf.dir/Core/Src/i2c.c.obj
                0x00000000200000ac                hi2c1
 .bss.hi2s2     0x0000000020000100       0x48 CMakeFiles/timers_diodes.elf.dir/Core/Src/i2s.c.obj
                0x0000000020000100                hi2s2
 .bss.hi2s3     0x0000000020000148       0x48 CMakeFiles/timers_diodes.elf.dir/Core/Src/i2s.c.obj
                0x0000000020000148                hi2s3
 .bss.hspi1     0x0000000020000190       0x58 CMakeFiles/timers_diodes.elf.dir/Core/Src/spi.c.obj
                0x0000000020000190                hspi1
 .bss.heap_end.0
                0x00000000200001e8        0x4 CMakeFiles/timers_diodes.elf.dir/Core/Src/syscalls.c.obj
 .bss.htim1     0x00000000200001ec       0x40 CMakeFiles/timers_diodes.elf.dir/Core/Src/tim.c.obj
                0x00000000200001ec                htim1
 .bss.htim2     0x000000002000022c       0x40 CMakeFiles/timers_diodes.elf.dir/Core/Src/tim.c.obj
                0x000000002000022c                htim2
 .bss.uwTick    0x000000002000026c        0x4 CMakeFiles/timers_diodes.elf.dir/Drivers/STM32F4xx_HAL_Driver/Src/stm32f4xx_hal.c.obj
                0x000000002000026c                uwTick
 .bss.tmpreg.0  0x0000000020000270        0x4 CMakeFiles/timers_diodes.elf.dir/Drivers/STM32F4xx_HAL_Driver/Src/stm32f4xx_ll_usb.c.obj
 .bss.hUsbHostFS
                0x0000000020000274      0x3d8 CMakeFiles/timers_diodes.elf.dir/USB_HOST/App/usb_host.c.obj
                0x0000000020000274                hUsbHostFS
 .bss.Appli_state
                0x000000002000064c        0x1 CMakeFiles/timers_diodes.elf.dir/USB_HOST/App/usb_host.c.obj
                0x000000002000064c                Appli_state
 *fill*         0x000000002000064d        0x3 
 .bss.hhcd_USB_OTG_FS
                0x0000000020000650      0x2c4 CMakeFiles/timers_diodes.elf.dir/USB_HOST/Target/usbh_conf.c.obj
                0x0000000020000650                hhcd_USB_OTG_FS
 .bss.__malloc_free_list
                0x0000000020000914        0x4 /usr/lib/gcc/arm-none-eabi/10.2.0/../../../../arm-none-eabi/lib/thumb/v7e-m/nofp/libg_nano.a(lib_a-nano-mallocr.o)
                0x0000000020000914                __malloc_free_list
 .bss.__malloc_sbrk_start
                0x0000000020000918        0x4 /usr/lib/gcc/arm-none-eabi/10.2.0/../../../../arm-none-eabi/lib/thumb/v7e-m/nofp/libg_nano.a(lib_a-nano-mallocr.o)
                0x0000000020000918                __malloc_sbrk_start
 *(COMMON)
 COMMON         0x000000002000091c        0x9 /usr/lib/gcc/arm-none-eabi/10.2.0/../../../../arm-none-eabi/lib/thumb/v7e-m/nofp/libg_nano.a(lib_a-lock.o)
                0x000000002000091c                __lock___atexit_recursive_mutex
                0x000000002000091d                __lock___arc4random_mutex
                0x000000002000091e                __lock___env_recursive_mutex
                0x000000002000091f                __lock___sinit_recursive_mutex
                0x0000000020000920                __lock___malloc_recursive_mutex
                0x0000000020000921                __lock___at_quick_exit_mutex
                0x0000000020000922                __lock___dd_hash_mutex
                0x0000000020000923                __lock___tz_mutex
                0x0000000020000924                __lock___sfp_recursive_mutex
 *fill*         0x0000000020000925        0x3 
 COMMON         0x0000000020000928        0x4 /usr/lib/gcc/arm-none-eabi/10.2.0/../../../../arm-none-eabi/lib/thumb/v7e-m/nofp/libg_nano.a(lib_a-reent.o)
                0x0000000020000928                errno
                0x000000002000092c                . = ALIGN (0x4)
                0x000000002000092c                _ebss = .
                0x000000002000092c                __bss_end__ = _ebss

._user_heap_stack
                0x000000002000092c      0x604 load address 0x0000000008009b98
                0x0000000020000930                . = ALIGN (0x8)
 *fill*         0x000000002000092c        0x4 
                0x0000000020000930                PROVIDE (end = .)
                [!provide]                        PROVIDE (_end = .)
                0x0000000020000b30                . = (. + _Min_Heap_Size)
 *fill*         0x0000000020000930      0x200 
                0x0000000020000f30                . = (. + _Min_Stack_Size)
 *fill*         0x0000000020000b30      0x400 
                0x0000000020000f30                . = ALIGN (0x8)

/DISCARD/
 libc.a(*)
 libm.a(*)
 libgcc.a(*)

.ARM.attributes
                0x0000000000000000       0x2a
 *(.ARM.attributes)
 .ARM.attributes
                0x0000000000000000       0x1e /usr/lib/gcc/arm-none-eabi/10.2.0/thumb/v7e-m/nofp/crti.o
 .ARM.attributes
                0x000000000000001e       0x2e /usr/lib/gcc/arm-none-eabi/10.2.0/thumb/v7e-m/nofp/crtbegin.o
 .ARM.attributes
                0x000000000000004c       0x2e CMakeFiles/timers_diodes.elf.dir/Core/Src/gpio.c.obj
 .ARM.attributes
                0x000000000000007a       0x2e CMakeFiles/timers_diodes.elf.dir/Core/Src/i2c.c.obj
 .ARM.attributes
                0x00000000000000a8       0x2e CMakeFiles/timers_diodes.elf.dir/Core/Src/i2s.c.obj
 .ARM.attributes
                0x00000000000000d6       0x2e CMakeFiles/timers_diodes.elf.dir/Core/Src/main.c.obj
 .ARM.attributes
                0x0000000000000104       0x2e CMakeFiles/timers_diodes.elf.dir/Core/Src/spi.c.obj
 .ARM.attributes
                0x0000000000000132       0x2e CMakeFiles/timers_diodes.elf.dir/Core/Src/stm32f4xx_hal_msp.c.obj
 .ARM.attributes
                0x0000000000000160       0x2e CMakeFiles/timers_diodes.elf.dir/Core/Src/stm32f4xx_it.c.obj
 .ARM.attributes
                0x000000000000018e       0x2e CMakeFiles/timers_diodes.elf.dir/Core/Src/syscalls.c.obj
 .ARM.attributes
                0x00000000000001bc       0x2e CMakeFiles/timers_diodes.elf.dir/Core/Src/system_stm32f4xx.c.obj
 .ARM.attributes
                0x00000000000001ea       0x2e CMakeFiles/timers_diodes.elf.dir/Core/Src/tim.c.obj
 .ARM.attributes
                0x0000000000000218       0x2e CMakeFiles/timers_diodes.elf.dir/Drivers/STM32F4xx_HAL_Driver/Src/stm32f4xx_hal.c.obj
 .ARM.attributes
                0x0000000000000246       0x2e CMakeFiles/timers_diodes.elf.dir/Drivers/STM32F4xx_HAL_Driver/Src/stm32f4xx_hal_cortex.c.obj
 .ARM.attributes
                0x0000000000000274       0x2e CMakeFiles/timers_diodes.elf.dir/Drivers/STM32F4xx_HAL_Driver/Src/stm32f4xx_hal_gpio.c.obj
 .ARM.attributes
                0x00000000000002a2       0x2e CMakeFiles/timers_diodes.elf.dir/Drivers/STM32F4xx_HAL_Driver/Src/stm32f4xx_hal_hcd.c.obj
 .ARM.attributes
                0x00000000000002d0       0x2e CMakeFiles/timers_diodes.elf.dir/Drivers/STM32F4xx_HAL_Driver/Src/stm32f4xx_hal_i2c.c.obj
 .ARM.attributes
                0x00000000000002fe       0x2e CMakeFiles/timers_diodes.elf.dir/Drivers/STM32F4xx_HAL_Driver/Src/stm32f4xx_hal_i2s.c.obj
 .ARM.attributes
                0x000000000000032c       0x2e CMakeFiles/timers_diodes.elf.dir/Drivers/STM32F4xx_HAL_Driver/Src/stm32f4xx_hal_i2s_ex.c.obj
 .ARM.attributes
                0x000000000000035a       0x2e CMakeFiles/timers_diodes.elf.dir/Drivers/STM32F4xx_HAL_Driver/Src/stm32f4xx_hal_rcc.c.obj
 .ARM.attributes
                0x0000000000000388       0x2e CMakeFiles/timers_diodes.elf.dir/Drivers/STM32F4xx_HAL_Driver/Src/stm32f4xx_hal_rcc_ex.c.obj
 .ARM.attributes
                0x00000000000003b6       0x2e CMakeFiles/timers_diodes.elf.dir/Drivers/STM32F4xx_HAL_Driver/Src/stm32f4xx_hal_spi.c.obj
 .ARM.attributes
                0x00000000000003e4       0x2e CMakeFiles/timers_diodes.elf.dir/Drivers/STM32F4xx_HAL_Driver/Src/stm32f4xx_hal_tim.c.obj
 .ARM.attributes
                0x0000000000000412       0x2e CMakeFiles/timers_diodes.elf.dir/Drivers/STM32F4xx_HAL_Driver/Src/stm32f4xx_hal_tim_ex.c.obj
 .ARM.attributes
                0x0000000000000440       0x2e CMakeFiles/timers_diodes.elf.dir/Drivers/STM32F4xx_HAL_Driver/Src/stm32f4xx_ll_usb.c.obj
 .ARM.attributes
                0x000000000000046e       0x2e CMakeFiles/timers_diodes.elf.dir/Middlewares/ST/STM32_USB_Host_Library/Class/CDC/Src/usbh_cdc.c.obj
 .ARM.attributes
                0x000000000000049c       0x2e CMakeFiles/timers_diodes.elf.dir/Middlewares/ST/STM32_USB_Host_Library/Core/Src/usbh_core.c.obj
 .ARM.attributes
                0x00000000000004ca       0x2e CMakeFiles/timers_diodes.elf.dir/Middlewares/ST/STM32_USB_Host_Library/Core/Src/usbh_ctlreq.c.obj
 .ARM.attributes
                0x00000000000004f8       0x2e CMakeFiles/timers_diodes.elf.dir/Middlewares/ST/STM32_USB_Host_Library/Core/Src/usbh_ioreq.c.obj
 .ARM.attributes
                0x0000000000000526       0x2e CMakeFiles/timers_diodes.elf.dir/Middlewares/ST/STM32_USB_Host_Library/Core/Src/usbh_pipes.c.obj
 .ARM.attributes
                0x0000000000000554       0x2e CMakeFiles/timers_diodes.elf.dir/USB_HOST/App/usb_host.c.obj
 .ARM.attributes
                0x0000000000000582       0x2e CMakeFiles/timers_diodes.elf.dir/USB_HOST/Target/usbh_conf.c.obj
 .ARM.attributes
                0x00000000000005b0       0x2e CMakeFiles/timers_diodes.elf.dir/USB_HOST/Target/usbh_platform.c.obj
 .ARM.attributes
                0x00000000000005de       0x21 CMakeFiles/timers_diodes.elf.dir/startup/startup_stm32f411xe.s.obj
 .ARM.attributes
                0x00000000000005ff       0x1e /usr/lib/gcc/arm-none-eabi/10.2.0/thumb/v7e-m/nofp/libgcc.a(_aeabi_uldivmod.o)
 .ARM.attributes
                0x000000000000061d       0x2e /usr/lib/gcc/arm-none-eabi/10.2.0/thumb/v7e-m/nofp/libgcc.a(_udivmoddi4.o)
 .ARM.attributes
                0x000000000000064b       0x1e /usr/lib/gcc/arm-none-eabi/10.2.0/thumb/v7e-m/nofp/libgcc.a(_dvmd_tls.o)
 .ARM.attributes
                0x0000000000000669       0x2e /usr/lib/gcc/arm-none-eabi/10.2.0/../../../../arm-none-eabi/lib/thumb/v7e-m/nofp/libg_nano.a(lib_a-errno.o)
 .ARM.attributes
                0x0000000000000697       0x2e /usr/lib/gcc/arm-none-eabi/10.2.0/../../../../arm-none-eabi/lib/thumb/v7e-m/nofp/libg_nano.a(lib_a-impure.o)
 .ARM.attributes
                0x00000000000006c5       0x2e /usr/lib/gcc/arm-none-eabi/10.2.0/../../../../arm-none-eabi/lib/thumb/v7e-m/nofp/libg_nano.a(lib_a-init.o)
 .ARM.attributes
                0x00000000000006f3       0x2e /usr/lib/gcc/arm-none-eabi/10.2.0/../../../../arm-none-eabi/lib/thumb/v7e-m/nofp/libg_nano.a(lib_a-malloc.o)
 .ARM.attributes
                0x0000000000000721       0x2e /usr/lib/gcc/arm-none-eabi/10.2.0/../../../../arm-none-eabi/lib/thumb/v7e-m/nofp/libg_nano.a(lib_a-memset.o)
 .ARM.attributes
                0x000000000000074f       0x2e /usr/lib/gcc/arm-none-eabi/10.2.0/../../../../arm-none-eabi/lib/thumb/v7e-m/nofp/libg_nano.a(lib_a-nano-freer.o)
 .ARM.attributes
                0x000000000000077d       0x2e /usr/lib/gcc/arm-none-eabi/10.2.0/../../../../arm-none-eabi/lib/thumb/v7e-m/nofp/libg_nano.a(lib_a-nano-mallocr.o)
 .ARM.attributes
                0x00000000000007ab       0x2e /usr/lib/gcc/arm-none-eabi/10.2.0/../../../../arm-none-eabi/lib/thumb/v7e-m/nofp/libg_nano.a(lib_a-sbrkr.o)
 .ARM.attributes
                0x00000000000007d9       0x2e /usr/lib/gcc/arm-none-eabi/10.2.0/../../../../arm-none-eabi/lib/thumb/v7e-m/nofp/libg_nano.a(lib_a-lock.o)
 .ARM.attributes
                0x0000000000000807       0x2e /usr/lib/gcc/arm-none-eabi/10.2.0/../../../../arm-none-eabi/lib/thumb/v7e-m/nofp/libg_nano.a(lib_a-mlock.o)
 .ARM.attributes
                0x0000000000000835       0x2e /usr/lib/gcc/arm-none-eabi/10.2.0/../../../../arm-none-eabi/lib/thumb/v7e-m/nofp/libg_nano.a(lib_a-reent.o)
 .ARM.attributes
                0x0000000000000863       0x1e /usr/lib/gcc/arm-none-eabi/10.2.0/thumb/v7e-m/nofp/crtn.o
OUTPUT(timers_diodes.elf elf32-littlearm)
LOAD linker stubs
LOAD /usr/lib/gcc/arm-none-eabi/10.2.0/../../../../arm-none-eabi/lib/thumb/v7e-m/nofp/libc.a
LOAD /usr/lib/gcc/arm-none-eabi/10.2.0/../../../../arm-none-eabi/lib/thumb/v7e-m/nofp/libm.a
LOAD /usr/lib/gcc/arm-none-eabi/10.2.0/thumb/v7e-m/nofp/libgcc.a

.debug_info     0x0000000000000000    0x1a274
 .debug_info    0x0000000000000000      0x481 CMakeFiles/timers_diodes.elf.dir/Core/Src/gpio.c.obj
 .debug_info    0x0000000000000481      0x9d4 CMakeFiles/timers_diodes.elf.dir/Core/Src/i2c.c.obj
 .debug_info    0x0000000000000e55      0xa10 CMakeFiles/timers_diodes.elf.dir/Core/Src/i2s.c.obj
 .debug_info    0x0000000000001865      0xbaa CMakeFiles/timers_diodes.elf.dir/Core/Src/main.c.obj
 .debug_info    0x000000000000240f      0x99f CMakeFiles/timers_diodes.elf.dir/Core/Src/spi.c.obj
 .debug_info    0x0000000000002dae      0x2c9 CMakeFiles/timers_diodes.elf.dir/Core/Src/stm32f4xx_hal_msp.c.obj
 .debug_info    0x0000000000003077      0xb62 CMakeFiles/timers_diodes.elf.dir/Core/Src/stm32f4xx_it.c.obj
 .debug_info    0x0000000000003bd9      0x71a CMakeFiles/timers_diodes.elf.dir/Core/Src/syscalls.c.obj
 .debug_info    0x00000000000042f3      0x544 CMakeFiles/timers_diodes.elf.dir/Core/Src/system_stm32f4xx.c.obj
 .debug_info    0x0000000000004837      0xaea CMakeFiles/timers_diodes.elf.dir/Core/Src/tim.c.obj
 .debug_info    0x0000000000005321      0x8c8 CMakeFiles/timers_diodes.elf.dir/Drivers/STM32F4xx_HAL_Driver/Src/stm32f4xx_hal.c.obj
 .debug_info    0x0000000000005be9      0xd98 CMakeFiles/timers_diodes.elf.dir/Drivers/STM32F4xx_HAL_Driver/Src/stm32f4xx_hal_cortex.c.obj
 .debug_info    0x0000000000006981      0x773 CMakeFiles/timers_diodes.elf.dir/Drivers/STM32F4xx_HAL_Driver/Src/stm32f4xx_hal_gpio.c.obj
 .debug_info    0x00000000000070f4      0xe33 CMakeFiles/timers_diodes.elf.dir/Drivers/STM32F4xx_HAL_Driver/Src/stm32f4xx_hal_hcd.c.obj
 .debug_info    0x0000000000007f27     0x24ee CMakeFiles/timers_diodes.elf.dir/Drivers/STM32F4xx_HAL_Driver/Src/stm32f4xx_hal_i2c.c.obj
 .debug_info    0x000000000000a415      0xe49 CMakeFiles/timers_diodes.elf.dir/Drivers/STM32F4xx_HAL_Driver/Src/stm32f4xx_hal_i2s.c.obj
 .debug_info    0x000000000000b25e      0xb23 CMakeFiles/timers_diodes.elf.dir/Drivers/STM32F4xx_HAL_Driver/Src/stm32f4xx_hal_i2s_ex.c.obj
 .debug_info    0x000000000000bd81      0x93e CMakeFiles/timers_diodes.elf.dir/Drivers/STM32F4xx_HAL_Driver/Src/stm32f4xx_hal_rcc.c.obj
 .debug_info    0x000000000000c6bf      0x5ac CMakeFiles/timers_diodes.elf.dir/Drivers/STM32F4xx_HAL_Driver/Src/stm32f4xx_hal_rcc_ex.c.obj
 .debug_info    0x000000000000cc6b     0x16a5 CMakeFiles/timers_diodes.elf.dir/Drivers/STM32F4xx_HAL_Driver/Src/stm32f4xx_hal_spi.c.obj
 .debug_info    0x000000000000e310     0x25e6 CMakeFiles/timers_diodes.elf.dir/Drivers/STM32F4xx_HAL_Driver/Src/stm32f4xx_hal_tim.c.obj
 .debug_info    0x00000000000108f6     0x1178 CMakeFiles/timers_diodes.elf.dir/Drivers/STM32F4xx_HAL_Driver/Src/stm32f4xx_hal_tim_ex.c.obj
 .debug_info    0x0000000000011a6e     0x1983 CMakeFiles/timers_diodes.elf.dir/Drivers/STM32F4xx_HAL_Driver/Src/stm32f4xx_ll_usb.c.obj
 .debug_info    0x00000000000133f1     0x1301 CMakeFiles/timers_diodes.elf.dir/Middlewares/ST/STM32_USB_Host_Library/Class/CDC/Src/usbh_cdc.c.obj
 .debug_info    0x00000000000146f2      0xe90 CMakeFiles/timers_diodes.elf.dir/Middlewares/ST/STM32_USB_Host_Library/Core/Src/usbh_core.c.obj
 .debug_info    0x0000000000015582      0xf61 CMakeFiles/timers_diodes.elf.dir/Middlewares/ST/STM32_USB_Host_Library/Core/Src/usbh_ctlreq.c.obj
 .debug_info    0x00000000000164e3      0xcaa CMakeFiles/timers_diodes.elf.dir/Middlewares/ST/STM32_USB_Host_Library/Core/Src/usbh_ioreq.c.obj
 .debug_info    0x000000000001718d      0xad2 CMakeFiles/timers_diodes.elf.dir/Middlewares/ST/STM32_USB_Host_Library/Core/Src/usbh_pipes.c.obj
 .debug_info    0x0000000000017c5f      0xa1b CMakeFiles/timers_diodes.elf.dir/USB_HOST/App/usb_host.c.obj
 .debug_info    0x000000000001867a     0x1a1c CMakeFiles/timers_diodes.elf.dir/USB_HOST/Target/usbh_conf.c.obj
 .debug_info    0x000000000001a096      0x1bc CMakeFiles/timers_diodes.elf.dir/USB_HOST/Target/usbh_platform.c.obj
 .debug_info    0x000000000001a252       0x22 CMakeFiles/timers_diodes.elf.dir/startup/startup_stm32f411xe.s.obj

.debug_abbrev   0x0000000000000000     0x3f71
 .debug_abbrev  0x0000000000000000      0x11e CMakeFiles/timers_diodes.elf.dir/Core/Src/gpio.c.obj
 .debug_abbrev  0x000000000000011e      0x19e CMakeFiles/timers_diodes.elf.dir/Core/Src/i2c.c.obj
 .debug_abbrev  0x00000000000002bc      0x19e CMakeFiles/timers_diodes.elf.dir/Core/Src/i2s.c.obj
 .debug_abbrev  0x000000000000045a      0x1da CMakeFiles/timers_diodes.elf.dir/Core/Src/main.c.obj
 .debug_abbrev  0x0000000000000634      0x19e CMakeFiles/timers_diodes.elf.dir/Core/Src/spi.c.obj
 .debug_abbrev  0x00000000000007d2       0xd1 CMakeFiles/timers_diodes.elf.dir/Core/Src/stm32f4xx_hal_msp.c.obj
 .debug_abbrev  0x00000000000008a3      0x1aa CMakeFiles/timers_diodes.elf.dir/Core/Src/stm32f4xx_it.c.obj
 .debug_abbrev  0x0000000000000a4d      0x1a3 CMakeFiles/timers_diodes.elf.dir/Core/Src/syscalls.c.obj
 .debug_abbrev  0x0000000000000bf0      0x113 CMakeFiles/timers_diodes.elf.dir/Core/Src/system_stm32f4xx.c.obj
 .debug_abbrev  0x0000000000000d03      0x1ba CMakeFiles/timers_diodes.elf.dir/Core/Src/tim.c.obj
 .debug_abbrev  0x0000000000000ebd      0x208 CMakeFiles/timers_diodes.elf.dir/Drivers/STM32F4xx_HAL_Driver/Src/stm32f4xx_hal.c.obj
 .debug_abbrev  0x00000000000010c5      0x313 CMakeFiles/timers_diodes.elf.dir/Drivers/STM32F4xx_HAL_Driver/Src/stm32f4xx_hal_cortex.c.obj
 .debug_abbrev  0x00000000000013d8      0x1c1 CMakeFiles/timers_diodes.elf.dir/Drivers/STM32F4xx_HAL_Driver/Src/stm32f4xx_hal_gpio.c.obj
 .debug_abbrev  0x0000000000001599      0x25d CMakeFiles/timers_diodes.elf.dir/Drivers/STM32F4xx_HAL_Driver/Src/stm32f4xx_hal_hcd.c.obj
 .debug_abbrev  0x00000000000017f6      0x264 CMakeFiles/timers_diodes.elf.dir/Drivers/STM32F4xx_HAL_Driver/Src/stm32f4xx_hal_i2c.c.obj
 .debug_abbrev  0x0000000000001a5a      0x214 CMakeFiles/timers_diodes.elf.dir/Drivers/STM32F4xx_HAL_Driver/Src/stm32f4xx_hal_i2s.c.obj
 .debug_abbrev  0x0000000000001c6e      0x245 CMakeFiles/timers_diodes.elf.dir/Drivers/STM32F4xx_HAL_Driver/Src/stm32f4xx_hal_i2s_ex.c.obj
 .debug_abbrev  0x0000000000001eb3      0x25f CMakeFiles/timers_diodes.elf.dir/Drivers/STM32F4xx_HAL_Driver/Src/stm32f4xx_hal_rcc.c.obj
 .debug_abbrev  0x0000000000002112      0x18e CMakeFiles/timers_diodes.elf.dir/Drivers/STM32F4xx_HAL_Driver/Src/stm32f4xx_hal_rcc_ex.c.obj
 .debug_abbrev  0x00000000000022a0      0x23f CMakeFiles/timers_diodes.elf.dir/Drivers/STM32F4xx_HAL_Driver/Src/stm32f4xx_hal_spi.c.obj
 .debug_abbrev  0x00000000000024df      0x23f CMakeFiles/timers_diodes.elf.dir/Drivers/STM32F4xx_HAL_Driver/Src/stm32f4xx_hal_tim.c.obj
 .debug_abbrev  0x000000000000271e      0x22d CMakeFiles/timers_diodes.elf.dir/Drivers/STM32F4xx_HAL_Driver/Src/stm32f4xx_hal_tim_ex.c.obj
 .debug_abbrev  0x000000000000294b      0x277 CMakeFiles/timers_diodes.elf.dir/Drivers/STM32F4xx_HAL_Driver/Src/stm32f4xx_ll_usb.c.obj
 .debug_abbrev  0x0000000000002bc2      0x2f9 CMakeFiles/timers_diodes.elf.dir/Middlewares/ST/STM32_USB_Host_Library/Class/CDC/Src/usbh_cdc.c.obj
 .debug_abbrev  0x0000000000002ebb      0x317 CMakeFiles/timers_diodes.elf.dir/Middlewares/ST/STM32_USB_Host_Library/Core/Src/usbh_core.c.obj
 .debug_abbrev  0x00000000000031d2      0x2ca CMakeFiles/timers_diodes.elf.dir/Middlewares/ST/STM32_USB_Host_Library/Core/Src/usbh_ctlreq.c.obj
 .debug_abbrev  0x000000000000349c      0x218 CMakeFiles/timers_diodes.elf.dir/Middlewares/ST/STM32_USB_Host_Library/Core/Src/usbh_ioreq.c.obj
 .debug_abbrev  0x00000000000036b4      0x256 CMakeFiles/timers_diodes.elf.dir/Middlewares/ST/STM32_USB_Host_Library/Core/Src/usbh_pipes.c.obj
 .debug_abbrev  0x000000000000390a      0x22d CMakeFiles/timers_diodes.elf.dir/USB_HOST/App/usb_host.c.obj
 .debug_abbrev  0x0000000000003b37      0x33e CMakeFiles/timers_diodes.elf.dir/USB_HOST/Target/usbh_conf.c.obj
 .debug_abbrev  0x0000000000003e75       0xea CMakeFiles/timers_diodes.elf.dir/USB_HOST/Target/usbh_platform.c.obj
 .debug_abbrev  0x0000000000003f5f       0x12 CMakeFiles/timers_diodes.elf.dir/startup/startup_stm32f411xe.s.obj

.debug_aranges  0x0000000000000000     0x1748
 .debug_aranges
                0x0000000000000000       0x20 CMakeFiles/timers_diodes.elf.dir/Core/Src/gpio.c.obj
 .debug_aranges
                0x0000000000000020       0x30 CMakeFiles/timers_diodes.elf.dir/Core/Src/i2c.c.obj
 .debug_aranges
                0x0000000000000050       0x38 CMakeFiles/timers_diodes.elf.dir/Core/Src/i2s.c.obj
 .debug_aranges
                0x0000000000000088       0x40 CMakeFiles/timers_diodes.elf.dir/Core/Src/main.c.obj
 .debug_aranges
                0x00000000000000c8       0x30 CMakeFiles/timers_diodes.elf.dir/Core/Src/spi.c.obj
 .debug_aranges
                0x00000000000000f8       0x20 CMakeFiles/timers_diodes.elf.dir/Core/Src/stm32f4xx_hal_msp.c.obj
 .debug_aranges
                0x0000000000000118       0x78 CMakeFiles/timers_diodes.elf.dir/Core/Src/stm32f4xx_it.c.obj
 .debug_aranges
                0x0000000000000190       0xb0 CMakeFiles/timers_diodes.elf.dir/Core/Src/syscalls.c.obj
 .debug_aranges
                0x0000000000000240       0x28 CMakeFiles/timers_diodes.elf.dir/Core/Src/system_stm32f4xx.c.obj
 .debug_aranges
                0x0000000000000268       0x38 CMakeFiles/timers_diodes.elf.dir/Core/Src/tim.c.obj
 .debug_aranges
                0x00000000000002a0       0xf0 CMakeFiles/timers_diodes.elf.dir/Drivers/STM32F4xx_HAL_Driver/Src/stm32f4xx_hal.c.obj
 .debug_aranges
                0x0000000000000390      0x118 CMakeFiles/timers_diodes.elf.dir/Drivers/STM32F4xx_HAL_Driver/Src/stm32f4xx_hal_cortex.c.obj
 .debug_aranges
                0x00000000000004a8       0x58 CMakeFiles/timers_diodes.elf.dir/Drivers/STM32F4xx_HAL_Driver/Src/stm32f4xx_hal_gpio.c.obj
 .debug_aranges
                0x0000000000000500       0xf0 CMakeFiles/timers_diodes.elf.dir/Drivers/STM32F4xx_HAL_Driver/Src/stm32f4xx_hal_hcd.c.obj
 .debug_aranges
                0x00000000000005f0      0x298 CMakeFiles/timers_diodes.elf.dir/Drivers/STM32F4xx_HAL_Driver/Src/stm32f4xx_hal_i2c.c.obj
 .debug_aranges
                0x0000000000000888      0x108 CMakeFiles/timers_diodes.elf.dir/Drivers/STM32F4xx_HAL_Driver/Src/stm32f4xx_hal_i2s.c.obj
 .debug_aranges
                0x0000000000000990       0x88 CMakeFiles/timers_diodes.elf.dir/Drivers/STM32F4xx_HAL_Driver/Src/stm32f4xx_hal_i2s_ex.c.obj
 .debug_aranges
                0x0000000000000a18       0x88 CMakeFiles/timers_diodes.elf.dir/Drivers/STM32F4xx_HAL_Driver/Src/stm32f4xx_hal_rcc.c.obj
 .debug_aranges
                0x0000000000000aa0       0x50 CMakeFiles/timers_diodes.elf.dir/Drivers/STM32F4xx_HAL_Driver/Src/stm32f4xx_hal_rcc_ex.c.obj
 .debug_aranges
                0x0000000000000af0      0x1d0 CMakeFiles/timers_diodes.elf.dir/Drivers/STM32F4xx_HAL_Driver/Src/stm32f4xx_hal_spi.c.obj
 .debug_aranges
                0x0000000000000cc0      0x3a8 CMakeFiles/timers_diodes.elf.dir/Drivers/STM32F4xx_HAL_Driver/Src/stm32f4xx_hal_tim.c.obj
 .debug_aranges
                0x0000000000001068      0x150 CMakeFiles/timers_diodes.elf.dir/Drivers/STM32F4xx_HAL_Driver/Src/stm32f4xx_hal_tim_ex.c.obj
 .debug_aranges
                0x00000000000011b8      0x198 CMakeFiles/timers_diodes.elf.dir/Drivers/STM32F4xx_HAL_Driver/Src/stm32f4xx_ll_usb.c.obj
 .debug_aranges
                0x0000000000001350       0xa8 CMakeFiles/timers_diodes.elf.dir/Middlewares/ST/STM32_USB_Host_Library/Class/CDC/Src/usbh_cdc.c.obj
 .debug_aranges
                0x00000000000013f8       0xc0 CMakeFiles/timers_diodes.elf.dir/Middlewares/ST/STM32_USB_Host_Library/Core/Src/usbh_core.c.obj
 .debug_aranges
                0x00000000000014b8       0xa0 CMakeFiles/timers_diodes.elf.dir/Middlewares/ST/STM32_USB_Host_Library/Core/Src/usbh_ctlreq.c.obj
 .debug_aranges
                0x0000000000001558       0x60 CMakeFiles/timers_diodes.elf.dir/Middlewares/ST/STM32_USB_Host_Library/Core/Src/usbh_ioreq.c.obj
 .debug_aranges
                0x00000000000015b8       0x40 CMakeFiles/timers_diodes.elf.dir/Middlewares/ST/STM32_USB_Host_Library/Core/Src/usbh_pipes.c.obj
 .debug_aranges
                0x00000000000015f8       0x30 CMakeFiles/timers_diodes.elf.dir/USB_HOST/App/usb_host.c.obj
 .debug_aranges
                0x0000000000001628       0xd8 CMakeFiles/timers_diodes.elf.dir/USB_HOST/Target/usbh_conf.c.obj
 .debug_aranges
                0x0000000000001700       0x20 CMakeFiles/timers_diodes.elf.dir/USB_HOST/Target/usbh_platform.c.obj
 .debug_aranges
                0x0000000000001720       0x28 CMakeFiles/timers_diodes.elf.dir/startup/startup_stm32f411xe.s.obj

.debug_ranges   0x0000000000000000     0x1570
 .debug_ranges  0x0000000000000000       0x10 CMakeFiles/timers_diodes.elf.dir/Core/Src/gpio.c.obj
 .debug_ranges  0x0000000000000010       0x20 CMakeFiles/timers_diodes.elf.dir/Core/Src/i2c.c.obj
 .debug_ranges  0x0000000000000030       0x28 CMakeFiles/timers_diodes.elf.dir/Core/Src/i2s.c.obj
 .debug_ranges  0x0000000000000058       0x30 CMakeFiles/timers_diodes.elf.dir/Core/Src/main.c.obj
 .debug_ranges  0x0000000000000088       0x20 CMakeFiles/timers_diodes.elf.dir/Core/Src/spi.c.obj
 .debug_ranges  0x00000000000000a8       0x10 CMakeFiles/timers_diodes.elf.dir/Core/Src/stm32f4xx_hal_msp.c.obj
 .debug_ranges  0x00000000000000b8       0x68 CMakeFiles/timers_diodes.elf.dir/Core/Src/stm32f4xx_it.c.obj
 .debug_ranges  0x0000000000000120       0xa0 CMakeFiles/timers_diodes.elf.dir/Core/Src/syscalls.c.obj
 .debug_ranges  0x00000000000001c0       0x18 CMakeFiles/timers_diodes.elf.dir/Core/Src/system_stm32f4xx.c.obj
 .debug_ranges  0x00000000000001d8       0x28 CMakeFiles/timers_diodes.elf.dir/Core/Src/tim.c.obj
 .debug_ranges  0x0000000000000200       0xe0 CMakeFiles/timers_diodes.elf.dir/Drivers/STM32F4xx_HAL_Driver/Src/stm32f4xx_hal.c.obj
 .debug_ranges  0x00000000000002e0      0x108 CMakeFiles/timers_diodes.elf.dir/Drivers/STM32F4xx_HAL_Driver/Src/stm32f4xx_hal_cortex.c.obj
 .debug_ranges  0x00000000000003e8       0x48 CMakeFiles/timers_diodes.elf.dir/Drivers/STM32F4xx_HAL_Driver/Src/stm32f4xx_hal_gpio.c.obj
 .debug_ranges  0x0000000000000430       0xe0 CMakeFiles/timers_diodes.elf.dir/Drivers/STM32F4xx_HAL_Driver/Src/stm32f4xx_hal_hcd.c.obj
 .debug_ranges  0x0000000000000510      0x2a8 CMakeFiles/timers_diodes.elf.dir/Drivers/STM32F4xx_HAL_Driver/Src/stm32f4xx_hal_i2c.c.obj
 .debug_ranges  0x00000000000007b8       0xf8 CMakeFiles/timers_diodes.elf.dir/Drivers/STM32F4xx_HAL_Driver/Src/stm32f4xx_hal_i2s.c.obj
 .debug_ranges  0x00000000000008b0       0x78 CMakeFiles/timers_diodes.elf.dir/Drivers/STM32F4xx_HAL_Driver/Src/stm32f4xx_hal_i2s_ex.c.obj
 .debug_ranges  0x0000000000000928       0x78 CMakeFiles/timers_diodes.elf.dir/Drivers/STM32F4xx_HAL_Driver/Src/stm32f4xx_hal_rcc.c.obj
 .debug_ranges  0x00000000000009a0       0x40 CMakeFiles/timers_diodes.elf.dir/Drivers/STM32F4xx_HAL_Driver/Src/stm32f4xx_hal_rcc_ex.c.obj
 .debug_ranges  0x00000000000009e0      0x1c0 CMakeFiles/timers_diodes.elf.dir/Drivers/STM32F4xx_HAL_Driver/Src/stm32f4xx_hal_spi.c.obj
 .debug_ranges  0x0000000000000ba0      0x398 CMakeFiles/timers_diodes.elf.dir/Drivers/STM32F4xx_HAL_Driver/Src/stm32f4xx_hal_tim.c.obj
 .debug_ranges  0x0000000000000f38      0x140 CMakeFiles/timers_diodes.elf.dir/Drivers/STM32F4xx_HAL_Driver/Src/stm32f4xx_hal_tim_ex.c.obj
 .debug_ranges  0x0000000000001078      0x188 CMakeFiles/timers_diodes.elf.dir/Drivers/STM32F4xx_HAL_Driver/Src/stm32f4xx_ll_usb.c.obj
 .debug_ranges  0x0000000000001200       0x98 CMakeFiles/timers_diodes.elf.dir/Middlewares/ST/STM32_USB_Host_Library/Class/CDC/Src/usbh_cdc.c.obj
 .debug_ranges  0x0000000000001298       0xb0 CMakeFiles/timers_diodes.elf.dir/Middlewares/ST/STM32_USB_Host_Library/Core/Src/usbh_core.c.obj
 .debug_ranges  0x0000000000001348       0x90 CMakeFiles/timers_diodes.elf.dir/Middlewares/ST/STM32_USB_Host_Library/Core/Src/usbh_ctlreq.c.obj
 .debug_ranges  0x00000000000013d8       0x50 CMakeFiles/timers_diodes.elf.dir/Middlewares/ST/STM32_USB_Host_Library/Core/Src/usbh_ioreq.c.obj
 .debug_ranges  0x0000000000001428       0x30 CMakeFiles/timers_diodes.elf.dir/Middlewares/ST/STM32_USB_Host_Library/Core/Src/usbh_pipes.c.obj
 .debug_ranges  0x0000000000001458       0x20 CMakeFiles/timers_diodes.elf.dir/USB_HOST/App/usb_host.c.obj
 .debug_ranges  0x0000000000001478       0xc8 CMakeFiles/timers_diodes.elf.dir/USB_HOST/Target/usbh_conf.c.obj
 .debug_ranges  0x0000000000001540       0x10 CMakeFiles/timers_diodes.elf.dir/USB_HOST/Target/usbh_platform.c.obj
 .debug_ranges  0x0000000000001550       0x20 CMakeFiles/timers_diodes.elf.dir/startup/startup_stm32f411xe.s.obj

.debug_line     0x0000000000000000    0x140a7
 .debug_line    0x0000000000000000      0x1ea CMakeFiles/timers_diodes.elf.dir/Core/Src/gpio.c.obj
 .debug_line    0x00000000000001ea      0x27a CMakeFiles/timers_diodes.elf.dir/Core/Src/i2c.c.obj
 .debug_line    0x0000000000000464      0x312 CMakeFiles/timers_diodes.elf.dir/Core/Src/i2s.c.obj
 .debug_line    0x0000000000000776      0x2e7 CMakeFiles/timers_diodes.elf.dir/Core/Src/main.c.obj
 .debug_line    0x0000000000000a5d      0x282 CMakeFiles/timers_diodes.elf.dir/Core/Src/spi.c.obj
 .debug_line    0x0000000000000cdf      0x141 CMakeFiles/timers_diodes.elf.dir/Core/Src/stm32f4xx_hal_msp.c.obj
 .debug_line    0x0000000000000e20      0x2eb CMakeFiles/timers_diodes.elf.dir/Core/Src/stm32f4xx_it.c.obj
 .debug_line    0x000000000000110b      0x35d CMakeFiles/timers_diodes.elf.dir/Core/Src/syscalls.c.obj
 .debug_line    0x0000000000001468      0x22e CMakeFiles/timers_diodes.elf.dir/Core/Src/system_stm32f4xx.c.obj
 .debug_line    0x0000000000001696      0x2dc CMakeFiles/timers_diodes.elf.dir/Core/Src/tim.c.obj
 .debug_line    0x0000000000001972      0x525 CMakeFiles/timers_diodes.elf.dir/Drivers/STM32F4xx_HAL_Driver/Src/stm32f4xx_hal.c.obj
 .debug_line    0x0000000000001e97      0x96e CMakeFiles/timers_diodes.elf.dir/Drivers/STM32F4xx_HAL_Driver/Src/stm32f4xx_hal_cortex.c.obj
 .debug_line    0x0000000000002805      0x7a2 CMakeFiles/timers_diodes.elf.dir/Drivers/STM32F4xx_HAL_Driver/Src/stm32f4xx_hal_gpio.c.obj
 .debug_line    0x0000000000002fa7      0xc2f CMakeFiles/timers_diodes.elf.dir/Drivers/STM32F4xx_HAL_Driver/Src/stm32f4xx_hal_hcd.c.obj