Archive member included to satisfy reference by file (symbol)

/opt/st/stm32cubeide_1.1.0/plugins/com.st.stm32cube.ide.mcu.externaltools.gnu-tools-for-stm32.7-2018-q2-update.linux64_1.0.0.201904181610/tools/bin/../lib/gcc/arm-none-eabi/7.3.1/../../../../arm-none-eabi/lib/thumb/v7e-m/fpv4-sp/hard/libc_nano.a(lib_a-errno.o)
                              Core/Src/syscalls.o (__errno)
/opt/st/stm32cubeide_1.1.0/plugins/com.st.stm32cube.ide.mcu.externaltools.gnu-tools-for-stm32.7-2018-q2-update.linux64_1.0.0.201904181610/tools/bin/../lib/gcc/arm-none-eabi/7.3.1/../../../../arm-none-eabi/lib/thumb/v7e-m/fpv4-sp/hard/libc_nano.a(lib_a-exit.o)
                              /opt/st/stm32cubeide_1.1.0/plugins/com.st.stm32cube.ide.mcu.externaltools.gnu-tools-for-stm32.7-2018-q2-update.linux64_1.0.0.201904181610/tools/bin/../lib/gcc/arm-none-eabi/7.3.1/../../../../arm-none-eabi/lib/thumb/v7e-m/fpv4-sp/hard/crt0.o (exit)
/opt/st/stm32cubeide_1.1.0/plugins/com.st.stm32cube.ide.mcu.externaltools.gnu-tools-for-stm32.7-2018-q2-update.linux64_1.0.0.201904181610/tools/bin/../lib/gcc/arm-none-eabi/7.3.1/../../../../arm-none-eabi/lib/thumb/v7e-m/fpv4-sp/hard/libc_nano.a(lib_a-impure.o)
                              /opt/st/stm32cubeide_1.1.0/plugins/com.st.stm32cube.ide.mcu.externaltools.gnu-tools-for-stm32.7-2018-q2-update.linux64_1.0.0.201904181610/tools/bin/../lib/gcc/arm-none-eabi/7.3.1/../../../../arm-none-eabi/lib/thumb/v7e-m/fpv4-sp/hard/libc_nano.a(lib_a-exit.o) (_global_impure_ptr)
/opt/st/stm32cubeide_1.1.0/plugins/com.st.stm32cube.ide.mcu.externaltools.gnu-tools-for-stm32.7-2018-q2-update.linux64_1.0.0.201904181610/tools/bin/../lib/gcc/arm-none-eabi/7.3.1/../../../../arm-none-eabi/lib/thumb/v7e-m/fpv4-sp/hard/libc_nano.a(lib_a-init.o)
                              /opt/st/stm32cubeide_1.1.0/plugins/com.st.stm32cube.ide.mcu.externaltools.gnu-tools-for-stm32.7-2018-q2-update.linux64_1.0.0.201904181610/tools/bin/../lib/gcc/arm-none-eabi/7.3.1/../../../../arm-none-eabi/lib/thumb/v7e-m/fpv4-sp/hard/crt0.o (__libc_init_array)
/opt/st/stm32cubeide_1.1.0/plugins/com.st.stm32cube.ide.mcu.externaltools.gnu-tools-for-stm32.7-2018-q2-update.linux64_1.0.0.201904181610/tools/bin/../lib/gcc/arm-none-eabi/7.3.1/../../../../arm-none-eabi/lib/thumb/v7e-m/fpv4-sp/hard/libc_nano.a(lib_a-malloc.o)
                              Middlewares/ST/STM32_USB_Host_Library/Class/CDC/Src/usbh_cdc.o (malloc)
/opt/st/stm32cubeide_1.1.0/plugins/com.st.stm32cube.ide.mcu.externaltools.gnu-tools-for-stm32.7-2018-q2-update.linux64_1.0.0.201904181610/tools/bin/../lib/gcc/arm-none-eabi/7.3.1/../../../../arm-none-eabi/lib/thumb/v7e-m/fpv4-sp/hard/libc_nano.a(lib_a-memset.o)
                              /opt/st/stm32cubeide_1.1.0/plugins/com.st.stm32cube.ide.mcu.externaltools.gnu-tools-for-stm32.7-2018-q2-update.linux64_1.0.0.201904181610/tools/bin/../lib/gcc/arm-none-eabi/7.3.1/../../../../arm-none-eabi/lib/thumb/v7e-m/fpv4-sp/hard/crt0.o (memset)
/opt/st/stm32cubeide_1.1.0/plugins/com.st.stm32cube.ide.mcu.externaltools.gnu-tools-for-stm32.7-2018-q2-update.linux64_1.0.0.201904181610/tools/bin/../lib/gcc/arm-none-eabi/7.3.1/../../../../arm-none-eabi/lib/thumb/v7e-m/fpv4-sp/hard/libc_nano.a(lib_a-nano-freer.o)
                              /opt/st/stm32cubeide_1.1.0/plugins/com.st.stm32cube.ide.mcu.externaltools.gnu-tools-for-stm32.7-2018-q2-update.linux64_1.0.0.201904181610/tools/bin/../lib/gcc/arm-none-eabi/7.3.1/../../../../arm-none-eabi/lib/thumb/v7e-m/fpv4-sp/hard/libc_nano.a(lib_a-malloc.o) (_free_r)
/opt/st/stm32cubeide_1.1.0/plugins/com.st.stm32cube.ide.mcu.externaltools.gnu-tools-for-stm32.7-2018-q2-update.linux64_1.0.0.201904181610/tools/bin/../lib/gcc/arm-none-eabi/7.3.1/../../../../arm-none-eabi/lib/thumb/v7e-m/fpv4-sp/hard/libc_nano.a(lib_a-nano-mallocr.o)
                              /opt/st/stm32cubeide_1.1.0/plugins/com.st.stm32cube.ide.mcu.externaltools.gnu-tools-for-stm32.7-2018-q2-update.linux64_1.0.0.201904181610/tools/bin/../lib/gcc/arm-none-eabi/7.3.1/../../../../arm-none-eabi/lib/thumb/v7e-m/fpv4-sp/hard/libc_nano.a(lib_a-malloc.o) (_malloc_r)
/opt/st/stm32cubeide_1.1.0/plugins/com.st.stm32cube.ide.mcu.externaltools.gnu-tools-for-stm32.7-2018-q2-update.linux64_1.0.0.201904181610/tools/bin/../lib/gcc/arm-none-eabi/7.3.1/../../../../arm-none-eabi/lib/thumb/v7e-m/fpv4-sp/hard/libc_nano.a(lib_a-sbrkr.o)
                              /opt/st/stm32cubeide_1.1.0/plugins/com.st.stm32cube.ide.mcu.externaltools.gnu-tools-for-stm32.7-2018-q2-update.linux64_1.0.0.201904181610/tools/bin/../lib/gcc/arm-none-eabi/7.3.1/../../../../arm-none-eabi/lib/thumb/v7e-m/fpv4-sp/hard/libc_nano.a(lib_a-nano-mallocr.o) (_sbrk_r)
/opt/st/stm32cubeide_1.1.0/plugins/com.st.stm32cube.ide.mcu.externaltools.gnu-tools-for-stm32.7-2018-q2-update.linux64_1.0.0.201904181610/tools/bin/../lib/gcc/arm-none-eabi/7.3.1/../../../../arm-none-eabi/lib/thumb/v7e-m/fpv4-sp/hard/libc_nano.a(lib_a-mlock.o)
[...]
Memory Configuration

Name             Origin             Length             Attributes
RAM              0x0000000020000000 0x0000000000020000 xrw
FLASH            0x0000000008000000 0x0000000000080000 xr
*default*        0x0000000000000000 0xffffffffffffffff

Linker script and memory map

LOAD /opt/st/stm32cubeide_1.1.0/plugins/com.st.stm32cube.ide.mcu.externaltools.gnu-tools-for-stm32.7-2018-q2-update.linux64_1.0.0.201904181610/tools/bin/../lib/gcc/arm-none-eabi/7.3.1/thumb/v7e-m/fpv4-sp/hard/crti.o
LOAD /opt/st/stm32cubeide_1.1.0/plugins/com.st.stm32cube.ide.mcu.externaltools.gnu-tools-for-stm32.7-2018-q2-update.linux64_1.0.0.201904181610/tools/bin/../lib/gcc/arm-none-eabi/7.3.1/thumb/v7e-m/fpv4-sp/hard/crtbegin.o
LOAD /opt/st/stm32cubeide_1.1.0/plugins/com.st.stm32cube.ide.mcu.externaltools.gnu-tools-for-stm32.7-2018-q2-update.linux64_1.0.0.201904181610/tools/bin/../lib/gcc/arm-none-eabi/7.3.1/../../../../arm-none-eabi/lib/thumb/v7e-m/fpv4-sp/hard/crt0.o
LOAD Core/Src/main.o
LOAD Core/Src/stm32f4xx_hal_msp.o
LOAD Core/Src/stm32f4xx_it.o
LOAD Core/Src/syscalls.o
LOAD Core/Src/sysmem.o
LOAD Core/Src/system_stm32f4xx.o
LOAD Core/Startup/startup_stm32f411vetx.o
LOAD Drivers/STM32F4xx_HAL_Driver/Src/stm32f4xx_hal.o
LOAD Drivers/STM32F4xx_HAL_Driver/Src/stm32f4xx_hal_cortex.o
LOAD Drivers/STM32F4xx_HAL_Driver/Src/stm32f4xx_hal_dma.o
LOAD Drivers/STM32F4xx_HAL_Driver/Src/stm32f4xx_hal_dma_ex.o
LOAD Drivers/STM32F4xx_HAL_Driver/Src/stm32f4xx_hal_exti.o
LOAD Drivers/STM32F4xx_HAL_Driver/Src/stm32f4xx_hal_flash.o
LOAD Drivers/STM32F4xx_HAL_Driver/Src/stm32f4xx_hal_flash_ex.o
LOAD Drivers/STM32F4xx_HAL_Driver/Src/stm32f4xx_hal_flash_ramfunc.o
LOAD Drivers/STM32F4xx_HAL_Driver/Src/stm32f4xx_hal_gpio.o
LOAD Drivers/STM32F4xx_HAL_Driver/Src/stm32f4xx_hal_hcd.o
LOAD Drivers/STM32F4xx_HAL_Driver/Src/stm32f4xx_hal_i2c.o
LOAD Drivers/STM32F4xx_HAL_Driver/Src/stm32f4xx_hal_i2c_ex.o
LOAD Drivers/STM32F4xx_HAL_Driver/Src/stm32f4xx_hal_i2s.o
LOAD Drivers/STM32F4xx_HAL_Driver/Src/stm32f4xx_hal_i2s_ex.o
LOAD Drivers/STM32F4xx_HAL_Driver/Src/stm32f4xx_hal_pwr.o
LOAD Drivers/STM32F4xx_HAL_Driver/Src/stm32f4xx_hal_pwr_ex.o
LOAD Drivers/STM32F4xx_HAL_Driver/Src/stm32f4xx_hal_rcc.o
LOAD Drivers/STM32F4xx_HAL_Driver/Src/stm32f4xx_hal_rcc_ex.o
LOAD Drivers/STM32F4xx_HAL_Driver/Src/stm32f4xx_hal_spi.o
LOAD Drivers/STM32F4xx_HAL_Driver/Src/stm32f4xx_hal_tim.o
LOAD Drivers/STM32F4xx_HAL_Driver/Src/stm32f4xx_hal_tim_ex.o
LOAD Drivers/STM32F4xx_HAL_Driver/Src/stm32f4xx_ll_usb.o
LOAD Middlewares/ST/STM32_USB_Host_Library/Class/CDC/Src/usbh_cdc.o
LOAD Middlewares/ST/STM32_USB_Host_Library/Core/Src/usbh_core.o
LOAD Middlewares/ST/STM32_USB_Host_Library/Core/Src/usbh_ctlreq.o
LOAD Middlewares/ST/STM32_USB_Host_Library/Core/Src/usbh_ioreq.o
LOAD Middlewares/ST/STM32_USB_Host_Library/Core/Src/usbh_pipes.o
LOAD USB_HOST/App/usb_host.o
LOAD USB_HOST/Target/usbh_conf.o
LOAD USB_HOST/Target/usbh_platform.o
START GROUP
LOAD /opt/st/stm32cubeide_1.1.0/plugins/com.st.stm32cube.ide.mcu.externaltools.gnu-tools-for-stm32.7-2018-q2-update.linux64_1.0.0.201904181610/tools/bin/../lib/gcc/arm-none-eabi/7.3.1/../../../../arm-none-eabi/lib/thumb/v7e-m/fpv4-sp/hard/libc_nano.a
LOAD /opt/st/stm32cubeide_1.1.0/plugins/com.st.stm32cube.ide.mcu.externaltools.gnu-tools-for-stm32.7-2018-q2-update.linux64_1.0.0.201904181610/tools/bin/../lib/gcc/arm-none-eabi/7.3.1/../../../../arm-none-eabi/lib/thumb/v7e-m/fpv4-sp/hard/libm.a
END GROUP
START GROUP
LOAD /opt/st/stm32cubeide_1.1.0/plugins/com.st.stm32cube.ide.mcu.externaltools.gnu-tools-for-stm32.7-2018-q2-update.linux64_1.0.0.201904181610/tools/bin/../lib/gcc/arm-none-eabi/7.3.1/thumb/v7e-m/fpv4-sp/hard/libgcc.a
LOAD /opt/st/stm32cubeide_1.1.0/plugins/com.st.stm32cube.ide.mcu.externaltools.gnu-tools-for-stm32.7-2018-q2-update.linux64_1.0.0.201904181610/tools/bin/../lib/gcc/arm-none-eabi/7.3.1/../../../../arm-none-eabi/lib/thumb/v7e-m/fpv4-sp/hard/libc_nano.a
END GROUP
START GROUP
LOAD /opt/st/stm32cubeide_1.1.0/plugins/com.st.stm32cube.ide.mcu.externaltools.gnu-tools-for-stm32.7-2018-q2-update.linux64_1.0.0.201904181610/tools/bin/../lib/gcc/arm-none-eabi/7.3.1/thumb/v7e-m/fpv4-sp/hard/libgcc.a
LOAD /opt/st/stm32cubeide_1.1.0/plugins/com.st.stm32cube.ide.mcu.externaltools.gnu-tools-for-stm32.7-2018-q2-update.linux64_1.0.0.201904181610/tools/bin/../lib/gcc/arm-none-eabi/7.3.1/../../../../arm-none-eabi/lib/thumb/v7e-m/fpv4-sp/hard/libc_nano.a
LOAD /opt/st/stm32cubeide_1.1.0/plugins/com.st.stm32cube.ide.mcu.externaltools.gnu-tools-for-stm32.7-2018-q2-update.linux64_1.0.0.201904181610/tools/bin/../lib/gcc/arm-none-eabi/7.3.1/../../../../arm-none-eabi/lib/thumb/v7e-m/fpv4-sp/hard/libnosys.a
END GROUP
START GROUP
LOAD /opt/st/stm32cubeide_1.1.0/plugins/com.st.stm32cube.ide.mcu.externaltools.gnu-tools-for-stm32.7-2018-q2-update.linux64_1.0.0.201904181610/tools/bin/../lib/gcc/arm-none-eabi/7.3.1/thumb/v7e-m/fpv4-sp/hard/libgcc.a
LOAD /opt/st/stm32cubeide_1.1.0/plugins/com.st.stm32cube.ide.mcu.externaltools.gnu-tools-for-stm32.7-2018-q2-update.linux64_1.0.0.201904181610/tools/bin/../lib/gcc/arm-none-eabi/7.3.1/../../../../arm-none-eabi/lib/thumb/v7e-m/fpv4-sp/hard/libc_nano.a
LOAD /opt/st/stm32cubeide_1.1.0/plugins/com.st.stm32cube.ide.mcu.externaltools.gnu-tools-for-stm32.7-2018-q2-update.linux64_1.0.0.201904181610/tools/bin/../lib/gcc/arm-none-eabi/7.3.1/../../../../arm-none-eabi/lib/thumb/v7e-m/fpv4-sp/hard/libnosys.a
END GROUP
LOAD /opt/st/stm32cubeide_1.1.0/plugins/com.st.stm32cube.ide.mcu.externaltools.gnu-tools-for-stm32.7-2018-q2-update.linux64_1.0.0.201904181610/tools/bin/../lib/gcc/arm-none-eabi/7.3.1/thumb/v7e-m/fpv4-sp/hard/crtend.o
LOAD /opt/st/stm32cubeide_1.1.0/plugins/com.st.stm32cube.ide.mcu.externaltools.gnu-tools-for-stm32.7-2018-q2-update.linux64_1.0.0.201904181610/tools/bin/../lib/gcc/arm-none-eabi/7.3.1/thumb/v7e-m/fpv4-sp/hard/crtn.o
                0x0000000020020000                _estack = (ORIGIN (RAM) + LENGTH (RAM))
                0x0000000000000200                _Min_Heap_Size = 0x200
                0x0000000000000400                _Min_Stack_Size = 0x400

.isr_vector     0x0000000008000000      0x198
                0x0000000008000000                . = ALIGN (0x4)
 *(.isr_vector)
 .isr_vector    0x0000000008000000      0x198 Core/Startup/startup_stm32f411vetx.o
                0x0000000008000000                g_pfnVectors
                0x0000000008000198                . = ALIGN (0x4)

.text           0x0000000008000198     0x79b4
                0x0000000008000198                . = ALIGN (0x4)
 *(.text)
 .text          0x0000000008000198       0x40 /opt/st/stm32cubeide_1.1.0/plugins/com.st.stm32cube.ide.mcu.externaltools.gnu-tools-for-stm32.7-2018-q2-update.linux64_1.0.0.201904181610/tools/bin/../lib/gcc/arm-none-eabi/7.3.1/thumb/v7e-m/fpv4-sp/hard/crtbegin.o
 .text          0x00000000080001d8       0x30 /opt/st/stm32cubeide_1.1.0/plugins/com.st.stm32cube.ide.mcu.externaltools.gnu-tools-for-stm32.7-2018-q2-update.linux64_1.0.0.201904181610/tools/bin/../lib/gcc/arm-none-eabi/7.3.1/thumb/v7e-m/fpv4-sp/hard/libgcc.a(_aeabi_uldivmod.o)
                0x00000000080001d8                __aeabi_uldivmod
 .text          0x0000000008000208      0x2cc /opt/st/stm32cubeide_1.1.0/plugins/com.st.stm32cube.ide.mcu.externaltools.gnu-tools-for-stm32.7-2018-q2-update.linux64_1.0.0.201904181610/tools/bin/../lib/gcc/arm-none-eabi/7.3.1/thumb/v7e-m/fpv4-sp/hard/libgcc.a(_udivmoddi4.o)
                0x0000000008000208                __udivmoddi4
 .text          0x00000000080004d4        0x4 /opt/st/stm32cubeide_1.1.0/plugins/com.st.stm32cube.ide.mcu.externaltools.gnu-tools-for-stm32.7-2018-q2-update.linux64_1.0.0.201904181610/tools/bin/../lib/gcc/arm-none-eabi/7.3.1/thumb/v7e-m/fpv4-sp/hard/libgcc.a(_dvmd_tls.o)
                0x00000000080004d4                __aeabi_ldiv0
                0x00000000080004d4                __aeabi_idiv0
 *(.text*)
 .text.HAL_GPIO_EXTI_Callback
                0x00000000080004d8       0xd0 Core/Src/main.o
                0x00000000080004d8                HAL_GPIO_EXTI_Callback
 .text.diodes   0x00000000080005a8      0x1b0 Core/Src/main.o
                0x00000000080005a8                diodes
 .text.boom     0x0000000008000758      0x158 Core/Src/main.o
                0x0000000008000758                boom
 .text.main     0x00000000080008b0       0x54 Core/Src/main.o
                0x00000000080008b0                main
 .text.SystemClock_Config
                0x0000000008000904      0x108 Core/Src/main.o
                0x0000000008000904                SystemClock_Config
 .text.MX_I2C1_Init
                0x0000000008000a0c       0x5c Core/Src/main.o
 .text.MX_I2S2_Init
                0x0000000008000a68       0x5c Core/Src/main.o
 .text.MX_I2S3_Init
                0x0000000008000ac4       0x60 Core/Src/main.o
 .text.MX_SPI1_Init
                0x0000000008000b24       0x6c Core/Src/main.o
 .text.MX_GPIO_Init
                0x0000000008000b90      0x1c8 Core/Src/main.o
 .text.Error_Handler
                0x0000000008000d58        0xe Core/Src/main.o
                0x0000000008000d58                Error_Handler
 *fill*         0x0000000008000d66        0x2 
 .text.HAL_MspInit
                0x0000000008000d68       0x50 Core/Src/stm32f4xx_hal_msp.o
                0x0000000008000d68                HAL_MspInit
 .text.HAL_I2C_MspInit
                0x0000000008000db8       0x90 Core/Src/stm32f4xx_hal_msp.o
                0x0000000008000db8                HAL_I2C_MspInit
 .text.HAL_I2S_MspInit
                0x0000000008000e48      0x19c Core/Src/stm32f4xx_hal_msp.o
                0x0000000008000e48                HAL_I2S_MspInit
 .text.HAL_SPI_MspInit
                0x0000000008000fe4       0x90 Core/Src/stm32f4xx_hal_msp.o
                0x0000000008000fe4                HAL_SPI_MspInit
 .text.NMI_Handler
                0x0000000008001074        0xe Core/Src/stm32f4xx_it.o
                0x0000000008001074                NMI_Handler
 .text.HardFault_Handler
                0x0000000008001082        0x6 Core/Src/stm32f4xx_it.o
                0x0000000008001082                HardFault_Handler
 .text.MemManage_Handler
                0x0000000008001088        0x6 Core/Src/stm32f4xx_it.o
                0x0000000008001088                MemManage_Handler
 .text.BusFault_Handler
                0x000000000800108e        0x6 Core/Src/stm32f4xx_it.o
                0x000000000800108e                BusFault_Handler
 .text.UsageFault_Handler
                0x0000000008001094        0x6 Core/Src/stm32f4xx_it.o
                0x0000000008001094                UsageFault_Handler
 .text.SVC_Handler
                0x000000000800109a        0xe Core/Src/stm32f4xx_it.o
                0x000000000800109a                SVC_Handler
 .text.DebugMon_Handler
                0x00000000080010a8        0xe Core/Src/stm32f4xx_it.o
                0x00000000080010a8                DebugMon_Handler
 .text.PendSV_Handler
                0x00000000080010b6        0xe Core/Src/stm32f4xx_it.o
                0x00000000080010b6                PendSV_Handler
 .text.SysTick_Handler
                0x00000000080010c4        0xc Core/Src/stm32f4xx_it.o
                0x00000000080010c4                SysTick_Handler
 .text.EXTI0_IRQHandler
                0x00000000080010d0        0xe Core/Src/stm32f4xx_it.o
                0x00000000080010d0                EXTI0_IRQHandler
 *fill*         0x00000000080010de        0x2 
 .text.OTG_FS_IRQHandler
                0x00000000080010e0       0x14 Core/Src/stm32f4xx_it.o
                0x00000000080010e0                OTG_FS_IRQHandler
 .text._sbrk    0x00000000080010f4       0x58 Core/Src/sysmem.o
                0x00000000080010f4                _sbrk
 .text.SystemInit
                0x000000000800114c       0x2c Core/Src/system_stm32f4xx.o
                0x000000000800114c                SystemInit
 .text.Reset_Handler
                0x0000000008001178       0x50 Core/Startup/startup_stm32f411vetx.o
                0x0000000008001178                Reset_Handler
 .text.Default_Handler
                0x00000000080011c8        0x2 Core/Startup/startup_stm32f411vetx.o
                0x00000000080011c8                RTC_Alarm_IRQHandler
                0x00000000080011c8                EXTI2_IRQHandler
                0x00000000080011c8                SPI4_IRQHandler
                0x00000000080011c8                TIM1_CC_IRQHandler
                0x00000000080011c8                DMA2_Stream5_IRQHandler
                0x00000000080011c8                DMA1_Stream5_IRQHandler
                0x00000000080011c8                PVD_IRQHandler
                0x00000000080011c8                SDIO_IRQHandler
                0x00000000080011c8                TAMP_STAMP_IRQHandler
                0x00000000080011c8                EXTI3_IRQHandler
                0x00000000080011c8                TIM1_UP_TIM10_IRQHandler
                0x00000000080011c8                I2C3_ER_IRQHandler
                0x00000000080011c8                I2C2_EV_IRQHandler
                0x00000000080011c8                DMA1_Stream2_IRQHandler
                0x00000000080011c8                FPU_IRQHandler
                0x00000000080011c8                DMA2_Stream2_IRQHandler
                0x00000000080011c8                SPI1_IRQHandler
                0x00000000080011c8                TIM1_BRK_TIM9_IRQHandler
                0x00000000080011c8                DMA2_Stream3_IRQHandler
                0x00000000080011c8                USART6_IRQHandler
                0x00000000080011c8                DMA2_Stream0_IRQHandler
                0x00000000080011c8                TIM4_IRQHandler
                0x00000000080011c8                I2C1_EV_IRQHandler
                0x00000000080011c8                DMA1_Stream6_IRQHandler
                0x00000000080011c8                DMA1_Stream1_IRQHandler
                0x00000000080011c8                TIM3_IRQHandler
                0x00000000080011c8                RCC_IRQHandler
                0x00000000080011c8                Default_Handler
                0x00000000080011c8                EXTI15_10_IRQHandler
                0x00000000080011c8                ADC_IRQHandler
                0x00000000080011c8                DMA1_Stream7_IRQHandler
                0x00000000080011c8                SPI5_IRQHandler
                0x00000000080011c8                TIM5_IRQHandler
                0x00000000080011c8                DMA2_Stream7_IRQHandler
                0x00000000080011c8                I2C3_EV_IRQHandler
                0x00000000080011c8                EXTI9_5_IRQHandler
                0x00000000080011c8                RTC_WKUP_IRQHandler
                0x00000000080011c8                SPI2_IRQHandler
                0x00000000080011c8                DMA1_Stream0_IRQHandler
                0x00000000080011c8                EXTI4_IRQHandler
                0x00000000080011c8                WWDG_IRQHandler
                0x00000000080011c8                TIM2_IRQHandler
                0x00000000080011c8                OTG_FS_WKUP_IRQHandler
                0x00000000080011c8                TIM1_TRG_COM_TIM11_IRQHandler
                0x00000000080011c8                EXTI1_IRQHandler
                0x00000000080011c8                USART2_IRQHandler
                0x00000000080011c8                I2C2_ER_IRQHandler
                0x00000000080011c8                DMA2_Stream1_IRQHandler
                0x00000000080011c8                FLASH_IRQHandler
                0x00000000080011c8                DMA2_Stream4_IRQHandler
                0x00000000080011c8                USART1_IRQHandler
                0x00000000080011c8                SPI3_IRQHandler
                0x00000000080011c8                DMA1_Stream4_IRQHandler
                0x00000000080011c8                I2C1_ER_IRQHandler
                0x00000000080011c8                DMA2_Stream6_IRQHandler
                0x00000000080011c8                DMA1_Stream3_IRQHandler
 *fill*         0x00000000080011ca        0x2 
 .text.HAL_Init
                0x00000000080011cc       0x44 Drivers/STM32F4xx_HAL_Driver/Src/stm32f4xx_hal.o
                0x00000000080011cc                HAL_Init
 .text.HAL_InitTick
                0x0000000008001210       0x60 Drivers/STM32F4xx_HAL_Driver/Src/stm32f4xx_hal.o
                0x0000000008001210                HAL_InitTick
 .text.HAL_IncTick
                0x0000000008001270       0x28 Drivers/STM32F4xx_HAL_Driver/Src/stm32f4xx_hal.o
                0x0000000008001270                HAL_IncTick
 .text.HAL_GetTick
                0x0000000008001298       0x18 Drivers/STM32F4xx_HAL_Driver/Src/stm32f4xx_hal.o
                0x0000000008001298                HAL_GetTick
 .text.HAL_Delay
                0x00000000080012b0       0x44 Drivers/STM32F4xx_HAL_Driver/Src/stm32f4xx_hal.o
                0x00000000080012b0                HAL_Delay
 .text.__NVIC_SetPriorityGrouping
                0x00000000080012f4       0x48 Drivers/STM32F4xx_HAL_Driver/Src/stm32f4xx_hal_cortex.o
 .text.__NVIC_GetPriorityGrouping
                0x000000000800133c       0x1c Drivers/STM32F4xx_HAL_Driver/Src/stm32f4xx_hal_cortex.o
 .text.__NVIC_EnableIRQ
                0x0000000008001358       0x3c Drivers/STM32F4xx_HAL_Driver/Src/stm32f4xx_hal_cortex.o
 .text.__NVIC_SetPriority
                0x0000000008001394       0x54 Drivers/STM32F4xx_HAL_Driver/Src/stm32f4xx_hal_cortex.o
 .text.NVIC_EncodePriority
                0x00000000080013e8       0x66 Drivers/STM32F4xx_HAL_Driver/Src/stm32f4xx_hal_cortex.o
 *fill*         0x000000000800144e        0x2 
 .text.SysTick_Config
                0x0000000008001450       0x44 Drivers/STM32F4xx_HAL_Driver/Src/stm32f4xx_hal_cortex.o
 .text.HAL_NVIC_SetPriorityGrouping
                0x0000000008001494       0x16 Drivers/STM32F4xx_HAL_Driver/Src/stm32f4xx_hal_cortex.o
                0x0000000008001494                HAL_NVIC_SetPriorityGrouping
 .text.HAL_NVIC_SetPriority
                0x00000000080014aa       0x38 Drivers/STM32F4xx_HAL_Driver/Src/stm32f4xx_hal_cortex.o
                0x00000000080014aa                HAL_NVIC_SetPriority
 .text.HAL_NVIC_EnableIRQ
                0x00000000080014e2       0x1c Drivers/STM32F4xx_HAL_Driver/Src/stm32f4xx_hal_cortex.o
                0x00000000080014e2                HAL_NVIC_EnableIRQ
 .text.HAL_SYSTICK_Config
                0x00000000080014fe       0x18 Drivers/STM32F4xx_HAL_Driver/Src/stm32f4xx_hal_cortex.o
                0x00000000080014fe                HAL_SYSTICK_Config
 *fill*         0x0000000008001516        0x2 
 .text.HAL_GPIO_Init
                0x0000000008001518      0x304 Drivers/STM32F4xx_HAL_Driver/Src/stm32f4xx_hal_gpio.o
                0x0000000008001518                HAL_GPIO_Init
 .text.HAL_GPIO_WritePin
                0x000000000800181c       0x32 Drivers/STM32F4xx_HAL_Driver/Src/stm32f4xx_hal_gpio.o
                0x000000000800181c                HAL_GPIO_WritePin
 *fill*         0x000000000800184e        0x2 
 .text.HAL_GPIO_EXTI_IRQHandler
                0x0000000008001850       0x30 Drivers/STM32F4xx_HAL_Driver/Src/stm32f4xx_hal_gpio.o
                0x0000000008001850                HAL_GPIO_EXTI_IRQHandler
 .text.HAL_HCD_Init
                0x0000000008001880       0xc4 Drivers/STM32F4xx_HAL_Driver/Src/stm32f4xx_hal_hcd.o
                0x0000000008001880                HAL_HCD_Init
 .text.HAL_HCD_HC_Init
                0x0000000008001944      0x130 Drivers/STM32F4xx_HAL_Driver/Src/stm32f4xx_hal_hcd.o
                0x0000000008001944                HAL_HCD_HC_Init
 .text.HAL_HCD_HC_Halt
                0x0000000008001a74       0x46 Drivers/STM32F4xx_HAL_Driver/Src/stm32f4xx_hal_hcd.o
                0x0000000008001a74                HAL_HCD_HC_Halt
 *fill*         0x0000000008001aba        0x2 
 .text.HAL_HCD_HC_SubmitRequest
                0x0000000008001abc      0x2d0 Drivers/STM32F4xx_HAL_Driver/Src/stm32f4xx_hal_hcd.o
                0x0000000008001abc                HAL_HCD_HC_SubmitRequest
 .text.HAL_HCD_IRQHandler
                0x0000000008001d8c      0x20c Drivers/STM32F4xx_HAL_Driver/Src/stm32f4xx_hal_hcd.o
                0x0000000008001d8c                HAL_HCD_IRQHandler
 .text.HAL_HCD_Start
                0x0000000008001f98       0x46 Drivers/STM32F4xx_HAL_Driver/Src/stm32f4xx_hal_hcd.o
                0x0000000008001f98                HAL_HCD_Start
 .text.HAL_HCD_Stop
                0x0000000008001fde       0x3a Drivers/STM32F4xx_HAL_Driver/Src/stm32f4xx_hal_hcd.o
                0x0000000008001fde                HAL_HCD_Stop
 .text.HAL_HCD_ResetPort
                0x0000000008002018       0x1c Drivers/STM32F4xx_HAL_Driver/Src/stm32f4xx_hal_hcd.o
                0x0000000008002018                HAL_HCD_ResetPort
 .text.HAL_HCD_HC_GetURBState
                0x0000000008002034       0x2a Drivers/STM32F4xx_HAL_Driver/Src/stm32f4xx_hal_hcd.o
                0x0000000008002034                HAL_HCD_HC_GetURBState
 .text.HAL_HCD_HC_GetXferCount
                0x000000000800205e       0x2a Drivers/STM32F4xx_HAL_Driver/Src/stm32f4xx_hal_hcd.o
                0x000000000800205e                HAL_HCD_HC_GetXferCount
 .text.HAL_HCD_GetCurrentFrame
                0x0000000008002088       0x1c Drivers/STM32F4xx_HAL_Driver/Src/stm32f4xx_hal_hcd.o
                0x0000000008002088                HAL_HCD_GetCurrentFrame
 .text.HAL_HCD_GetCurrentSpeed
                0x00000000080020a4       0x1c Drivers/STM32F4xx_HAL_Driver/Src/stm32f4xx_hal_hcd.o
                0x00000000080020a4                HAL_HCD_GetCurrentSpeed
 .text.HCD_HC_IN_IRQHandler
                0x00000000080020c0      0x72e Drivers/STM32F4xx_HAL_Driver/Src/stm32f4xx_hal_hcd.o
 .text.HCD_HC_OUT_IRQHandler
                0x00000000080027ee      0x6ea Drivers/STM32F4xx_HAL_Driver/Src/stm32f4xx_hal_hcd.o
 .text.HCD_RXQLVL_IRQHandler
                0x0000000008002ed8      0x158 Drivers/STM32F4xx_HAL_Driver/Src/stm32f4xx_hal_hcd.o
 .text.HCD_Port_IRQHandler
                0x0000000008003030      0x120 Drivers/STM32F4xx_HAL_Driver/Src/stm32f4xx_hal_hcd.o
 .text.HAL_I2C_Init
                0x0000000008003150      0x270 Drivers/STM32F4xx_HAL_Driver/Src/stm32f4xx_hal_i2c.o
                0x0000000008003150                HAL_I2C_Init
 .text.HAL_I2S_Init
                0x00000000080033c0      0x280 Drivers/STM32F4xx_HAL_Driver/Src/stm32f4xx_hal_i2s.o
                0x00000000080033c0                HAL_I2S_Init
 .text.HAL_I2S_TxCpltCallback
                0x0000000008003640       0x14 Drivers/STM32F4xx_HAL_Driver/Src/stm32f4xx_hal_i2s.o
                0x0000000008003640                HAL_I2S_TxCpltCallback
 .text.HAL_I2S_RxCpltCallback
                0x0000000008003654       0x14 Drivers/STM32F4xx_HAL_Driver/Src/stm32f4xx_hal_i2s.o
                0x0000000008003654                HAL_I2S_RxCpltCallback
 .text.HAL_I2S_ErrorCallback
                0x0000000008003668       0x14 Drivers/STM32F4xx_HAL_Driver/Src/stm32f4xx_hal_i2s.o
                0x0000000008003668                HAL_I2S_ErrorCallback
 .text.I2S_Transmit_IT
                0x000000000800367c       0x5c Drivers/STM32F4xx_HAL_Driver/Src/stm32f4xx_hal_i2s.o
 .text.I2S_Receive_IT
                0x00000000080036d8       0x5e Drivers/STM32F4xx_HAL_Driver/Src/stm32f4xx_hal_i2s.o
 .text.I2S_IRQHandler
                0x0000000008003736      0x114 Drivers/STM32F4xx_HAL_Driver/Src/stm32f4xx_hal_i2s.o
 *fill*         0x000000000800384a        0x2 
 .text.HAL_I2SEx_FullDuplex_IRQHandler
                0x000000000800384c      0x2a8 Drivers/STM32F4xx_HAL_Driver/Src/stm32f4xx_hal_i2s_ex.o
                0x000000000800384c                HAL_I2SEx_FullDuplex_IRQHandler
 .text.HAL_I2SEx_TxRxCpltCallback
                0x0000000008003af4       0x14 Drivers/STM32F4xx_HAL_Driver/Src/stm32f4xx_hal_i2s_ex.o
                0x0000000008003af4                HAL_I2SEx_TxRxCpltCallback
 .text.I2SEx_TxISR_I2S
                0x0000000008003b08       0x62 Drivers/STM32F4xx_HAL_Driver/Src/stm32f4xx_hal_i2s_ex.o
 *fill*         0x0000000008003b6a        0x2 
 .text.I2SEx_TxISR_I2SExt
                0x0000000008003b6c       0x98 Drivers/STM32F4xx_HAL_Driver/Src/stm32f4xx_hal_i2s_ex.o
 .text.I2SEx_RxISR_I2S
                0x0000000008003c04       0x64 Drivers/STM32F4xx_HAL_Driver/Src/stm32f4xx_hal_i2s_ex.o
 .text.I2SEx_RxISR_I2SExt
                0x0000000008003c68       0x98 Drivers/STM32F4xx_HAL_Driver/Src/stm32f4xx_hal_i2s_ex.o
 .text.HAL_RCC_OscConfig
                0x0000000008003d00      0x4e0 Drivers/STM32F4xx_HAL_Driver/Src/stm32f4xx_hal_rcc.o
                0x0000000008003d00                HAL_RCC_OscConfig
 .text.HAL_RCC_ClockConfig
                0x00000000080041e0      0x1cc Drivers/STM32F4xx_HAL_Driver/Src/stm32f4xx_hal_rcc.o
                0x00000000080041e0                HAL_RCC_ClockConfig
 .text.HAL_RCC_GetSysClockFreq
                0x00000000080043ac      0x1b0 Drivers/STM32F4xx_HAL_Driver/Src/stm32f4xx_hal_rcc.o
                0x00000000080043ac                HAL_RCC_GetSysClockFreq
 .text.HAL_RCC_GetHCLKFreq
                0x000000000800455c       0x18 Drivers/STM32F4xx_HAL_Driver/Src/stm32f4xx_hal_rcc.o
                0x000000000800455c                HAL_RCC_GetHCLKFreq
 .text.HAL_RCC_GetPCLK1Freq
                0x0000000008004574       0x28 Drivers/STM32F4xx_HAL_Driver/Src/stm32f4xx_hal_rcc.o
                0x0000000008004574                HAL_RCC_GetPCLK1Freq
 .text.HAL_RCCEx_PeriphCLKConfig
                0x000000000800459c      0x1e0 Drivers/STM32F4xx_HAL_Driver/Src/stm32f4xx_hal_rcc_ex.o
                0x000000000800459c                HAL_RCCEx_PeriphCLKConfig
 .text.HAL_RCCEx_GetPeriphCLKFreq
                0x000000000800477c       0xbc Drivers/STM32F4xx_HAL_Driver/Src/stm32f4xx_hal_rcc_ex.o
                0x000000000800477c                HAL_RCCEx_GetPeriphCLKFreq
 .text.HAL_SPI_Init
                0x0000000008004838       0xc8 Drivers/STM32F4xx_HAL_Driver/Src/stm32f4xx_hal_spi.o
                0x0000000008004838                HAL_SPI_Init
 .text.USB_CoreInit
                0x0000000008004900       0xc2 Drivers/STM32F4xx_HAL_Driver/Src/stm32f4xx_ll_usb.o
                0x0000000008004900                USB_CoreInit
 .text.USB_EnableGlobalInt
                0x00000000080049c2       0x22 Drivers/STM32F4xx_HAL_Driver/Src/stm32f4xx_ll_usb.o
                0x00000000080049c2                USB_EnableGlobalInt
 .text.USB_DisableGlobalInt
                0x00000000080049e4       0x22 Drivers/STM32F4xx_HAL_Driver/Src/stm32f4xx_ll_usb.o
                0x00000000080049e4                USB_DisableGlobalInt
 .text.USB_SetCurrentMode
                0x0000000008004a06       0x54 Drivers/STM32F4xx_HAL_Driver/Src/stm32f4xx_ll_usb.o
                0x0000000008004a06                USB_SetCurrentMode
 *fill*         0x0000000008004a5a        0x2 
 .text.USB_FlushTxFifo
                0x0000000008004a5c       0x4c Drivers/STM32F4xx_HAL_Driver/Src/stm32f4xx_ll_usb.o
                0x0000000008004a5c                USB_FlushTxFifo
 .text.USB_FlushRxFifo
                0x0000000008004aa8       0x44 Drivers/STM32F4xx_HAL_Driver/Src/stm32f4xx_ll_usb.o
                0x0000000008004aa8                USB_FlushRxFifo
 .text.USB_WritePacket
                0x0000000008004aec       0x6a Drivers/STM32F4xx_HAL_Driver/Src/stm32f4xx_ll_usb.o
                0x0000000008004aec                USB_WritePacket
 .text.USB_ReadPacket
                0x0000000008004b56       0x52 Drivers/STM32F4xx_HAL_Driver/Src/stm32f4xx_ll_usb.o
                0x0000000008004b56                USB_ReadPacket
 .text.USB_ReadInterrupts
                0x0000000008004ba8       0x26 Drivers/STM32F4xx_HAL_Driver/Src/stm32f4xx_ll_usb.o
                0x0000000008004ba8                USB_ReadInterrupts
 .text.USB_GetMode
                0x0000000008004bce       0x1c Drivers/STM32F4xx_HAL_Driver/Src/stm32f4xx_ll_usb.o
                0x0000000008004bce                USB_GetMode
 *fill*         0x0000000008004bea        0x2 
 .text.USB_CoreReset
                0x0000000008004bec       0x68 Drivers/STM32F4xx_HAL_Driver/Src/stm32f4xx_ll_usb.o
 .text.USB_HostInit
                0x0000000008004c54      0x178 Drivers/STM32F4xx_HAL_Driver/Src/stm32f4xx_ll_usb.o
                0x0000000008004c54                USB_HostInit
 .text.USB_InitFSLSPClkSel
                0x0000000008004dcc       0x74 Drivers/STM32F4xx_HAL_Driver/Src/stm32f4xx_ll_usb.o
                0x0000000008004dcc                USB_InitFSLSPClkSel
 .text.USB_ResetPort
                0x0000000008004e40       0x54 Drivers/STM32F4xx_HAL_Driver/Src/stm32f4xx_ll_usb.o
                0x0000000008004e40                USB_ResetPort
 .text.USB_DriveVbus
                0x0000000008004e94       0x72 Drivers/STM32F4xx_HAL_Driver/Src/stm32f4xx_ll_usb.o
                0x0000000008004e94                USB_DriveVbus
 .text.USB_GetHostSpeed
                0x0000000008004f06       0x2e Drivers/STM32F4xx_HAL_Driver/Src/stm32f4xx_ll_usb.o
                0x0000000008004f06                USB_GetHostSpeed
 .text.USB_GetCurrentFrame
                0x0000000008004f34       0x22 Drivers/STM32F4xx_HAL_Driver/Src/stm32f4xx_ll_usb.o
                0x0000000008004f34                USB_GetCurrentFrame
 *fill*         0x0000000008004f56        0x2 
 .text.USB_HC_Init
                0x0000000008004f58      0x214 Drivers/STM32F4xx_HAL_Driver/Src/stm32f4xx_ll_usb.o
                0x0000000008004f58                USB_HC_Init
 .text.USB_HC_StartXfer
                0x000000000800516c      0x288 Drivers/STM32F4xx_HAL_Driver/Src/stm32f4xx_ll_usb.o
                0x000000000800516c                USB_HC_StartXfer
 .text.USB_HC_ReadInterrupt
                0x00000000080053f4       0x22 Drivers/STM32F4xx_HAL_Driver/Src/stm32f4xx_ll_usb.o
                0x00000000080053f4                USB_HC_ReadInterrupt
 .text.USB_HC_Halt
                0x0000000008005416      0x1fe Drivers/STM32F4xx_HAL_Driver/Src/stm32f4xx_ll_usb.o
                0x0000000008005416                USB_HC_Halt
 .text.USB_DoPing
                0x0000000008005614       0x78 Drivers/STM32F4xx_HAL_Driver/Src/stm32f4xx_ll_usb.o
                0x0000000008005614                USB_DoPing
 .text.USB_StopHost
                0x000000000800568c      0x10c Drivers/STM32F4xx_HAL_Driver/Src/stm32f4xx_ll_usb.o
                0x000000000800568c                USB_StopHost
 .text.USBH_CDC_InterfaceInit
                0x0000000008005798      0x282 Middlewares/ST/STM32_USB_Host_Library/Class/CDC/Src/usbh_cdc.o
 .text.USBH_CDC_InterfaceDeInit
                0x0000000008005a1a       0xb2 Middlewares/ST/STM32_USB_Host_Library/Class/CDC/Src/usbh_cdc.o
 .text.USBH_CDC_ClassRequest
                0x0000000008005acc       0x42 Middlewares/ST/STM32_USB_Host_Library/Class/CDC/Src/usbh_cdc.o
 *fill*         0x0000000008005b0e        0x2 
 .text.USBH_CDC_Process
                0x0000000008005b10      0x12c Middlewares/ST/STM32_USB_Host_Library/Class/CDC/Src/usbh_cdc.o
 .text.USBH_CDC_SOFProcess
                0x0000000008005c3c       0x16 Middlewares/ST/STM32_USB_Host_Library/Class/CDC/Src/usbh_cdc.o
 .text.GetLineCoding
                0x0000000008005c52       0x3e Middlewares/ST/STM32_USB_Host_Library/Class/CDC/Src/usbh_cdc.o
 .text.SetLineCoding
                0x0000000008005c90       0x3e Middlewares/ST/STM32_USB_Host_Library/Class/CDC/Src/usbh_cdc.o
 .text.CDC_ProcessTransmission
                0x0000000008005cce       0xf0 Middlewares/ST/STM32_USB_Host_Library/Class/CDC/Src/usbh_cdc.o
 .text.CDC_ProcessReception
                0x0000000008005dbe       0xb6 Middlewares/ST/STM32_USB_Host_Library/Class/CDC/Src/usbh_cdc.o
 .text.USBH_CDC_TransmitCallback
                0x0000000008005e74       0x14 Middlewares/ST/STM32_USB_Host_Library/Class/CDC/Src/usbh_cdc.o
                0x0000000008005e74                USBH_CDC_TransmitCallback
 .text.USBH_CDC_ReceiveCallback
                0x0000000008005e88       0x14 Middlewares/ST/STM32_USB_Host_Library/Class/CDC/Src/usbh_cdc.o
                0x0000000008005e88                USBH_CDC_ReceiveCallback
 .text.USBH_CDC_LineCodingChanged
                0x0000000008005e9c       0x14 Middlewares/ST/STM32_USB_Host_Library/Class/CDC/Src/usbh_cdc.o
                0x0000000008005e9c                USBH_CDC_LineCodingChanged
 .text.USBH_Init
                0x0000000008005eb0       0x54 Middlewares/ST/STM32_USB_Host_Library/Core/Src/usbh_core.o
                0x0000000008005eb0                USBH_Init
 .text.DeInitStateMachine
                0x0000000008005f04       0x92 Middlewares/ST/STM32_USB_Host_Library/Core/Src/usbh_core.o
 .text.USBH_RegisterClass
                0x0000000008005f96       0x56 Middlewares/ST/STM32_USB_Host_Library/Core/Src/usbh_core.o
                0x0000000008005f96                USBH_RegisterClass
 .text.USBH_SelectInterface
                0x0000000008005fec       0x38 Middlewares/ST/STM32_USB_Host_Library/Core/Src/usbh_core.o
                0x0000000008005fec                USBH_SelectInterface
 .text.USBH_FindInterface
                0x0000000008006024       0x8c Middlewares/ST/STM32_USB_Host_Library/Core/Src/usbh_core.o
                0x0000000008006024                USBH_FindInterface
 .text.USBH_Start
                0x00000000080060b0       0x20 Middlewares/ST/STM32_USB_Host_Library/Core/Src/usbh_core.o
                0x00000000080060b0                USBH_Start
 .text.USBH_Process
                0x00000000080060d0      0x310 Middlewares/ST/STM32_USB_Host_Library/Core/Src/usbh_core.o
                0x00000000080060d0                USBH_Process
 .text.USBH_HandleEnum
                0x00000000080063e0      0x234 Middlewares/ST/STM32_USB_Host_Library/Core/Src/usbh_core.o
 .text.USBH_LL_SetTimer
                0x0000000008006614       0x1e Middlewares/ST/STM32_USB_Host_Library/Core/Src/usbh_core.o
                0x0000000008006614                USBH_LL_SetTimer
 .text.USBH_LL_IncTimer
                0x0000000008006632       0x24 Middlewares/ST/STM32_USB_Host_Library/Core/Src/usbh_core.o
                0x0000000008006632                USBH_LL_IncTimer
 .text.USBH_HandleSof
                0x0000000008006656       0x30 Middlewares/ST/STM32_USB_Host_Library/Core/Src/usbh_core.o
 .text.USBH_LL_PortEnabled
                0x0000000008006686       0x1c Middlewares/ST/STM32_USB_Host_Library/Core/Src/usbh_core.o
                0x0000000008006686                USBH_LL_PortEnabled
 .text.USBH_LL_PortDisabled
                0x00000000080066a2       0x1c Middlewares/ST/STM32_USB_Host_Library/Core/Src/usbh_core.o
                0x00000000080066a2                USBH_LL_PortDisabled
 .text.USBH_IsPortEnabled
                0x00000000080066be       0x1a Middlewares/ST/STM32_USB_Host_Library/Core/Src/usbh_core.o
                0x00000000080066be                USBH_IsPortEnabled
 .text.USBH_LL_Connect
                0x00000000080066d8       0x4c Middlewares/ST/STM32_USB_Host_Library/Core/Src/usbh_core.o
                0x00000000080066d8                USBH_LL_Connect
 .text.USBH_LL_Disconnect
                0x0000000008006724       0x5a Middlewares/ST/STM32_USB_Host_Library/Core/Src/usbh_core.o
                0x0000000008006724                USBH_LL_Disconnect
 .text.USBH_Get_DevDesc
                0x000000000800677e       0x50 Middlewares/ST/STM32_USB_Host_Library/Core/Src/usbh_ctlreq.o
                0x000000000800677e                USBH_Get_DevDesc
 .text.USBH_Get_CfgDesc
                0x00000000080067ce       0x48 Middlewares/ST/STM32_USB_Host_Library/Core/Src/usbh_ctlreq.o
                0x00000000080067ce                USBH_Get_CfgDesc
 .text.USBH_Get_StringDesc
                0x0000000008006816       0x56 Middlewares/ST/STM32_USB_Host_Library/Core/Src/usbh_ctlreq.o
                0x0000000008006816                USBH_Get_StringDesc
 .text.USBH_GetDescriptor
                0x000000000800686c       0x6a Middlewares/ST/STM32_USB_Host_Library/Core/Src/usbh_ctlreq.o
                0x000000000800686c                USBH_GetDescriptor
 .text.USBH_SetAddress
                0x00000000080068d6       0x48 Middlewares/ST/STM32_USB_Host_Library/Core/Src/usbh_ctlreq.o
                0x00000000080068d6                USBH_SetAddress
 .text.USBH_SetCfg
                0x000000000800691e       0x46 Middlewares/ST/STM32_USB_Host_Library/Core/Src/usbh_ctlreq.o
                0x000000000800691e                USBH_SetCfg
 .text.USBH_SetFeature
                0x0000000008006964       0x48 Middlewares/ST/STM32_USB_Host_Library/Core/Src/usbh_ctlreq.o
                0x0000000008006964                USBH_SetFeature
 .text.USBH_ClrFeature
                0x00000000080069ac       0x48 Middlewares/ST/STM32_USB_Host_Library/Core/Src/usbh_ctlreq.o
                0x00000000080069ac                USBH_ClrFeature
 .text.USBH_ParseDevDesc
                0x00000000080069f4       0xe0 Middlewares/ST/STM32_USB_Host_Library/Core/Src/usbh_ctlreq.o
 .text.USBH_ParseCfgDesc
                0x0000000008006ad4      0x144 Middlewares/ST/STM32_USB_Host_Library/Core/Src/usbh_ctlreq.o
 .text.USBH_ParseInterfaceDesc
                0x0000000008006c18       0x5e Middlewares/ST/STM32_USB_Host_Library/Core/Src/usbh_ctlreq.o
 .text.USBH_ParseEPDesc
                0x0000000008006c76       0x5a Middlewares/ST/STM32_USB_Host_Library/Core/Src/usbh_ctlreq.o
 .text.USBH_ParseStringDesc
                0x0000000008006cd0       0x66 Middlewares/ST/STM32_USB_Host_Library/Core/Src/usbh_ctlreq.o
 .text.USBH_GetNextDesc
                0x0000000008006d36       0x36 Middlewares/ST/STM32_USB_Host_Library/Core/Src/usbh_ctlreq.o
                0x0000000008006d36                USBH_GetNextDesc
 .text.USBH_CtlReq
                0x0000000008006d6c       0x94 Middlewares/ST/STM32_USB_Host_Library/Core/Src/usbh_ctlreq.o
                0x0000000008006d6c                USBH_CtlReq
 .text.USBH_HandleControl
                0x0000000008006e00      0x2d4 Middlewares/ST/STM32_USB_Host_Library/Core/Src/usbh_ctlreq.o
 .text.USBH_CtlSendSetup
                0x00000000080070d4       0x34 Middlewares/ST/STM32_USB_Host_Library/Core/Src/usbh_ioreq.o
                0x00000000080070d4                USBH_CtlSendSetup
 .text.USBH_CtlSendData
                0x0000000008007108       0x4a Middlewares/ST/STM32_USB_Host_Library/Core/Src/usbh_ioreq.o
                0x0000000008007108                USBH_CtlSendData
 .text.USBH_CtlReceiveData
                0x0000000008007152       0x3c Middlewares/ST/STM32_USB_Host_Library/Core/Src/usbh_ioreq.o
                0x0000000008007152                USBH_CtlReceiveData
 .text.USBH_BulkSendData
                0x000000000800718e       0x4a Middlewares/ST/STM32_USB_Host_Library/Core/Src/usbh_ioreq.o
                0x000000000800718e                USBH_BulkSendData
 .text.USBH_BulkReceiveData
                0x00000000080071d8       0x3c Middlewares/ST/STM32_USB_Host_Library/Core/Src/usbh_ioreq.o
                0x00000000080071d8                USBH_BulkReceiveData
 .text.USBH_OpenPipe
                0x0000000008007214       0x3e Middlewares/ST/STM32_USB_Host_Library/Core/Src/usbh_pipes.o
                0x0000000008007214                USBH_OpenPipe
 .text.USBH_ClosePipe
                0x0000000008007252       0x20 Middlewares/ST/STM32_USB_Host_Library/Core/Src/usbh_pipes.o
                0x0000000008007252                USBH_ClosePipe
 .text.USBH_AllocPipe
                0x0000000008007272       0x3c Middlewares/ST/STM32_USB_Host_Library/Core/Src/usbh_pipes.o
                0x0000000008007272                USBH_AllocPipe
 .text.USBH_FreePipe
                0x00000000080072ae       0x38 Middlewares/ST/STM32_USB_Host_Library/Core/Src/usbh_pipes.o
                0x00000000080072ae                USBH_FreePipe
 .text.USBH_GetFreePipe
                0x00000000080072e6       0x46 Middlewares/ST/STM32_USB_Host_Library/Core/Src/usbh_pipes.o
 .text.MX_USB_HOST_Init
                0x000000000800732c       0x4c USB_HOST/App/usb_host.o
                0x000000000800732c                MX_USB_HOST_Init
 .text.MX_USB_HOST_Process
                0x0000000008007378       0x14 USB_HOST/App/usb_host.o
                0x0000000008007378                MX_USB_HOST_Process
 .text.USBH_UserProcess
                0x000000000800738c       0x5c USB_HOST/App/usb_host.o
 .text.HAL_HCD_MspInit
                0x00000000080073e8       0xc4 USB_HOST/Target/usbh_conf.o
                0x00000000080073e8                HAL_HCD_MspInit
 .text.HAL_HCD_SOF_Callback
                0x00000000080074ac       0x1c USB_HOST/Target/usbh_conf.o
                0x00000000080074ac                HAL_HCD_SOF_Callback
 .text.HAL_HCD_Connect_Callback
                0x00000000080074c8       0x1c USB_HOST/Target/usbh_conf.o
                0x00000000080074c8                HAL_HCD_Connect_Callback
 .text.HAL_HCD_Disconnect_Callback
                0x00000000080074e4       0x1c USB_HOST/Target/usbh_conf.o
                0x00000000080074e4                HAL_HCD_Disconnect_Callback
 .text.HAL_HCD_HC_NotifyURBChange_Callback
                0x0000000008007500       0x1c USB_HOST/Target/usbh_conf.o
                0x0000000008007500                HAL_HCD_HC_NotifyURBChange_Callback
 .text.HAL_HCD_PortEnabled_Callback
                0x000000000800751c       0x1c USB_HOST/Target/usbh_conf.o
                0x000000000800751c                HAL_HCD_PortEnabled_Callback
 .text.HAL_HCD_PortDisabled_Callback
                0x0000000008007538       0x1c USB_HOST/Target/usbh_conf.o
                0x0000000008007538                HAL_HCD_PortDisabled_Callback
 .text.USBH_LL_Init
                0x0000000008007554       0x78 USB_HOST/Target/usbh_conf.o
                0x0000000008007554                USBH_LL_Init
 .text.USBH_LL_Start
                0x00000000080075cc       0x36 USB_HOST/Target/usbh_conf.o
                0x00000000080075cc                USBH_LL_Start
 .text.USBH_LL_Stop
                0x0000000008007602       0x36 USB_HOST/Target/usbh_conf.o
                0x0000000008007602                USBH_LL_Stop
 .text.USBH_LL_GetSpeed
                0x0000000008007638       0x4a USB_HOST/Target/usbh_conf.o
                0x0000000008007638                USBH_LL_GetSpeed
 .text.USBH_LL_ResetPort
                0x0000000008007682       0x36 USB_HOST/Target/usbh_conf.o
                0x0000000008007682                USBH_LL_ResetPort
 .text.USBH_LL_GetLastXferSize
                0x00000000080076b8       0x26 USB_HOST/Target/usbh_conf.o
                0x00000000080076b8                USBH_LL_GetLastXferSize
 .text.USBH_LL_OpenPipe
                0x00000000080076de       0x5e USB_HOST/Target/usbh_conf.o
                0x00000000080076de                USBH_LL_OpenPipe
 .text.USBH_LL_ClosePipe
                0x000000000800773c       0x3e USB_HOST/Target/usbh_conf.o
                0x000000000800773c                USBH_LL_ClosePipe
 .text.USBH_LL_SubmitURB
                0x000000000800777a       0x62 USB_HOST/Target/usbh_conf.o
                0x000000000800777a                USBH_LL_SubmitURB
 .text.USBH_LL_GetURBState
                0x00000000080077dc       0x26 USB_HOST/Target/usbh_conf.o
                0x00000000080077dc                USBH_LL_GetURBState
 .text.USBH_LL_DriverVBUS
                0x0000000008007802       0x2e USB_HOST/Target/usbh_conf.o
                0x0000000008007802                USBH_LL_DriverVBUS
 .text.USBH_LL_SetToggle
                0x0000000008007830       0x66 USB_HOST/Target/usbh_conf.o
                0x0000000008007830                USBH_LL_SetToggle
 .text.USBH_Delay
                0x0000000008007896       0x16 USB_HOST/Target/usbh_conf.o
                0x0000000008007896                USBH_Delay
 .text.USBH_Get_USB_Status
                0x00000000080078ac       0x58 USB_HOST/Target/usbh_conf.o
                0x00000000080078ac                USBH_Get_USB_Status
 .text.MX_DriverVbusFS
                0x0000000008007904       0x38 USB_HOST/Target/usbh_platform.o
                0x0000000008007904                MX_DriverVbusFS
 .text.__errno  0x000000000800793c        0xc /opt/st/stm32cubeide_1.1.0/plugins/com.st.stm32cube.ide.mcu.externaltools.gnu-tools-for-stm32.7-2018-q2-update.linux64_1.0.0.201904181610/tools/bin/../lib/gcc/arm-none-eabi/7.3.1/../../../../arm-none-eabi/lib/thumb/v7e-m/fpv4-sp/hard/libc_nano.a(lib_a-errno.o)
                0x000000000800793c                __errno
 .text.__libc_init_array
                0x0000000008007948       0x48 /opt/st/stm32cubeide_1.1.0/plugins/com.st.stm32cube.ide.mcu.externaltools.gnu-tools-for-stm32.7-2018-q2-update.linux64_1.0.0.201904181610/tools/bin/../lib/gcc/arm-none-eabi/7.3.1/../../../../arm-none-eabi/lib/thumb/v7e-m/fpv4-sp/hard/libc_nano.a(lib_a-init.o)
                0x0000000008007948                __libc_init_array
 .text.malloc   0x0000000008007990       0x10 /opt/st/stm32cubeide_1.1.0/plugins/com.st.stm32cube.ide.mcu.externaltools.gnu-tools-for-stm32.7-2018-q2-update.linux64_1.0.0.201904181610/tools/bin/../lib/gcc/arm-none-eabi/7.3.1/../../../../arm-none-eabi/lib/thumb/v7e-m/fpv4-sp/hard/libc_nano.a(lib_a-malloc.o)
                0x0000000008007990                malloc
 .text.free     0x00000000080079a0       0x10 /opt/st/stm32cubeide_1.1.0/plugins/com.st.stm32cube.ide.mcu.externaltools.gnu-tools-for-stm32.7-2018-q2-update.linux64_1.0.0.201904181610/tools/bin/../lib/gcc/arm-none-eabi/7.3.1/../../../../arm-none-eabi/lib/thumb/v7e-m/fpv4-sp/hard/libc_nano.a(lib_a-malloc.o)
                0x00000000080079a0                free
 .text.memset   0x00000000080079b0       0x10 /opt/st/stm32cubeide_1.1.0/plugins/com.st.stm32cube.ide.mcu.externaltools.gnu-tools-for-stm32.7-2018-q2-update.linux64_1.0.0.201904181610/tools/bin/../lib/gcc/arm-none-eabi/7.3.1/../../../../arm-none-eabi/lib/thumb/v7e-m/fpv4-sp/hard/libc_nano.a(lib_a-memset.o)
                0x00000000080079b0                memset
 .text._free_r  0x00000000080079c0       0x9c /opt/st/stm32cubeide_1.1.0/plugins/com.st.stm32cube.ide.mcu.externaltools.gnu-tools-for-stm32.7-2018-q2-update.linux64_1.0.0.201904181610/tools/bin/../lib/gcc/arm-none-eabi/7.3.1/../../../../arm-none-eabi/lib/thumb/v7e-m/fpv4-sp/hard/libc_nano.a(lib_a-nano-freer.o)
                0x00000000080079c0                _free_r
 .text._malloc_r
                0x0000000008007a5c       0xb4 /opt/st/stm32cubeide_1.1.0/plugins/com.st.stm32cube.ide.mcu.externaltools.gnu-tools-for-stm32.7-2018-q2-update.linux64_1.0.0.201904181610/tools/bin/../lib/gcc/arm-none-eabi/7.3.1/../../../../arm-none-eabi/lib/thumb/v7e-m/fpv4-sp/hard/libc_nano.a(lib_a-nano-mallocr.o)
                0x0000000008007a5c                _malloc_r
 .text._sbrk_r  0x0000000008007b10       0x20 /opt/st/stm32cubeide_1.1.0/plugins/com.st.stm32cube.ide.mcu.externaltools.gnu-tools-for-stm32.7-2018-q2-update.linux64_1.0.0.201904181610/tools/bin/../lib/gcc/arm-none-eabi/7.3.1/../../../../arm-none-eabi/lib/thumb/v7e-m/fpv4-sp/hard/libc_nano.a(lib_a-sbrkr.o)
                0x0000000008007b10                _sbrk_r
 .text.__malloc_lock
                0x0000000008007b30        0x2 /opt/st/stm32cubeide_1.1.0/plugins/com.st.stm32cube.ide.mcu.externaltools.gnu-tools-for-stm32.7-2018-q2-update.linux64_1.0.0.201904181610/tools/bin/../lib/gcc/arm-none-eabi/7.3.1/../../../../arm-none-eabi/lib/thumb/v7e-m/fpv4-sp/hard/libc_nano.a(lib_a-mlock.o)
                0x0000000008007b30                __malloc_lock
 .text.__malloc_unlock
                0x0000000008007b32        0x2 /opt/st/stm32cubeide_1.1.0/plugins/com.st.stm32cube.ide.mcu.externaltools.gnu-tools-for-stm32.7-2018-q2-update.linux64_1.0.0.201904181610/tools/bin/../lib/gcc/arm-none-eabi/7.3.1/../../../../arm-none-eabi/lib/thumb/v7e-m/fpv4-sp/hard/libc_nano.a(lib_a-mlock.o)
                0x0000000008007b32                __malloc_unlock
 *(.glue_7)
 .glue_7        0x0000000008007b34        0x0 linker stubs
 *(.glue_7t)
 .glue_7t       0x0000000008007b34        0x0 linker stubs
 *(.eh_frame)
 .eh_frame      0x0000000008007b34        0x0 /opt/st/stm32cubeide_1.1.0/plugins/com.st.stm32cube.ide.mcu.externaltools.gnu-tools-for-stm32.7-2018-q2-update.linux64_1.0.0.201904181610/tools/bin/../lib/gcc/arm-none-eabi/7.3.1/thumb/v7e-m/fpv4-sp/hard/crtbegin.o
 *(.init)
 .init          0x0000000008007b34        0x4 /opt/st/stm32cubeide_1.1.0/plugins/com.st.stm32cube.ide.mcu.externaltools.gnu-tools-for-stm32.7-2018-q2-update.linux64_1.0.0.201904181610/tools/bin/../lib/gcc/arm-none-eabi/7.3.1/thumb/v7e-m/fpv4-sp/hard/crti.o
                0x0000000008007b34                _init
 .init          0x0000000008007b38        0x8 /opt/st/stm32cubeide_1.1.0/plugins/com.st.stm32cube.ide.mcu.externaltools.gnu-tools-for-stm32.7-2018-q2-update.linux64_1.0.0.201904181610/tools/bin/../lib/gcc/arm-none-eabi/7.3.1/thumb/v7e-m/fpv4-sp/hard/crtn.o
 *(.fini)
 .fini          0x0000000008007b40        0x4 /opt/st/stm32cubeide_1.1.0/plugins/com.st.stm32cube.ide.mcu.externaltools.gnu-tools-for-stm32.7-2018-q2-update.linux64_1.0.0.201904181610/tools/bin/../lib/gcc/arm-none-eabi/7.3.1/thumb/v7e-m/fpv4-sp/hard/crti.o
                0x0000000008007b40                _fini
 .fini          0x0000000008007b44        0x8 /opt/st/stm32cubeide_1.1.0/plugins/com.st.stm32cube.ide.mcu.externaltools.gnu-tools-for-stm32.7-2018-q2-update.linux64_1.0.0.201904181610/tools/bin/../lib/gcc/arm-none-eabi/7.3.1/thumb/v7e-m/fpv4-sp/hard/crtn.o
                0x0000000008007b4c                . = ALIGN (0x4)
                0x0000000008007b4c                _etext = .

.vfp11_veneer   0x0000000008007b4c        0x0
 .vfp11_veneer  0x0000000008007b4c        0x0 linker stubs

.v4_bx          0x0000000008007b4c        0x0
 .v4_bx         0x0000000008007b4c        0x0 linker stubs

.iplt           0x0000000008007b4c        0x0
 .iplt          0x0000000008007b4c        0x0 /opt/st/stm32cubeide_1.1.0/plugins/com.st.stm32cube.ide.mcu.externaltools.gnu-tools-for-stm32.7-2018-q2-update.linux64_1.0.0.201904181610/tools/bin/../lib/gcc/arm-none-eabi/7.3.1/thumb/v7e-m/fpv4-sp/hard/crtbegin.o

.rodata         0x0000000008007b4c       0x1c
                0x0000000008007b4c                . = ALIGN (0x4)
 *(.rodata)
 .rodata        0x0000000008007b4c        0x4 Middlewares/ST/STM32_USB_Host_Library/Class/CDC/Src/usbh_cdc.o
 *(.rodata*)
 .rodata.AHBPrescTable
                0x0000000008007b50       0x10 Core/Src/system_stm32f4xx.o
                0x0000000008007b50                AHBPrescTable
 .rodata.APBPrescTable
                0x0000000008007b60        0x8 Core/Src/system_stm32f4xx.o
                0x0000000008007b60                APBPrescTable
                0x0000000008007b68                . = ALIGN (0x4)

.ARM.extab      0x0000000008007b68        0x0
                0x0000000008007b68                . = ALIGN (0x4)
 *(.ARM.extab* .gnu.linkonce.armextab.*)
                0x0000000008007b68                . = ALIGN (0x4)

.ARM            0x0000000008007b68        0x8
                0x0000000008007b68                . = ALIGN (0x4)
                0x0000000008007b68                __exidx_start = .
 *(.ARM.exidx*)
 .ARM.exidx     0x0000000008007b68        0x8 /opt/st/stm32cubeide_1.1.0/plugins/com.st.stm32cube.ide.mcu.externaltools.gnu-tools-for-stm32.7-2018-q2-update.linux64_1.0.0.201904181610/tools/bin/../lib/gcc/arm-none-eabi/7.3.1/thumb/v7e-m/fpv4-sp/hard/libgcc.a(_udivmoddi4.o)
                0x0000000008007b70                __exidx_end = .
                0x0000000008007b70                . = ALIGN (0x4)

.rel.dyn        0x0000000008007b70        0x0
 .rel.iplt      0x0000000008007b70        0x0 /opt/st/stm32cubeide_1.1.0/plugins/com.st.stm32cube.ide.mcu.externaltools.gnu-tools-for-stm32.7-2018-q2-update.linux64_1.0.0.201904181610/tools/bin/../lib/gcc/arm-none-eabi/7.3.1/thumb/v7e-m/fpv4-sp/hard/crtbegin.o

.preinit_array  0x0000000008007b70        0x0
                0x0000000008007b70                . = ALIGN (0x4)
                0x0000000008007b70                PROVIDE (__preinit_array_start = .)
 *(.preinit_array*)
                0x0000000008007b70                PROVIDE (__preinit_array_end = .)
                0x0000000008007b70                . = ALIGN (0x4)

.init_array     0x0000000008007b70        0x4
                0x0000000008007b70                . = ALIGN (0x4)
                0x0000000008007b70                PROVIDE (__init_array_start = .)
 *(SORT_BY_NAME(.init_array.*))
 *(.init_array*)
 .init_array    0x0000000008007b70        0x4 /opt/st/stm32cubeide_1.1.0/plugins/com.st.stm32cube.ide.mcu.externaltools.gnu-tools-for-stm32.7-2018-q2-update.linux64_1.0.0.201904181610/tools/bin/../lib/gcc/arm-none-eabi/7.3.1/thumb/v7e-m/fpv4-sp/hard/crtbegin.o
                0x0000000008007b74                PROVIDE (__init_array_end = .)
                0x0000000008007b74                . = ALIGN (0x4)

.fini_array     0x0000000008007b74        0x4
                0x0000000008007b74                . = ALIGN (0x4)
                [!provide]                        PROVIDE (__fini_array_start = .)
 *(SORT_BY_NAME(.fini_array.*))
 *(.fini_array*)
 .fini_array    0x0000000008007b74        0x4 /opt/st/stm32cubeide_1.1.0/plugins/com.st.stm32cube.ide.mcu.externaltools.gnu-tools-for-stm32.7-2018-q2-update.linux64_1.0.0.201904181610/tools/bin/../lib/gcc/arm-none-eabi/7.3.1/thumb/v7e-m/fpv4-sp/hard/crtbegin.o
                [!provide]                        PROVIDE (__fini_array_end = .)
                0x0000000008007b78                . = ALIGN (0x4)
                0x0000000008007b78                _sidata = LOADADDR (.data)

.data           0x0000000020000000       0xb0 load address 0x0000000008007b78
                0x0000000020000000                . = ALIGN (0x4)
                0x0000000020000000                _sdata = .
 *(.data)
 *(.data*)
 .data.delay    0x0000000020000000        0x4 Core/Src/main.o
                0x0000000020000000                delay
 .data.PINS     0x0000000020000004       0x10 Core/Src/main.o
                0x0000000020000004                PINS
 .data.CURRENT  0x0000000020000014        0x4 Core/Src/main.o
                0x0000000020000014                CURRENT
 .data.fade_var
                0x0000000020000018        0x4 Core/Src/main.o
                0x0000000020000018                fade_var
 .data.K        0x000000002000001c        0x4 Core/Src/main.o
                0x000000002000001c                K
 .data.SystemCoreClock
                0x0000000020000020        0x4 Core/Src/system_stm32f4xx.o
                0x0000000020000020                SystemCoreClock
 .data.uwTickPrio
                0x0000000020000024        0x4 Drivers/STM32F4xx_HAL_Driver/Src/stm32f4xx_hal.o
                0x0000000020000024                uwTickPrio
 .data.uwTickFreq
                0x0000000020000028        0x1 Drivers/STM32F4xx_HAL_Driver/Src/stm32f4xx_hal.o
                0x0000000020000028                uwTickFreq
 *fill*         0x0000000020000029        0x3 
 .data.CDC_Class
                0x000000002000002c       0x20 Middlewares/ST/STM32_USB_Host_Library/Class/CDC/Src/usbh_cdc.o
                0x000000002000002c                CDC_Class
 .data._impure_ptr
                0x000000002000004c        0x4 /opt/st/stm32cubeide_1.1.0/plugins/com.st.stm32cube.ide.mcu.externaltools.gnu-tools-for-stm32.7-2018-q2-update.linux64_1.0.0.201904181610/tools/bin/../lib/gcc/arm-none-eabi/7.3.1/../../../../arm-none-eabi/lib/thumb/v7e-m/fpv4-sp/hard/libc_nano.a(lib_a-impure.o)
                0x000000002000004c                _impure_ptr
 .data.impure_data
                0x0000000020000050       0x60 /opt/st/stm32cubeide_1.1.0/plugins/com.st.stm32cube.ide.mcu.externaltools.gnu-tools-for-stm32.7-2018-q2-update.linux64_1.0.0.201904181610/tools/bin/../lib/gcc/arm-none-eabi/7.3.1/../../../../arm-none-eabi/lib/thumb/v7e-m/fpv4-sp/hard/libc_nano.a(lib_a-impure.o)
                0x00000000200000b0                . = ALIGN (0x4)
                0x00000000200000b0                _edata = .

.igot.plt       0x00000000200000b0        0x0 load address 0x0000000008007c28
 .igot.plt      0x00000000200000b0        0x0 /opt/st/stm32cubeide_1.1.0/plugins/com.st.stm32cube.ide.mcu.externaltools.gnu-tools-for-stm32.7-2018-q2-update.linux64_1.0.0.201904181610/tools/bin/../lib/gcc/arm-none-eabi/7.3.1/thumb/v7e-m/fpv4-sp/hard/crtbegin.o
                0x00000000200000b0                . = ALIGN (0x4)

.bss            0x00000000200000b0      0x810 load address 0x0000000008007c28
                0x00000000200000b0                _sbss = .
                0x00000000200000b0                __bss_start__ = _sbss
 *(.bss)
 .bss           0x00000000200000b0       0x1c /opt/st/stm32cubeide_1.1.0/plugins/com.st.stm32cube.ide.mcu.externaltools.gnu-tools-for-stm32.7-2018-q2-update.linux64_1.0.0.201904181610/tools/bin/../lib/gcc/arm-none-eabi/7.3.1/thumb/v7e-m/fpv4-sp/hard/crtbegin.o
 *(.bss*)
 .bss.direction
                0x00000000200000cc        0x1 Core/Src/main.o
                0x00000000200000cc                direction
 .bss.pressed_times
                0x00000000200000cd        0x1 Core/Src/main.o
                0x00000000200000cd                pressed_times
 .bss.do_boom   0x00000000200000ce        0x1 Core/Src/main.o
                0x00000000200000ce                do_boom
 *fill*         0x00000000200000cf        0x1 
 .bss.NEXT      0x00000000200000d0        0x4 Core/Src/main.o
                0x00000000200000d0                NEXT
 .bss.last_change_tick.8041
                0x00000000200000d4        0x4 Core/Src/main.o
 .bss.heap_end.6424
                0x00000000200000d8        0x4 Core/Src/sysmem.o
 .bss.tmpreg.8281
                0x00000000200000dc        0x4 Drivers/STM32F4xx_HAL_Driver/Src/stm32f4xx_ll_usb.o
 .bss.Appli_state
                0x00000000200000e0        0x1 USB_HOST/App/usb_host.o
                0x00000000200000e0                Appli_state
 *fill*         0x00000000200000e1        0x3 
 .bss.__malloc_free_list
                0x00000000200000e4        0x4 /opt/st/stm32cubeide_1.1.0/plugins/com.st.stm32cube.ide.mcu.externaltools.gnu-tools-for-stm32.7-2018-q2-update.linux64_1.0.0.201904181610/tools/bin/../lib/gcc/arm-none-eabi/7.3.1/../../../../arm-none-eabi/lib/thumb/v7e-m/fpv4-sp/hard/libc_nano.a(lib_a-nano-mallocr.o)
                0x00000000200000e4                __malloc_free_list
 .bss.__malloc_sbrk_start
                0x00000000200000e8        0x4 /opt/st/stm32cubeide_1.1.0/plugins/com.st.stm32cube.ide.mcu.externaltools.gnu-tools-for-stm32.7-2018-q2-update.linux64_1.0.0.201904181610/tools/bin/../lib/gcc/arm-none-eabi/7.3.1/../../../../arm-none-eabi/lib/thumb/v7e-m/fpv4-sp/hard/libc_nano.a(lib_a-nano-mallocr.o)
                0x00000000200000e8                __malloc_sbrk_start
 *(COMMON)
 COMMON         0x00000000200000ec      0x13c Core/Src/main.o
                0x00000000200000ec                hi2c1
                0x0000000020000140                hspi1
                0x0000000020000198                hi2s2
                0x00000000200001e0                hi2s3
 COMMON         0x0000000020000228        0x4 Drivers/STM32F4xx_HAL_Driver/Src/stm32f4xx_hal.o
                0x0000000020000228                uwTick
 COMMON         0x000000002000022c      0x3cc USB_HOST/App/usb_host.o
                0x000000002000022c                hUsbHostFS
 COMMON         0x00000000200005f8      0x2c4 USB_HOST/Target/usbh_conf.o
                0x00000000200005f8                hhcd_USB_OTG_FS
 COMMON         0x00000000200008bc        0x4 /opt/st/stm32cubeide_1.1.0/plugins/com.st.stm32cube.ide.mcu.externaltools.gnu-tools-for-stm32.7-2018-q2-update.linux64_1.0.0.201904181610/tools/bin/../lib/gcc/arm-none-eabi/7.3.1/../../../../arm-none-eabi/lib/thumb/v7e-m/fpv4-sp/hard/libc_nano.a(lib_a-reent.o)
                0x00000000200008bc                errno
                0x00000000200008c0                . = ALIGN (0x4)
                0x00000000200008c0                _ebss = .
                0x00000000200008c0                __bss_end__ = _ebss

._user_heap_stack
                0x00000000200008c0      0x600 load address 0x0000000008007c28
                0x00000000200008c0                . = ALIGN (0x8)
                0x00000000200008c0                PROVIDE (end = .)
                [!provide]                        PROVIDE (_end = .)
                0x0000000020000ac0                . = (. + _Min_Heap_Size)
 *fill*         0x00000000200008c0      0x200 
                0x0000000020000ec0                . = (. + _Min_Stack_Size)
 *fill*         0x0000000020000ac0      0x400 
                0x0000000020000ec0                . = ALIGN (0x8)

/DISCARD/
 libc.a(*)
 libm.a(*)
 libgcc.a(*)

.ARM.attributes
                0x0000000000000000       0x30
 *(.ARM.attributes)
 .ARM.attributes
                0x0000000000000000       0x22 /opt/st/stm32cubeide_1.1.0/plugins/com.st.stm32cube.ide.mcu.externaltools.gnu-tools-for-stm32.7-2018-q2-update.linux64_1.0.0.201904181610/tools/bin/../lib/gcc/arm-none-eabi/7.3.1/thumb/v7e-m/fpv4-sp/hard/crti.o
 .ARM.attributes
                0x0000000000000022       0x34 /opt/st/stm32cubeide_1.1.0/plugins/com.st.stm32cube.ide.mcu.externaltools.gnu-tools-for-stm32.7-2018-q2-update.linux64_1.0.0.201904181610/tools/bin/../lib/gcc/arm-none-eabi/7.3.1/thumb/v7e-m/fpv4-sp/hard/crtbegin.o
 .ARM.attributes
                0x0000000000000056       0x39 Core/Src/main.o
 .ARM.attributes
                0x000000000000008f       0x39 Core/Src/stm32f4xx_hal_msp.o
 .ARM.attributes
                0x00000000000000c8       0x39 Core/Src/stm32f4xx_it.o
 .ARM.attributes
                0x0000000000000101       0x39 Core/Src/sysmem.o
 .ARM.attributes
                0x000000000000013a       0x39 Core/Src/system_stm32f4xx.o
 .ARM.attributes
                0x0000000000000173       0x21 Core/Startup/startup_stm32f411vetx.o
 .ARM.attributes
                0x0000000000000194       0x39 Drivers/STM32F4xx_HAL_Driver/Src/stm32f4xx_hal.o
 .ARM.attributes
                0x00000000000001cd       0x39 Drivers/STM32F4xx_HAL_Driver/Src/stm32f4xx_hal_cortex.o
 .ARM.attributes
                0x0000000000000206       0x39 Drivers/STM32F4xx_HAL_Driver/Src/stm32f4xx_hal_gpio.o
 .ARM.attributes
                0x000000000000023f       0x39 Drivers/STM32F4xx_HAL_Driver/Src/stm32f4xx_hal_hcd.o
 .ARM.attributes
                0x0000000000000278       0x39 Drivers/STM32F4xx_HAL_Driver/Src/stm32f4xx_hal_i2c.o
 .ARM.attributes
                0x00000000000002b1       0x39 Drivers/STM32F4xx_HAL_Driver/Src/stm32f4xx_hal_i2s.o
 .ARM.attributes
                0x00000000000002ea       0x39 Drivers/STM32F4xx_HAL_Driver/Src/stm32f4xx_hal_i2s_ex.o
 .ARM.attributes
                0x0000000000000323       0x39 Drivers/STM32F4xx_HAL_Driver/Src/stm32f4xx_hal_rcc.o
 .ARM.attributes
                0x000000000000035c       0x39 Drivers/STM32F4xx_HAL_Driver/Src/stm32f4xx_hal_rcc_ex.o
 .ARM.attributes
                0x0000000000000395       0x39 Drivers/STM32F4xx_HAL_Driver/Src/stm32f4xx_hal_spi.o
 .ARM.attributes
                0x00000000000003ce       0x39 Drivers/STM32F4xx_HAL_Driver/Src/stm32f4xx_ll_usb.o
 .ARM.attributes
                0x0000000000000407       0x39 Middlewares/ST/STM32_USB_Host_Library/Class/CDC/Src/usbh_cdc.o
 .ARM.attributes
                0x0000000000000440       0x39 Middlewares/ST/STM32_USB_Host_Library/Core/Src/usbh_core.o
 .ARM.attributes
                0x0000000000000479       0x39 Middlewares/ST/STM32_USB_Host_Library/Core/Src/usbh_ctlreq.o
 .ARM.attributes
                0x00000000000004b2       0x39 Middlewares/ST/STM32_USB_Host_Library/Core/Src/usbh_ioreq.o
 .ARM.attributes
                0x00000000000004eb       0x39 Middlewares/ST/STM32_USB_Host_Library/Core/Src/usbh_pipes.o
 .ARM.attributes
                0x0000000000000524       0x39 USB_HOST/App/usb_host.o
 .ARM.attributes
                0x000000000000055d       0x39 USB_HOST/Target/usbh_conf.o
 .ARM.attributes
                0x0000000000000596       0x39 USB_HOST/Target/usbh_platform.o
 .ARM.attributes
                0x00000000000005cf       0x34 /opt/st/stm32cubeide_1.1.0/plugins/com.st.stm32cube.ide.mcu.externaltools.gnu-tools-for-stm32.7-2018-q2-update.linux64_1.0.0.201904181610/tools/bin/../lib/gcc/arm-none-eabi/7.3.1/../../../../arm-none-eabi/lib/thumb/v7e-m/fpv4-sp/hard/libc_nano.a(lib_a-errno.o)
 .ARM.attributes
                0x0000000000000603       0x34 /opt/st/stm32cubeide_1.1.0/plugins/com.st.stm32cube.ide.mcu.externaltools.gnu-tools-for-stm32.7-2018-q2-update.linux64_1.0.0.201904181610/tools/bin/../lib/gcc/arm-none-eabi/7.3.1/../../../../arm-none-eabi/lib/thumb/v7e-m/fpv4-sp/hard/libc_nano.a(lib_a-impure.o)
 .ARM.attributes
                0x0000000000000637       0x34 /opt/st/stm32cubeide_1.1.0/plugins/com.st.stm32cube.ide.mcu.externaltools.gnu-tools-for-stm32.7-2018-q2-update.linux64_1.0.0.201904181610/tools/bin/../lib/gcc/arm-none-eabi/7.3.1/../../../../arm-none-eabi/lib/thumb/v7e-m/fpv4-sp/hard/libc_nano.a(lib_a-init.o)
 .ARM.attributes
                0x000000000000066b       0x34 /opt/st/stm32cubeide_1.1.0/plugins/com.st.stm32cube.ide.mcu.externaltools.gnu-tools-for-stm32.7-2018-q2-update.linux64_1.0.0.201904181610/tools/bin/../lib/gcc/arm-none-eabi/7.3.1/../../../../arm-none-eabi/lib/thumb/v7e-m/fpv4-sp/hard/libc_nano.a(lib_a-malloc.o)
 .ARM.attributes
                0x000000000000069f       0x34 /opt/st/stm32cubeide_1.1.0/plugins/com.st.stm32cube.ide.mcu.externaltools.gnu-tools-for-stm32.7-2018-q2-update.linux64_1.0.0.201904181610/tools/bin/../lib/gcc/arm-none-eabi/7.3.1/../../../../arm-none-eabi/lib/thumb/v7e-m/fpv4-sp/hard/libc_nano.a(lib_a-memset.o)
 .ARM.attributes
                0x00000000000006d3       0x34 /opt/st/stm32cubeide_1.1.0/plugins/com.st.stm32cube.ide.mcu.externaltools.gnu-tools-for-stm32.7-2018-q2-update.linux64_1.0.0.201904181610/tools/bin/../lib/gcc/arm-none-eabi/7.3.1/../../../../arm-none-eabi/lib/thumb/v7e-m/fpv4-sp/hard/libc_nano.a(lib_a-nano-freer.o)
 .ARM.attributes
                0x0000000000000707       0x34 /opt/st/stm32cubeide_1.1.0/plugins/com.st.stm32cube.ide.mcu.externaltools.gnu-tools-for-stm32.7-2018-q2-update.linux64_1.0.0.201904181610/tools/bin/../lib/gcc/arm-none-eabi/7.3.1/../../../../arm-none-eabi/lib/thumb/v7e-m/fpv4-sp/hard/libc_nano.a(lib_a-nano-mallocr.o)
 .ARM.attributes
                0x000000000000073b       0x34 /opt/st/stm32cubeide_1.1.0/plugins/com.st.stm32cube.ide.mcu.externaltools.gnu-tools-for-stm32.7-2018-q2-update.linux64_1.0.0.201904181610/tools/bin/../lib/gcc/arm-none-eabi/7.3.1/../../../../arm-none-eabi/lib/thumb/v7e-m/fpv4-sp/hard/libc_nano.a(lib_a-sbrkr.o)
 .ARM.attributes
                0x000000000000076f       0x34 /opt/st/stm32cubeide_1.1.0/plugins/com.st.stm32cube.ide.mcu.externaltools.gnu-tools-for-stm32.7-2018-q2-update.linux64_1.0.0.201904181610/tools/bin/../lib/gcc/arm-none-eabi/7.3.1/../../../../arm-none-eabi/lib/thumb/v7e-m/fpv4-sp/hard/libc_nano.a(lib_a-mlock.o)
 .ARM.attributes
                0x00000000000007a3       0x34 /opt/st/stm32cubeide_1.1.0/plugins/com.st.stm32cube.ide.mcu.externaltools.gnu-tools-for-stm32.7-2018-q2-update.linux64_1.0.0.201904181610/tools/bin/../lib/gcc/arm-none-eabi/7.3.1/../../../../arm-none-eabi/lib/thumb/v7e-m/fpv4-sp/hard/libc_nano.a(lib_a-reent.o)
 .ARM.attributes
                0x00000000000007d7       0x22 /opt/st/stm32cubeide_1.1.0/plugins/com.st.stm32cube.ide.mcu.externaltools.gnu-tools-for-stm32.7-2018-q2-update.linux64_1.0.0.201904181610/tools/bin/../lib/gcc/arm-none-eabi/7.3.1/thumb/v7e-m/fpv4-sp/hard/libgcc.a(_aeabi_uldivmod.o)
 .ARM.attributes
                0x00000000000007f9       0x34 /opt/st/stm32cubeide_1.1.0/plugins/com.st.stm32cube.ide.mcu.externaltools.gnu-tools-for-stm32.7-2018-q2-update.linux64_1.0.0.201904181610/tools/bin/../lib/gcc/arm-none-eabi/7.3.1/thumb/v7e-m/fpv4-sp/hard/libgcc.a(_udivmoddi4.o)
 .ARM.attributes
                0x000000000000082d       0x22 /opt/st/stm32cubeide_1.1.0/plugins/com.st.stm32cube.ide.mcu.externaltools.gnu-tools-for-stm32.7-2018-q2-update.linux64_1.0.0.201904181610/tools/bin/../lib/gcc/arm-none-eabi/7.3.1/thumb/v7e-m/fpv4-sp/hard/libgcc.a(_dvmd_tls.o)
 .ARM.attributes
                0x000000000000084f       0x22 /opt/st/stm32cubeide_1.1.0/plugins/com.st.stm32cube.ide.mcu.externaltools.gnu-tools-for-stm32.7-2018-q2-update.linux64_1.0.0.201904181610/tools/bin/../lib/gcc/arm-none-eabi/7.3.1/thumb/v7e-m/fpv4-sp/hard/crtn.o
OUTPUT(double_click.elf elf32-littlearm)

.debug_info     0x0000000000000000    0x186e0
 .debug_info    0x0000000000000000     0x1475 Core/Src/main.o
 .debug_info    0x0000000000001475      0xf96 Core/Src/stm32f4xx_hal_msp.o
 .debug_info    0x000000000000240b      0x6c5 Core/Src/stm32f4xx_it.o
 .debug_info    0x0000000000002ad0      0x91c Core/Src/sysmem.o
 .debug_info    0x00000000000033ec      0x57e Core/Src/system_stm32f4xx.o
 .debug_info    0x000000000000396a       0x22 Core/Startup/startup_stm32f411vetx.o
 .debug_info    0x000000000000398c      0x8d9 Drivers/STM32F4xx_HAL_Driver/Src/stm32f4xx_hal.o
 .debug_info    0x0000000000004265      0xd98 Drivers/STM32F4xx_HAL_Driver/Src/stm32f4xx_hal_cortex.o
 .debug_info    0x0000000000004ffd      0x7dd Drivers/STM32F4xx_HAL_Driver/Src/stm32f4xx_hal_gpio.o
 .debug_info    0x00000000000057da      0xe39 Drivers/STM32F4xx_HAL_Driver/Src/stm32f4xx_hal_hcd.o
 .debug_info    0x0000000000006613     0x23ba Drivers/STM32F4xx_HAL_Driver/Src/stm32f4xx_hal_i2c.o
 .debug_info    0x00000000000089cd      0xdd7 Drivers/STM32F4xx_HAL_Driver/Src/stm32f4xx_hal_i2s.o
 .debug_info    0x00000000000097a4      0xb6e Drivers/STM32F4xx_HAL_Driver/Src/stm32f4xx_hal_i2s_ex.o
 .debug_info    0x000000000000a312      0x92e Drivers/STM32F4xx_HAL_Driver/Src/stm32f4xx_hal_rcc.o
 .debug_info    0x000000000000ac40      0x618 Drivers/STM32F4xx_HAL_Driver/Src/stm32f4xx_hal_rcc_ex.o
 .debug_info    0x000000000000b258     0x1632 Drivers/STM32F4xx_HAL_Driver/Src/stm32f4xx_hal_spi.o
 .debug_info    0x000000000000c88a     0x18dd Drivers/STM32F4xx_HAL_Driver/Src/stm32f4xx_ll_usb.o
 .debug_info    0x000000000000e167     0x1a8b Middlewares/ST/STM32_USB_Host_Library/Class/CDC/Src/usbh_cdc.o
 .debug_info    0x000000000000fbf2     0x165b Middlewares/ST/STM32_USB_Host_Library/Core/Src/usbh_core.o
 .debug_info    0x000000000001124d     0x172a Middlewares/ST/STM32_USB_Host_Library/Core/Src/usbh_ctlreq.o
 .debug_info    0x0000000000012977     0x1497 Middlewares/ST/STM32_USB_Host_Library/Core/Src/usbh_ioreq.o
 .debug_info    0x0000000000013e0e     0x12d9 Middlewares/ST/STM32_USB_Host_Library/Core/Src/usbh_pipes.o
 .debug_info    0x00000000000150e7     0x122d USB_HOST/App/usb_host.o
 .debug_info    0x0000000000016314     0x2152 USB_HOST/Target/usbh_conf.o
 .debug_info    0x0000000000018466      0x27a USB_HOST/Target/usbh_platform.o

.debug_abbrev   0x0000000000000000     0x363c
 .debug_abbrev  0x0000000000000000      0x267 Core/Src/main.o
 .debug_abbrev  0x0000000000000267      0x1c4 Core/Src/stm32f4xx_hal_msp.o
 .debug_abbrev  0x000000000000042b      0x164 Core/Src/stm32f4xx_it.o
 .debug_abbrev  0x000000000000058f      0x1bb Core/Src/sysmem.o
 .debug_abbrev  0x000000000000074a      0x12b Core/Src/system_stm32f4xx.o
 .debug_abbrev  0x0000000000000875       0x12 Core/Startup/startup_stm32f411vetx.o
 .debug_abbrev  0x0000000000000887      0x1f2 Drivers/STM32F4xx_HAL_Driver/Src/stm32f4xx_hal.o
 .debug_abbrev  0x0000000000000a79      0x2fa Drivers/STM32F4xx_HAL_Driver/Src/stm32f4xx_hal_cortex.o
 .debug_abbrev  0x0000000000000d73      0x1c9 Drivers/STM32F4xx_HAL_Driver/Src/stm32f4xx_hal_gpio.o
 .debug_abbrev  0x0000000000000f3c      0x255 Drivers/STM32F4xx_HAL_Driver/Src/stm32f4xx_hal_hcd.o
 .debug_abbrev  0x0000000000001191      0x263 Drivers/STM32F4xx_HAL_Driver/Src/stm32f4xx_hal_i2c.o
 .debug_abbrev  0x00000000000013f4      0x22a Drivers/STM32F4xx_HAL_Driver/Src/stm32f4xx_hal_i2s.o
 .debug_abbrev  0x000000000000161e      0x255 Drivers/STM32F4xx_HAL_Driver/Src/stm32f4xx_hal_i2s_ex.o
 .debug_abbrev  0x0000000000001873      0x245 Drivers/STM32F4xx_HAL_Driver/Src/stm32f4xx_hal_rcc.o
 .debug_abbrev  0x0000000000001ab8      0x173 Drivers/STM32F4xx_HAL_Driver/Src/stm32f4xx_hal_rcc_ex.o
 .debug_abbrev  0x0000000000001c2b      0x240 Drivers/STM32F4xx_HAL_Driver/Src/stm32f4xx_hal_spi.o
 .debug_abbrev  0x0000000000001e6b      0x26d Drivers/STM32F4xx_HAL_Driver/Src/stm32f4xx_ll_usb.o
 .debug_abbrev  0x00000000000020d8      0x308 Middlewares/ST/STM32_USB_Host_Library/Class/CDC/Src/usbh_cdc.o
 .debug_abbrev  0x00000000000023e0      0x362 Middlewares/ST/STM32_USB_Host_Library/Core/Src/usbh_core.o
 .debug_abbrev  0x0000000000002742      0x31b Middlewares/ST/STM32_USB_Host_Library/Core/Src/usbh_ctlreq.o
 .debug_abbrev  0x0000000000002a5d      0x279 Middlewares/ST/STM32_USB_Host_Library/Core/Src/usbh_ioreq.o
 .debug_abbrev  0x0000000000002cd6      0x2b1 Middlewares/ST/STM32_USB_Host_Library/Core/Src/usbh_pipes.o
 .debug_abbrev  0x0000000000002f87      0x268 USB_HOST/App/usb_host.o
 .debug_abbrev  0x00000000000031ef      0x349 USB_HOST/Target/usbh_conf.o
 .debug_abbrev  0x0000000000003538      0x104 USB_HOST/Target/usbh_platform.o

.debug_aranges  0x0000000000000000     0x1128
 .debug_aranges
                0x0000000000000000       0x70 Core/Src/main.o
 .debug_aranges
                0x0000000000000070       0x50 Core/Src/stm32f4xx_hal_msp.o
 .debug_aranges
                0x00000000000000c0       0x70 Core/Src/stm32f4xx_it.o
 .debug_aranges
                0x0000000000000130       0x20 Core/Src/sysmem.o
 .debug_aranges
                0x0000000000000150       0x28 Core/Src/system_stm32f4xx.o
 .debug_aranges
                0x0000000000000178       0x28 Core/Startup/startup_stm32f411vetx.o
 .debug_aranges
                0x00000000000001a0       0xf0 Drivers/STM32F4xx_HAL_Driver/Src/stm32f4xx_hal.o
 .debug_aranges
                0x0000000000000290      0x118 Drivers/STM32F4xx_HAL_Driver/Src/stm32f4xx_hal_cortex.o
 .debug_aranges
                0x00000000000003a8       0x58 Drivers/STM32F4xx_HAL_Driver/Src/stm32f4xx_hal_gpio.o
 .debug_aranges
                0x0000000000000400       0xf0 Drivers/STM32F4xx_HAL_Driver/Src/stm32f4xx_hal_hcd.o
 .debug_aranges
                0x00000000000004f0      0x298 Drivers/STM32F4xx_HAL_Driver/Src/stm32f4xx_hal_i2c.o
 .debug_aranges
                0x0000000000000788      0x108 Drivers/STM32F4xx_HAL_Driver/Src/stm32f4xx_hal_i2s.o
 .debug_aranges
                0x0000000000000890       0x88 Drivers/STM32F4xx_HAL_Driver/Src/stm32f4xx_hal_i2s_ex.o
 .debug_aranges
                0x0000000000000918       0x88 Drivers/STM32F4xx_HAL_Driver/Src/stm32f4xx_hal_rcc.o
 .debug_aranges
                0x00000000000009a0       0x50 Drivers/STM32F4xx_HAL_Driver/Src/stm32f4xx_hal_rcc_ex.o
 .debug_aranges
                0x00000000000009f0      0x1d0 Drivers/STM32F4xx_HAL_Driver/Src/stm32f4xx_hal_spi.o
 .debug_aranges
                0x0000000000000bc0      0x198 Drivers/STM32F4xx_HAL_Driver/Src/stm32f4xx_ll_usb.o
 .debug_aranges
                0x0000000000000d58       0xa8 Middlewares/ST/STM32_USB_Host_Library/Class/CDC/Src/usbh_cdc.o
 .debug_aranges
                0x0000000000000e00       0xc0 Middlewares/ST/STM32_USB_Host_Library/Core/Src/usbh_core.o
 .debug_aranges
                0x0000000000000ec0       0xa0 Middlewares/ST/STM32_USB_Host_Library/Core/Src/usbh_ctlreq.o
 .debug_aranges
                0x0000000000000f60       0x60 Middlewares/ST/STM32_USB_Host_Library/Core/Src/usbh_ioreq.o
 .debug_aranges
                0x0000000000000fc0       0x40 Middlewares/ST/STM32_USB_Host_Library/Core/Src/usbh_pipes.o
 .debug_aranges
                0x0000000000001000       0x30 USB_HOST/App/usb_host.o
 .debug_aranges
                0x0000000000001030       0xd8 USB_HOST/Target/usbh_conf.o
 .debug_aranges
                0x0000000000001108       0x20 USB_HOST/Target/usbh_platform.o

.debug_ranges   0x0000000000000000      0xfc0
 .debug_ranges  0x0000000000000000       0x60 Core/Src/main.o
 .debug_ranges  0x0000000000000060       0x40 Core/Src/stm32f4xx_hal_msp.o
 .debug_ranges  0x00000000000000a0       0x60 Core/Src/stm32f4xx_it.o
 .debug_ranges  0x0000000000000100       0x10 Core/Src/sysmem.o
 .debug_ranges  0x0000000000000110       0x18 Core/Src/system_stm32f4xx.o
 .debug_ranges  0x0000000000000128       0x20 Core/Startup/startup_stm32f411vetx.o
 .debug_ranges  0x0000000000000148       0xe0 Drivers/STM32F4xx_HAL_Driver/Src/stm32f4xx_hal.o
 .debug_ranges  0x0000000000000228      0x108 Drivers/STM32F4xx_HAL_Driver/Src/stm32f4xx_hal_cortex.o
 .debug_ranges  0x0000000000000330       0x48 Drivers/STM32F4xx_HAL_Driver/Src/stm32f4xx_hal_gpio.o
 .debug_ranges  0x0000000000000378       0xe0 Drivers/STM32F4xx_HAL_Driver/Src/stm32f4xx_hal_hcd.o
 .debug_ranges  0x0000000000000458      0x2a8 Drivers/STM32F4xx_HAL_Driver/Src/stm32f4xx_hal_i2c.o
 .debug_ranges  0x0000000000000700       0xf8 Drivers/STM32F4xx_HAL_Driver/Src/stm32f4xx_hal_i2s.o
 .debug_ranges  0x00000000000007f8       0x78 Drivers/STM32F4xx_HAL_Driver/Src/stm32f4xx_hal_i2s_ex.o
 .debug_ranges  0x0000000000000870       0x78 Drivers/STM32F4xx_HAL_Driver/Src/stm32f4xx_hal_rcc.o
 .debug_ranges  0x00000000000008e8       0x40 Drivers/STM32F4xx_HAL_Driver/Src/stm32f4xx_hal_rcc_ex.o
 .debug_ranges  0x0000000000000928      0x1c0 Drivers/STM32F4xx_HAL_Driver/Src/stm32f4xx_hal_spi.o
 .debug_ranges  0x0000000000000ae8      0x188 Drivers/STM32F4xx_HAL_Driver/Src/stm32f4xx_ll_usb.o
 .debug_ranges  0x0000000000000c70       0x98 Middlewares/ST/STM32_USB_Host_Library/Class/CDC/Src/usbh_cdc.o
 .debug_ranges  0x0000000000000d08       0xb0 Middlewares/ST/STM32_USB_Host_Library/Core/Src/usbh_core.o
 .debug_ranges  0x0000000000000db8       0x90 Middlewares/ST/STM32_USB_Host_Library/Core/Src/usbh_ctlreq.o
 .debug_ranges  0x0000000000000e48       0x50 Middlewares/ST/STM32_USB_Host_Library/Core/Src/usbh_ioreq.o
 .debug_ranges  0x0000000000000e98       0x30 Middlewares/ST/STM32_USB_Host_Library/Core/Src/usbh_pipes.o
 .debug_ranges  0x0000000000000ec8       0x20 USB_HOST/App/usb_host.o
 .debug_ranges  0x0000000000000ee8       0xc8 USB_HOST/Target/usbh_conf.o
 .debug_ranges  0x0000000000000fb0       0x10 USB_HOST/Target/usbh_platform.o

.debug_macro    0x0000000000000000    0x18e98
 .debug_macro   0x0000000000000000      0x21e Core/Src/main.o
 .debug_macro   0x000000000000021e      0xa5a Core/Src/main.o
 .debug_macro   0x0000000000000c78      0x196 Core/Src/main.o
 .debug_macro   0x0000000000000e0e       0x32 Core/Src/main.o
 .debug_macro   0x0000000000000e40       0x28 Core/Src/main.o
 .debug_macro   0x0000000000000e68       0x22 Core/Src/main.o
 .debug_macro   0x0000000000000e8a       0x8e Core/Src/main.o
 .debug_macro   0x0000000000000f18       0x51 Core/Src/main.o
 .debug_macro   0x0000000000000f69       0xef Core/Src/main.o
 .debug_macro   0x0000000000001058       0x6a Core/Src/main.o
 .debug_macro   0x00000000000010c2      0x1df Core/Src/main.o
 .debug_macro   0x00000000000012a1       0x1c Core/Src/main.o
 .debug_macro   0x00000000000012bd       0x22 Core/Src/main.o
 .debug_macro   0x00000000000012df       0xdf Core/Src/main.o
 .debug_macro   0x00000000000013be     0x102d Core/Src/main.o
 .debug_macro   0x00000000000023eb      0x11f Core/Src/main.o
 .debug_macro   0x000000000000250a     0xb937 Core/Src/main.o
 .debug_macro   0x000000000000de41       0x43 Core/Src/main.o
 .debug_macro   0x000000000000de84     0x3652 Core/Src/main.o
 .debug_macro   0x00000000000114d6      0x174 Core/Src/main.o
 .debug_macro   0x000000000001164a       0x5a Core/Src/main.o
 .debug_macro   0x00000000000116a4      0x447 Core/Src/main.o
 .debug_macro   0x0000000000011aeb      0x9fe Core/Src/main.o
 .debug_macro   0x00000000000124e9      0x15f Core/Src/main.o
 .debug_macro   0x0000000000012648      0x117 Core/Src/main.o
 .debug_macro   0x000000000001275f      0x11b Core/Src/main.o
 .debug_macro   0x000000000001287a       0x27 Core/Src/main.o
 .debug_macro   0x00000000000128a1      0x287 Core/Src/main.o
 .debug_macro   0x0000000000012b28       0x5f Core/Src/main.o
 .debug_macro   0x0000000000012b87      0x236 Core/Src/main.o
 .debug_macro   0x0000000000012dbd      0x132 Core/Src/main.o
 .debug_macro   0x0000000000012eef      0x264 Core/Src/main.o
 .debug_macro   0x0000000000013153       0x2e Core/Src/main.o
 .debug_macro   0x0000000000013181      0x1b5 Core/Src/main.o
 .debug_macro   0x0000000000013336       0x22 Core/Src/main.o
 .debug_macro   0x0000000000013358       0xd6 Core/Src/main.o
 .debug_macro   0x000000000001342e      0x199 Core/Src/main.o
 .debug_macro   0x00000000000135c7       0x40 Core/Src/main.o
 .debug_macro   0x0000000000013607       0x4a Core/Src/main.o
 .debug_macro   0x0000000000013651      0x11a Core/Src/main.o
 .debug_macro   0x000000000001376b       0x85 Core/Src/main.o
 .debug_macro   0x00000000000137f0       0x89 Core/Src/main.o
 .debug_macro   0x0000000000013879      0x225 Core/Src/main.o
 .debug_macro   0x0000000000013a9e      0x225 Core/Src/main.o
 .debug_macro   0x0000000000013cc3       0x68 Core/Src/main.o
 .debug_macro   0x0000000000013d2b      0x126 Core/Src/main.o
 .debug_macro   0x0000000000013e51      0x1b2 Core/Src/main.o
 .debug_macro   0x0000000000014003      0x214 Core/Src/stm32f4xx_hal_msp.o
 .debug_macro   0x0000000000014217      0x21e Core/Src/stm32f4xx_it.o
 .debug_macro   0x0000000000014435      0x1ae Core/Src/sysmem.o
 .debug_macro   0x00000000000145e3      0x23b Core/Src/sysmem.o
 .debug_macro   0x000000000001481e       0x16 Core/Src/sysmem.o
 .debug_macro   0x0000000000014834      0x20b Core/Src/system_stm32f4xx.o
 .debug_macro   0x0000000000014a3f      0x265 Drivers/STM32F4xx_HAL_Driver/Src/stm32f4xx_hal.o
 .debug_macro   0x0000000000014ca4      0x205 Drivers/STM32F4xx_HAL_Driver/Src/stm32f4xx_hal_cortex.o
 .debug_macro   0x0000000000014ea9      0x23b Drivers/STM32F4xx_HAL_Driver/Src/stm32f4xx_hal_gpio.o
 .debug_macro   0x00000000000150e4      0x205 Drivers/STM32F4xx_HAL_Driver/Src/stm32f4xx_hal_hcd.o
 .debug_macro   0x00000000000152e9      0x245 Drivers/STM32F4xx_HAL_Driver/Src/stm32f4xx_hal_i2c.o
 .debug_macro   0x000000000001552e      0x206 Drivers/STM32F4xx_HAL_Driver/Src/stm32f4xx_hal_i2s.o
 .debug_macro   0x0000000000015734      0x205 Drivers/STM32F4xx_HAL_Driver/Src/stm32f4xx_hal_i2s_ex.o
 .debug_macro   0x0000000000015939      0x229 Drivers/STM32F4xx_HAL_Driver/Src/stm32f4xx_hal_rcc.o
 .debug_macro   0x0000000000015b62      0x205 Drivers/STM32F4xx_HAL_Driver/Src/stm32f4xx_hal_rcc_ex.o
 .debug_macro   0x0000000000015d67      0x214 Drivers/STM32F4xx_HAL_Driver/Src/stm32f4xx_hal_spi.o
 .debug_macro   0x0000000000015f7b      0x205 Drivers/STM32F4xx_HAL_Driver/Src/stm32f4xx_ll_usb.o
 .debug_macro   0x0000000000016180      0x42a Middlewares/ST/STM32_USB_Host_Library/Class/CDC/Src/usbh_cdc.o
 .debug_macro   0x00000000000165aa       0x97 Middlewares/ST/STM32_USB_Host_Library/Class/CDC/Src/usbh_cdc.o
 .debug_macro   0x0000000000016641       0xfd Middlewares/ST/STM32_USB_Host_Library/Class/CDC/Src/usbh_cdc.o
 .debug_macro   0x000000000001673e       0x16 Middlewares/ST/STM32_USB_Host_Library/Class/CDC/Src/usbh_cdc.o
 .debug_macro   0x0000000000016754       0x20 Middlewares/ST/STM32_USB_Host_Library/Class/CDC/Src/usbh_cdc.o
 .debug_macro   0x0000000000016774       0xd9 Middlewares/ST/STM32_USB_Host_Library/Class/CDC/Src/usbh_cdc.o
 .debug_macro   0x000000000001684d       0x54 Middlewares/ST/STM32_USB_Host_Library/Class/CDC/Src/usbh_cdc.o
 .debug_macro   0x00000000000168a1       0x73 Middlewares/ST/STM32_USB_Host_Library/Class/CDC/Src/usbh_cdc.o
 .debug_macro   0x0000000000016914      0x210 Middlewares/ST/STM32_USB_Host_Library/Class/CDC/Src/usbh_cdc.o
 .debug_macro   0x0000000000016b24       0x2e Middlewares/ST/STM32_USB_Host_Library/Class/CDC/Src/usbh_cdc.o
 .debug_macro   0x0000000000016b52       0x2e Middlewares/ST/STM32_USB_Host_Library/Class/CDC/Src/usbh_cdc.o
 .debug_macro   0x0000000000016b80       0x28 Middlewares/ST/STM32_USB_Host_Library/Class/CDC/Src/usbh_cdc.o
 .debug_macro   0x0000000000016ba8      0x15c Middlewares/ST/STM32_USB_Host_Library/Class/CDC/Src/usbh_cdc.o
 .debug_macro   0x0000000000016d04      0x427 Middlewares/ST/STM32_USB_Host_Library/Core/Src/usbh_core.o
 .debug_macro   0x000000000001712b      0x41f Middlewares/ST/STM32_USB_Host_Library/Core/Src/usbh_ctlreq.o
 .debug_macro   0x000000000001754a       0x28 Middlewares/ST/STM32_USB_Host_Library/Core/Src/usbh_ctlreq.o
 .debug_macro   0x0000000000017572      0x419 Middlewares/ST/STM32_USB_Host_Library/Core/Src/usbh_ioreq.o
 .debug_macro   0x000000000001798b      0x419 Middlewares/ST/STM32_USB_Host_Library/Core/Src/usbh_pipes.o
 .debug_macro   0x0000000000017da4      0x428 USB_HOST/App/usb_host.o
 .debug_macro   0x00000000000181cc       0x46 USB_HOST/App/usb_host.o
 .debug_macro   0x0000000000018212      0x32a USB_HOST/App/usb_host.o
 .debug_macro   0x000000000001853c      0x1b8 USB_HOST/App/usb_host.o
 .debug_macro   0x00000000000186f4      0x162 USB_HOST/App/usb_host.o
 .debug_macro   0x0000000000018856      0x429 USB_HOST/Target/usbh_conf.o
 .debug_macro   0x0000000000018c7f      0x219 USB_HOST/Target/usbh_platform.o

.debug_line     0x0000000000000000    0x10bc2
 .debug_line    0x0000000000000000      0x953 Core/Src/main.o
 .debug_line    0x0000000000000953      0x7b1 Core/Src/stm32f4xx_hal_msp.o
 .debug_line    0x0000000000001104      0x7c2 Core/Src/stm32f4xx_it.o
 .debug_line    0x00000000000018c6      0x531 Core/Src/sysmem.o
 .debug_line    0x0000000000001df7      0x715 Core/Src/system_stm32f4xx.o
 .debug_line    0x000000000000250c       0x86 Core/Startup/startup_stm32f411vetx.o
 .debug_line    0x0000000000002592      0x8ff Drivers/STM32F4xx_HAL_Driver/Src/stm32f4xx_hal.o
 .debug_line    0x0000000000002e91      0xa23 Drivers/STM32F4xx_HAL_Driver/Src/stm32f4xx_hal_cortex.o
 .debug_line    0x00000000000038b4      0x8a2 Drivers/STM32F4xx_HAL_Driver/Src/stm32f4xx_hal_gpio.o
 .debug_line    0x0000000000004156      0xb7d Drivers/STM32F4xx_HAL_Driver/Src/stm32f4xx_hal_hcd.o
 .debug_line    0x0000000000004cd3     0x1b39 Drivers/STM32F4xx_HAL_Driver/Src/stm32f4xx_hal_i2c.o
 .debug_line    0x000000000000680c      0xcb7 Drivers/STM32F4xx_HAL_Driver/Src/stm32f4xx_hal_i2s.o
 .debug_line    0x00000000000074c3      0xec9 Drivers/STM32F4xx_HAL_Driver/Src/stm32f4xx_hal_i2s_ex.o
 .debug_line    0x000000000000838c      0x957 Drivers/STM32F4xx_HAL_Driver/Src/stm32f4xx_hal_rcc.o
 .debug_line    0x0000000000008ce3      0x83c Drivers/STM32F4xx_HAL_Driver/Src/stm32f4xx_hal_rcc_ex.o
 .debug_line    0x000000000000951f     0x10b2 Drivers/STM32F4xx_HAL_Driver/Src/stm32f4xx_hal_spi.o
 .debug_line    0x000000000000a5d1      0xe21 Drivers/STM32F4xx_HAL_Driver/Src/stm32f4xx_ll_usb.o
 .debug_line    0x000000000000b3f2      0xc57 Middlewares/ST/STM32_USB_Host_Library/Class/CDC/Src/usbh_cdc.o
 .debug_line    0x000000000000c049      0xd08 Middlewares/ST/STM32_USB_Host_Library/Core/Src/usbh_core.o
 .debug_line    0x000000000000cd51      0xc7c Middlewares/ST/STM32_USB_Host_Library/Core/Src/usbh_ctlreq.o
 .debug_line    0x000000000000d9cd      0xa83 Middlewares/ST/STM32_USB_Host_Library/Core/Src/usbh_ioreq.o
 .debug_line    0x000000000000e450      0xa3b Middlewares/ST/STM32_USB_Host_Library/Core/Src/usbh_pipes.o
 .debug_line    0x000000000000ee8b      0xa3c USB_HOST/App/usb_host.o
 .debug_line    0x000000000000f8c7      0xbd5 USB_HOST/Target/usbh_conf.o
 .debug_line    0x000000000001049c      0x726 USB_HOST/Target/usbh_platform.o

.debug_str      0x0000000000000000    0x8da7a
 .debug_str     0x0000000000000000    0x83439 Core/Src/main.o
                                      0x837ba (size before relaxing)
 .debug_str     0x0000000000083439       0xa1 Core/Src/stm32f4xx_hal_msp.o
                                      0x831af (size before relaxing)
 .debug_str     0x00000000000834da      0x44e Core/Src/stm32f4xx_it.o
                                      0x82c75 (size before relaxing)
 .debug_str     0x0000000000083928     0x4529 Core/Src/sysmem.o
                                       0x7af0 (size before relaxing)
 .debug_str     0x0000000000087e51       0xc4 Core/Src/system_stm32f4xx.o
                                      0x8225f (size before relaxing)
 .debug_str     0x0000000000087f15       0x36 Core/Startup/startup_stm32f411vetx.o
                                         0x72 (size before relaxing)
 .debug_str     0x0000000000087f4b      0x58d Drivers/STM32F4xx_HAL_Driver/Src/stm32f4xx_hal.o
                                      0x82bd4 (size before relaxing)
 .debug_str     0x00000000000884d8      0x392 Drivers/STM32F4xx_HAL_Driver/Src/stm32f4xx_hal_cortex.o
                                      0x829b1 (size before relaxing)
 .debug_str     0x000000000008886a      0x1ec Drivers/STM32F4xx_HAL_Driver/Src/stm32f4xx_hal_gpio.o
                                      0x8249e (size before relaxing)
 .debug_str     0x0000000000088a56      0x3b8 Drivers/STM32F4xx_HAL_Driver/Src/stm32f4xx_hal_hcd.o
                                      0x828a7 (size before relaxing)
 .debug_str     0x0000000000088e0e      0xa6e Drivers/STM32F4xx_HAL_Driver/Src/stm32f4xx_hal_i2c.o
                                      0x8319b (size before relaxing)
 .debug_str     0x000000000008987c      0x266 Drivers/STM32F4xx_HAL_Driver/Src/stm32f4xx_hal_i2s.o
                                      0x827eb (size before relaxing)
 .debug_str     0x0000000000089ae2      0x1f1 Drivers/STM32F4xx_HAL_Driver/Src/stm32f4xx_hal_i2s_ex.o
                                      0x8273f (size before relaxing)
 .debug_str     0x0000000000089cd3      0x24e Drivers/STM32F4xx_HAL_Driver/Src/stm32f4xx_hal_rcc.o
                                      0x8264c (size before relaxing)
 .debug_str     0x0000000000089f21      0x12b Drivers/STM32F4xx_HAL_Driver/Src/stm32f4xx_hal_rcc_ex.o
                                      0x823ca (size before relaxing)
 .debug_str     0x000000000008a04c      0x520 Drivers/STM32F4xx_HAL_Driver/Src/stm32f4xx_hal_spi.o
                                      0x82abb (size before relaxing)
 .debug_str     0x000000000008a56c      0x626 Drivers/STM32F4xx_HAL_Driver/Src/stm32f4xx_ll_usb.o
                                      0x82b21 (size before relaxing)
 .debug_str     0x000000000008ab92     0x2655 Middlewares/ST/STM32_USB_Host_Library/Class/CDC/Src/usbh_cdc.o
                                      0x88fbb (size before relaxing)
 .debug_str     0x000000000008d1e7      0x25c Middlewares/ST/STM32_USB_Host_Library/Core/Src/usbh_core.o
                                      0x884b7 (size before relaxing)
 .debug_str     0x000000000008d443      0x222 Middlewares/ST/STM32_USB_Host_Library/Core/Src/usbh_ctlreq.o
                                      0x884e5 (size before relaxing)
 .debug_str     0x000000000008d665       0xfe Middlewares/ST/STM32_USB_Host_Library/Core/Src/usbh_ioreq.o
                                      0x88360 (size before relaxing)
 .debug_str     0x000000000008d763       0x97 Middlewares/ST/STM32_USB_Host_Library/Core/Src/usbh_pipes.o
                                      0x882e5 (size before relaxing)
 .debug_str     0x000000000008d7fa       0xc7 USB_HOST/App/usb_host.o
                                      0x889d2 (size before relaxing)
 .debug_str     0x000000000008d8c1      0x186 USB_HOST/Target/usbh_conf.o
                                      0x88ed0 (size before relaxing)
 .debug_str     0x000000000008da47       0x33 USB_HOST/Target/usbh_platform.o
                                      0x82161 (size before relaxing)

.comment        0x0000000000000000       0x7b
 .comment       0x0000000000000000       0x7b Core/Src/main.o
                                         0x7c (size before relaxing)
 .comment       0x000000000000007b       0x7c Core/Src/stm32f4xx_hal_msp.o
 .comment       0x000000000000007b       0x7c Core/Src/stm32f4xx_it.o
 .comment       0x000000000000007b       0x7c Core/Src/sysmem.o
 .comment       0x000000000000007b       0x7c Core/Src/system_stm32f4xx.o
 .comment       0x000000000000007b       0x7c Drivers/STM32F4xx_HAL_Driver/Src/stm32f4xx_hal.o
 .comment       0x000000000000007b       0x7c Drivers/STM32F4xx_HAL_Driver/Src/stm32f4xx_hal_cortex.o
 .comment       0x000000000000007b       0x7c Drivers/STM32F4xx_HAL_Driver/Src/stm32f4xx_hal_gpio.o
 .comment       0x000000000000007b       0x7c Drivers/STM32F4xx_HAL_Driver/Src/stm32f4xx_hal_hcd.o
 .comment       0x000000000000007b       0x7c Drivers/STM32F4xx_HAL_Driver/Src/stm32f4xx_hal_i2c.o
 .comment       0x000000000000007b       0x7c Drivers/STM32F4xx_HAL_Driver/Src/stm32f4xx_hal_i2s.o
 .comment       0x000000000000007b       0x7c Drivers/STM32F4xx_HAL_Driver/Src/stm32f4xx_hal_i2s_ex.o
 .comment       0x000000000000007b       0x7c Drivers/STM32F4xx_HAL_Driver/Src/stm32f4xx_hal_rcc.o
 .comment       0x000000000000007b       0x7c Drivers/STM32F4xx_HAL_Driver/Src/stm32f4xx_hal_rcc_ex.o
 .comment       0x000000000000007b       0x7c Drivers/STM32F4xx_HAL_Driver/Src/stm32f4xx_hal_spi.o
 .comment       0x000000000000007b       0x7c Drivers/STM32F4xx_HAL_Driver/Src/stm32f4xx_ll_usb.o
 .comment       0x000000000000007b       0x7c Middlewares/ST/STM32_USB_Host_Library/Class/CDC/Src/usbh_cdc.o
 .comment       0x000000000000007b       0x7c Middlewares/ST/STM32_USB_Host_Library/Core/Src/usbh_core.o
 .comment       0x000000000000007b       0x7c Middlewares/ST/STM32_USB_Host_Library/Core/Src/usbh_ctlreq.o
 .comment       0x000000000000007b       0x7c Middlewares/ST/STM32_USB_Host_Library/Core/Src/usbh_ioreq.o
 .comment       0x000000000000007b       0x7c Middlewares/ST/STM32_USB_Host_Library/Core/Src/usbh_pipes.o
 .comment       0x000000000000007b       0x7c USB_HOST/App/usb_host.o
 .comment       0x000000000000007b       0x7c USB_HOST/Target/usbh_conf.o
 .comment       0x000000000000007b       0x7c USB_HOST/Target/usbh_platform.o

.debug_frame    0x0000000000000000     0x4848
 .debug_frame   0x0000000000000000      0x170 Core/Src/main.o
 .debug_frame   0x0000000000000170      0x110 Core/Src/stm32f4xx_hal_msp.o
 .debug_frame   0x0000000000000280      0x144 Core/Src/stm32f4xx_it.o
 .debug_frame   0x00000000000003c4       0x34 Core/Src/sysmem.o
 .debug_frame   0x00000000000003f8       0x58 Core/Src/system_stm32f4xx.o
 .debug_frame   0x0000000000000450      0x374 Drivers/STM32F4xx_HAL_Driver/Src/stm32f4xx_hal.o
 .debug_frame   0x00000000000007c4      0x498 Drivers/STM32F4xx_HAL_Driver/Src/stm32f4xx_hal_cortex.o
 .debug_frame   0x0000000000000c5c      0x14c Drivers/STM32F4xx_HAL_Driver/Src/stm32f4xx_hal_gpio.o
 .debug_frame   0x0000000000000da8      0x428 Drivers/STM32F4xx_HAL_Driver/Src/stm32f4xx_hal_hcd.o
 .debug_frame   0x00000000000011d0      0xc38 Drivers/STM32F4xx_HAL_Driver/Src/stm32f4xx_hal_i2c.o
 .debug_frame   0x0000000000001e08      0x480 Drivers/STM32F4xx_HAL_Driver/Src/stm32f4xx_hal_i2s.o